

<?xml version="1.0" ?>

<verbosegc xmlns="http://www.ibm.com/j9/verbosegc" version="113e54219_CMPRSS">

<initialized id="1" timestamp="2020-10-28T04:49:21.177">
  <attribute name="gcPolicy" value="-Xgcpolicy:gencon" />
  <attribute name="maxHeapSize" value="0x20000000" />
  <attribute name="initialHeapSize" value="0x800000" />
  <attribute name="compressedRefs" value="true" />
  <attribute name="compressedRefsDisplacement" value="0x0" />
  <attribute name="compressedRefsShift" value="0x0" />
  <attribute name="pageSize" value="0x1000" />
  <attribute name="pageType" value="not used" />
  <attribute name="requestedPageSize" value="0x1000" />
  <attribute name="requestedPageType" value="not used" />
  <attribute name="gcthreads" value="3" />
  <attribute name="gcthreads Concurrent Mark" value="1" />
  <attribute name="packetListSplit" value="1" />
  <attribute name="cacheListSplit" value="1" />
  <attribute name="splitFreeListSplitAmount" value="1" />
  <attribute name="numaNodes" value="0" />
  <system>
    <attribute name="physicalMemory" value="536870912" />
    <attribute name="numCPUs" value="6" />
    <attribute name="architecture" value="amd64" />
    <attribute name="os" value="Linux" />
    <attribute name="osVersion" value="4.18.0-193.23.1.el8_2.x86_64" />
  </system>
  <vmargs>
    <vmarg name="-Xoptionsfile=/opt/java/openjdk/lib/amd64/compressedrefs/options.default" />
    <vmarg name="-Xlockword:mode=default,noLockword=java/lang/String,noLockword=java/util/MapEntry,noLockword=java/util/HashMap$Entry,noLockword..." />
    <vmarg name="-Xjcl:jclse29" />
    <vmarg name="-Dcom.ibm.oti.vm.bootstrap.library.path=/opt/java/openjdk/lib/amd64/compressedrefs:/opt/java/openjdk/lib/amd64" />
    <vmarg name="-Dsun.boot.library.path=/opt/java/openjdk/lib/amd64/compressedrefs:/opt/java/openjdk/lib/amd64" />
    <vmarg name="-Djava.library.path=/opt/java/openjdk/lib/amd64/compressedrefs:/opt/java/openjdk/lib/amd64:/usr/lib64:/usr/lib" />
    <vmarg name="-Djava.home=/opt/java/openjdk" />
    <vmarg name="-Djava.ext.dirs=/opt/java/openjdk/lib/ext" />
    <vmarg name="-Duser.dir=/opt/ol/wlp/output/defaultServer" />
    <vmarg name="-XX:+IgnoreUnrecognizedVMOptions" />
    <vmarg name="-XX:+UseContainerSupport" />
    <vmarg name="-XX:+IdleTuningCompactOnIdle" />
    <vmarg name="-XX:+IdleTuningGcOnIdle" />
    <vmarg name="-Xshareclasses:name=liberty,nonfatal,cacheDir=/output/.classCache/" />
    <vmarg name="-Xshareclasses:name=liberty,nonfatal,cacheDir=/output/.classCache/" />
    <vmarg name="-Djava.class.path=." />
    <vmarg name="-javaagent:/opt/ol/wlp/bin/tools/ws-javaagent.jar" />
    <vmarg name="-Djava.awt.headless=true" />
    <vmarg name="-Djdk.attach.allowAttachSelf=true" />
    <vmarg name="-Xmx512m" />
    <vmarg name="-verbose:gc" />
    <vmarg name="-Dcom.sun.management.jmxremote" />
    <vmarg name="-Dhttp.keepalive=true" />
    <vmarg name="-Dhttp.maxConnections=100" />
    <vmarg name="-Djava.class.path=/opt/ol/wlp/bin/tools/ws-server.jar" />
    <vmarg name="-Dsun.java.command=/opt/ol/wlp/bin/tools/ws-server.jar defaultServer" />
    <vmarg name="-Dsun.java.launcher=SUN_STANDARD" />
    <vmarg name="-Dsun.java.launcher.pid=1" />
  </vmargs>
</initialized>

<exclusive-start id="2" timestamp="2020-10-28T04:49:22.549" intervalms="1372.110">
  <response-info timems="0.206" idlems="0.154" threads="1" lastid="0000000000019700" lastname="(unnamed thread)" />
</exclusive-start>
<af-start id="3" threadId="0000000000016480" totalBytesRequested="16" timestamp="2020-10-28T04:49:22.549" intervalms="1372.197" type="nursery" />
<cycle-start id="4" type="scavenge" contextid="0" timestamp="2020-10-28T04:49:22.549" intervalms="1372.244" />
<gc-start id="5" type="scavenge" contextid="4" timestamp="2020-10-28T04:49:22.549">
  <mem-info id="6" free="6135448" total="8388608" percent="73">
    <mem type="nursery" free="0" total="2097152" percent="0">
      <mem type="allocate" free="0" total="1048576" percent="0" />
      <mem type="survivor" free="0" total="1048576" percent="0" />
    </mem>
    <mem type="tenure" free="6135448" total="6291456" percent="97">
      <mem type="soa" free="5820056" total="5976064" percent="97" />
      <mem type="loa" free="315392" total="315392" percent="100" />
    </mem>
    <remembered-set count="2344" />
  </mem-info>
</gc-start>
<allocation-stats totalBytes="1203520" >
  <allocated-bytes non-tlh="172400" tlh="1031120" />
  <largest-consumer threadName="main" threadId="0000000000015B00" bytes="1203520" />
</allocation-stats>
<gc-op id="7" type="scavenge" timems="2.863" contextid="4" timestamp="2020-10-28T04:49:22.552">
  <scavenger-info tenureage="2" tenuremask="fffc" tiltratio="50" />
  <memory-copied type="nursery" objects="9113" bytes="378304" bytesdiscarded="14824" />
  <finalization candidates="16" enqueued="7" />
  <ownableSynchronizers candidates="16" cleared="0" />
  <references type="soft" candidates="385" cleared="0" enqueued="0" dynamicThreshold="32" maxThreshold="32" />
  <references type="weak" candidates="202" cleared="8" enqueued="8" />
  <references type="phantom" candidates="6" cleared="0" enqueued="0" />
</gc-op>
<gc-end id="8" type="scavenge" contextid="4" durationms="3.004" usertimems="2.711" systemtimems="0.000" timestamp="2020-10-28T04:49:22.552" activeThreads="1">
  <mem-info id="9" free="6790040" total="8388608" percent="80">
    <mem type="nursery" free="654592" total="2097152" percent="31">
      <mem type="allocate" free="654592" total="1048576" percent="62" />
      <mem type="survivor" free="0" total="1048576" percent="0" />
    </mem>
    <mem type="tenure" free="6135448" total="6291456" percent="97">
      <mem type="soa" free="5820056" total="5976064" percent="97" />
      <mem type="loa" free="315392" total="315392" percent="100" />
    </mem>
    <pending-finalizers system="7" default="0" reference="8" classloader="0" />
    <remembered-set count="2344" />
  </mem-info>
</gc-end>
<cycle-end id="10" type="scavenge" contextid="4" timestamp="2020-10-28T04:49:22.552" />
<allocation-satisfied id="11" threadId="0000000000015B00" bytesRequested="16" />
<af-end id="12" timestamp="2020-10-28T04:49:22.552" threadId="0000000000016480" success="true" from="nursery"/>
<exclusive-end id="13" timestamp="2020-10-28T04:49:22.553" durationms="3.692" />

<exclusive-start id="14" timestamp="2020-10-28T04:49:22.625" intervalms="76.404">
  <response-info timems="0.275" idlems="0.188" threads="1" lastid="0000000000019700" lastname="(unnamed thread)" />
</exclusive-start>
<af-start id="15" threadId="0000000000016480" totalBytesRequested="1368" timestamp="2020-10-28T04:49:22.626" intervalms="77.043" type="nursery" />
<cycle-start id="16" type="scavenge" contextid="0" timestamp="2020-10-28T04:49:22.626" intervalms="77.140" />
<gc-start id="17" type="scavenge" contextid="16" timestamp="2020-10-28T04:49:22.626">
  <mem-info id="18" free="6098936" total="8388608" percent="72">
    <mem type="nursery" free="0" total="2097152" percent="0">
      <mem type="allocate" free="0" total="1048576" percent="0" />
      <mem type="survivor" free="0" total="1048576" percent="0" />
    </mem>
    <mem type="tenure" free="6098936" total="6291456" percent="96">
      <mem type="soa" free="5783544" total="5976064" percent="96" />
      <mem type="loa" free="315392" total="315392" percent="100" />
    </mem>
    <pending-finalizers system="7" default="0" reference="8" classloader="0" />
    <remembered-set count="2837" />
  </mem-info>
</gc-start>
<allocation-stats totalBytes="689712" >
  <allocated-bytes non-tlh="36528" tlh="653184" />
  <largest-consumer threadName="main" threadId="0000000000015B00" bytes="689712" />
</allocation-stats>
<gc-op id="19" type="scavenge" timems="6.766" contextid="16" timestamp="2020-10-28T04:49:22.633">
  <scavenger-info tenureage="5" tenuremask="7fe0" tiltratio="50" />
  <memory-copied type="nursery" objects="13680" bytes="567416" bytesdiscarded="112792" />
  <finalization candidates="25" enqueued="10" />
  <ownableSynchronizers candidates="23" cleared="0" />
  <references type="soft" candidates="601" cleared="0" enqueued="0" dynamicThreshold="32" maxThreshold="32" />
  <references type="weak" candidates="325" cleared="0" enqueued="0" />
  <references type="phantom" candidates="6" cleared="0" enqueued="0" />
</gc-op>
<gc-end id="20" type="scavenge" contextid="16" durationms="6.993" usertimems="2.986" systemtimems="1.885" timestamp="2020-10-28T04:49:22.633" activeThreads="1">
  <mem-info id="21" free="6466280" total="8388608" percent="77">
    <mem type="nursery" free="367344" total="2097152" percent="17">
      <mem type="allocate" free="367344" total="1048576" percent="35" />
      <mem type="survivor" free="0" total="1048576" percent="0" />
    </mem>
    <mem type="tenure" free="6098936" total="6291456" percent="96">
      <mem type="soa" free="5783544" total="5976064" percent="96" />
      <mem type="loa" free="315392" total="315392" percent="100" />
    </mem>
    <pending-finalizers system="17" default="0" reference="8" classloader="0" />
    <remembered-set count="2837" />
  </mem-info>
</gc-end>
<cycle-end id="22" type="scavenge" contextid="16" timestamp="2020-10-28T04:49:22.633" />
<allocation-satisfied id="23" threadId="0000000000015B00" bytesRequested="1368" />
<af-end id="24" timestamp="2020-10-28T04:49:22.633" threadId="0000000000016480" success="true" from="nursery"/>
<exclusive-end id="25" timestamp="2020-10-28T04:49:22.633" durationms="8.224" />

<exclusive-start id="26" timestamp="2020-10-28T04:49:22.690" intervalms="64.421">
  <response-info timems="0.130" idlems="0.130" threads="0" lastid="0000000000015B00" lastname="main" />
</exclusive-start>
<af-start id="27" threadId="0000000000016480" totalBytesRequested="808" timestamp="2020-10-28T04:49:22.690" intervalms="63.861" type="nursery" />
<cycle-start id="28" type="scavenge" contextid="0" timestamp="2020-10-28T04:49:22.690" intervalms="63.792" />
<gc-start id="29" type="scavenge" contextid="28" timestamp="2020-10-28T04:49:22.690">
  <mem-info id="30" free="6032896" total="8388608" percent="71">
    <mem type="nursery" free="0" total="2097152" percent="0">
      <mem type="allocate" free="0" total="1048576" percent="0" />
      <mem type="survivor" free="0" total="1048576" percent="0" />
    </mem>
    <mem type="tenure" free="6032896" total="6291456" percent="95">
      <mem type="soa" free="5717504" total="5976064" percent="95" />
      <mem type="loa" free="315392" total="315392" percent="100" />
    </mem>
    <pending-finalizers system="17" default="0" reference="8" classloader="0" />
    <remembered-set count="3673" />
  </mem-info>
</gc-start>
<allocation-stats totalBytes="432808" >
  <allocated-bytes non-tlh="67408" tlh="365400" />
  <largest-consumer threadName="main" threadId="0000000000015B00" bytes="428632" />
</allocation-stats>
<gc-op id="31" type="scavenge" timems="5.165" contextid="28" timestamp="2020-10-28T04:49:22.695">
  <scavenger-info tenureage="4" tenuremask="7ff0" tiltratio="50" />
  <memory-copied type="nursery" objects="17339" bytes="697512" bytesdiscarded="105416" />
  <finalization candidates="33" enqueued="0" />
  <ownableSynchronizers candidates="31" cleared="0" />
  <references type="soft" candidates="700" cleared="0" enqueued="0" dynamicThreshold="32" maxThreshold="32" />
  <references type="weak" candidates="407" cleared="10" enqueued="6" />
  <references type="phantom" candidates="9" cleared="2" enqueued="2" />
</gc-op>
<heap-resize id="32" type="expand" space="nursery" amount="131072" count="1" timems="0.072" reason="excessive time being spent scavenging" timestamp="2020-10-28T04:49:22.695" />
<gc-end id="33" type="scavenge" contextid="28" durationms="5.450" usertimems="5.003" systemtimems="0.162" timestamp="2020-10-28T04:49:22.695" activeThreads="1">
  <mem-info id="34" free="6342648" total="8519680" percent="74">
    <mem type="nursery" free="309752" total="2228224" percent="13">
      <mem type="allocate" free="309752" total="1114112" percent="27" />
      <mem type="survivor" free="0" total="1114112" percent="0" />
    </mem>
    <mem type="tenure" free="6032896" total="6291456" percent="95">
      <mem type="soa" free="5717504" total="5976064" percent="95" />
      <mem type="loa" free="315392" total="315392" percent="100" />
    </mem>
    <pending-finalizers system="17" default="0" reference="16" classloader="0" />
    <remembered-set count="2260" />
  </mem-info>
</gc-end>
<cycle-end id="35" type="scavenge" contextid="28" timestamp="2020-10-28T04:49:22.695" />
<allocation-satisfied id="36" threadId="0000000000015B00" bytesRequested="808" />
<af-end id="37" timestamp="2020-10-28T04:49:22.696" threadId="0000000000016480" success="true" from="nursery"/>
<exclusive-end id="38" timestamp="2020-10-28T04:49:22.696" durationms="6.069" />

<exclusive-start id="39" timestamp="2020-10-28T04:49:22.788" intervalms="98.059">
  <response-info timems="0.078" idlems="0.078" threads="0" lastid="0000000000015B00" lastname="main" />
</exclusive-start>
<af-start id="40" threadId="0000000000016480" totalBytesRequested="80" timestamp="2020-10-28T04:49:22.788" intervalms="98.051" type="nursery" />
<cycle-start id="41" type="scavenge" contextid="0" timestamp="2020-10-28T04:49:22.788" intervalms="98.036" />
<gc-start id="42" type="scavenge" contextid="41" timestamp="2020-10-28T04:49:22.788">
  <mem-info id="43" free="5997008" total="8519680" percent="70">
    <mem type="nursery" free="0" total="2228224" percent="0">
      <mem type="allocate" free="0" total="1114112" percent="0" />
      <mem type="survivor" free="0" total="1114112" percent="0" />
    </mem>
    <mem type="tenure" free="5997008" total="6291456" percent="95">
      <mem type="soa" free="5681616" total="5976064" percent="95" />
      <mem type="loa" free="315392" total="315392" percent="100" />
    </mem>
    <remembered-set count="2829" />
  </mem-info>
</gc-start>
<allocation-stats totalBytes="345152" >
  <allocated-bytes non-tlh="36696" tlh="308456" />
  <largest-consumer threadName="main" threadId="0000000000015B00" bytes="294776" />
</allocation-stats>
<gc-op id="44" type="scavenge" timems="7.841" contextid="41" timestamp="2020-10-28T04:49:22.796">
  <scavenger-info tenureage="2" tenuremask="7ffc" tiltratio="50" />
  <memory-copied type="nursery" objects="6132" bytes="228984" bytesdiscarded="65928" />
  <memory-copied type="tenure" objects="13554" bytes="550336" bytesdiscarded="104" />
  <finalization candidates="50" enqueued="13" />
  <ownableSynchronizers candidates="31" cleared="0" />
  <references type="soft" candidates="121" cleared="0" enqueued="0" dynamicThreshold="32" maxThreshold="32" />
  <references type="weak" candidates="240" cleared="165" enqueued="165" />
  <references type="phantom" candidates="2" cleared="1" enqueued="1" />
</gc-op>
<gc-end id="45" type="scavenge" contextid="41" durationms="8.087" usertimems="7.932" systemtimems="1.192" timestamp="2020-10-28T04:49:22.796" activeThreads="3">
  <mem-info id="46" free="6233520" total="8519680" percent="73">
    <mem type="nursery" free="818432" total="2228224" percent="36">
      <mem type="allocate" free="818432" total="1114112" percent="73" />
      <mem type="survivor" free="0" total="1114112" percent="0" />
    </mem>
    <mem type="tenure" free="5415088" total="6291456" percent="86">
      <mem type="soa" free="5099696" total="5976064" percent="85" />
      <mem type="loa" free="315392" total="315392" percent="100" />
    </mem>
    <pending-finalizers system="13" default="0" reference="166" classloader="0" />
    <remembered-set count="1477" />
  </mem-info>
</gc-end>
<cycle-end id="47" type="scavenge" contextid="41" timestamp="2020-10-28T04:49:22.796" />
<allocation-satisfied id="48" threadId="0000000000015B00" bytesRequested="80" />
<af-end id="49" timestamp="2020-10-28T04:49:22.796" threadId="0000000000016480" success="true" from="nursery"/>
<exclusive-end id="50" timestamp="2020-10-28T04:49:22.796" durationms="8.591" />

<exclusive-start id="51" timestamp="2020-10-28T04:49:22.825" intervalms="36.825">
  <response-info timems="0.266" idlems="0.186" threads="1" lastid="0000000000019700" lastname="JIT Compilation Thread-000" />
</exclusive-start>
<af-start id="52" threadId="0000000000016480" totalBytesRequested="120" timestamp="2020-10-28T04:49:22.825" intervalms="36.932" type="nursery" />
<cycle-start id="53" type="scavenge" contextid="0" timestamp="2020-10-28T04:49:22.825" intervalms="36.942" />
<gc-start id="54" type="scavenge" contextid="53" timestamp="2020-10-28T04:49:22.825">
  <mem-info id="55" free="5405104" total="8519680" percent="63">
    <mem type="nursery" free="0" total="2228224" percent="0">
      <mem type="allocate" free="0" total="1114112" percent="0" />
      <mem type="survivor" free="0" total="1114112" percent="0" />
    </mem>
    <mem type="tenure" free="5405104" total="6291456" percent="85">
      <mem type="soa" free="5089712" total="5976064" percent="85" />
      <mem type="loa" free="315392" total="315392" percent="100" />
    </mem>
    <remembered-set count="1620" />
  </mem-info>
</gc-start>
<allocation-stats totalBytes="826728" >
  <allocated-bytes non-tlh="10064" tlh="816664" />
  <largest-consumer threadName="main" threadId="0000000000015B00" bytes="822632" />
</allocation-stats>
<gc-op id="56" type="scavenge" timems="7.068" contextid="53" timestamp="2020-10-28T04:49:22.832">
  <scavenger-info tenureage="3" tenuremask="7ff8" tiltratio="50" />
  <memory-copied type="nursery" objects="8380" bytes="382576" bytesdiscarded="67496" />
  <finalization candidates="40" enqueued="17" />
  <ownableSynchronizers candidates="9" cleared="0" />
  <references type="soft" candidates="123" cleared="0" enqueued="0" dynamicThreshold="32" maxThreshold="32" />
  <references type="weak" candidates="212" cleared="138" enqueued="138" />
  <references type="phantom" candidates="1" cleared="0" enqueued="0" />
</gc-op>
<heap-resize id="57" type="expand" space="nursery" amount="262144" count="1" timems="0.055" reason="excessive time being spent scavenging" timestamp="2020-10-28T04:49:22.832" />
<gc-end id="58" type="scavenge" contextid="53" durationms="7.368" usertimems="3.891" systemtimems="0.992" timestamp="2020-10-28T04:49:22.832" activeThreads="3">
  <mem-info id="59" free="6199408" total="8781824" percent="70">
    <mem type="nursery" free="794304" total="2490368" percent="31">
      <mem type="allocate" free="794304" total="1245184" percent="63" />
      <mem type="survivor" free="0" total="1245184" percent="0" />
    </mem>
    <mem type="tenure" free="5405104" total="6291456" percent="85">
      <mem type="soa" free="5089712" total="5976064" percent="85" />
      <mem type="loa" free="315392" total="315392" percent="100" />
    </mem>
    <pending-finalizers system="17" default="0" reference="138" classloader="0" />
    <remembered-set count="939" />
  </mem-info>
</gc-end>
<cycle-end id="60" type="scavenge" contextid="53" timestamp="2020-10-28T04:49:22.832" />
<allocation-satisfied id="61" threadId="0000000000015B00" bytesRequested="120" />
<af-end id="62" timestamp="2020-10-28T04:49:22.832" threadId="0000000000016480" success="true" from="nursery"/>
<exclusive-end id="63" timestamp="2020-10-28T04:49:22.832" durationms="7.948" />

Launching defaultServer (Open Liberty 20.0.0.10/wlp-1.0.45.cl201020200915-1100) on Eclipse OpenJ9 VM, version 1.8.0_262-b10 (en_US)
<exclusive-start id="64" timestamp="2020-10-28T04:49:23.105" intervalms="280.118">
  <response-info timems="0.262" idlems="0.262" threads="0" lastid="0000000000015B00" lastname="main" />
</exclusive-start>
<af-start id="65" threadId="0000000000016480" totalBytesRequested="32" timestamp="2020-10-28T04:49:23.105" intervalms="280.070" type="nursery" />
<cycle-start id="66" type="scavenge" contextid="0" timestamp="2020-10-28T04:49:23.105" intervalms="280.067" />
<gc-start id="67" type="scavenge" contextid="66" timestamp="2020-10-28T04:49:23.105">
  <mem-info id="68" free="5248664" total="8781824" percent="59">
    <mem type="nursery" free="0" total="2490368" percent="0">
      <mem type="allocate" free="0" total="1245184" percent="0" />
      <mem type="survivor" free="0" total="1245184" percent="0" />
    </mem>
    <mem type="tenure" free="5248664" total="6291456" percent="83">
      <mem type="soa" free="4933272" total="5976064" percent="82" />
      <mem type="loa" free="315392" total="315392" percent="100" />
    </mem>
    <remembered-set count="3032" />
  </mem-info>
</gc-start>
<allocation-stats totalBytes="948136" >
  <allocated-bytes non-tlh="156560" tlh="791576" />
  <largest-consumer threadName="main" threadId="0000000000015B00" bytes="948136" />
</allocation-stats>
<gc-op id="69" type="scavenge" timems="14.140" contextid="66" timestamp="2020-10-28T04:49:23.119">
  <scavenger-info tenureage="2" tenuremask="7ffc" tiltratio="50" />
  <memory-copied type="nursery" objects="4582" bytes="304768" bytesdiscarded="130968" />
  <memory-copied type="tenure" objects="5563" bytes="197880" bytesdiscarded="504" />
  <finalization candidates="45" enqueued="14" />
  <ownableSynchronizers candidates="11" cleared="0" />
  <references type="soft" candidates="21" cleared="0" enqueued="0" dynamicThreshold="32" maxThreshold="32" />
  <references type="weak" candidates="87" cleared="75" enqueued="75" />
</gc-op>
<gc-end id="70" type="scavenge" contextid="66" durationms="14.785" usertimems="6.706" systemtimems="2.257" timestamp="2020-10-28T04:49:23.120" activeThreads="3">
  <mem-info id="71" free="5940992" total="8781824" percent="67">
    <mem type="nursery" free="940288" total="2490368" percent="37">
      <mem type="allocate" free="940288" total="1376256" percent="68" />
      <mem type="survivor" free="0" total="1114112" percent="0" />
    </mem>
    <mem type="tenure" free="5000704" total="6291456" percent="79">
      <mem type="soa" free="4685312" total="5976064" percent="78" />
      <mem type="loa" free="315392" total="315392" percent="100" />
    </mem>
    <pending-finalizers system="14" default="0" reference="75" classloader="0" />
    <remembered-set count="2296" />
  </mem-info>
</gc-end>
<cycle-end id="72" type="scavenge" contextid="66" timestamp="2020-10-28T04:49:23.120" />
<allocation-satisfied id="73" threadId="0000000000015B00" bytesRequested="32" />
<af-end id="74" timestamp="2020-10-28T04:49:23.120" threadId="0000000000016480" success="true" from="nursery"/>
<exclusive-end id="75" timestamp="2020-10-28T04:49:23.120" durationms="15.564" />

<exclusive-start id="76" timestamp="2020-10-28T04:49:23.173" intervalms="68.087">
  <response-info timems="0.260" idlems="0.260" threads="0" lastid="0000000000015B00" lastname="main" />
</exclusive-start>
<af-start id="77" threadId="0000000000016480" totalBytesRequested="184" timestamp="2020-10-28T04:49:23.173" intervalms="68.039" type="nursery" />
<cycle-start id="78" type="scavenge" contextid="0" timestamp="2020-10-28T04:49:23.173" intervalms="68.032" />
<gc-start id="79" type="scavenge" contextid="78" timestamp="2020-10-28T04:49:23.173">
  <mem-info id="80" free="4960472" total="8781824" percent="56">
    <mem type="nursery" free="0" total="2490368" percent="0">
      <mem type="allocate" free="0" total="1376256" percent="0" />
      <mem type="survivor" free="0" total="1114112" percent="0" />
    </mem>
    <mem type="tenure" free="4960472" total="6291456" percent="78">
      <mem type="soa" free="4645080" total="5976064" percent="77" />
      <mem type="loa" free="315392" total="315392" percent="100" />
    </mem>
    <remembered-set count="2913" />
  </mem-info>
</gc-start>
<allocation-stats totalBytes="979856" >
  <allocated-bytes non-tlh="40264" tlh="939592" />
  <largest-consumer threadName="main" threadId="0000000000015B00" bytes="975760" />
</allocation-stats>
<gc-op id="81" type="scavenge" timems="18.115" contextid="78" timestamp="2020-10-28T04:49:23.191">
  <scavenger-info tenureage="2" tenuremask="7ffc" tiltratio="55" />
  <memory-copied type="nursery" objects="7190" bytes="469968" bytesdiscarded="143856" />
  <memory-copied type="tenure" objects="513" bytes="42672" bytesdiscarded="0" />
  <finalization candidates="16" enqueued="6" />
  <ownableSynchronizers candidates="12" cleared="0" />
  <references type="soft" candidates="1140" cleared="0" enqueued="0" dynamicThreshold="32" maxThreshold="32" />
  <references type="weak" candidates="392" cleared="355" enqueued="355" />
</gc-op>
<heap-resize id="82" type="expand" space="nursery" amount="393216" count="1" timems="0.048" reason="excessive time being spent scavenging" timestamp="2020-10-28T04:49:23.192" />
<gc-end id="83" type="scavenge" contextid="78" durationms="18.666" usertimems="8.899" systemtimems="3.231" timestamp="2020-10-28T04:49:23.192" activeThreads="3">
  <mem-info id="84" free="5970976" total="9175040" percent="65">
    <mem type="nursery" free="1024216" total="2883584" percent="35">
      <mem type="allocate" free="1024216" total="1638400" percent="62" />
      <mem type="survivor" free="0" total="1245184" percent="0" />
    </mem>
    <mem type="tenure" free="4946760" total="6291456" percent="78">
      <mem type="soa" free="4631368" total="5976064" percent="77" />
      <mem type="loa" free="315392" total="315392" percent="100" />
    </mem>
    <pending-finalizers system="6" default="0" reference="355" classloader="0" />
    <remembered-set count="2772" />
  </mem-info>
</gc-end>
<cycle-end id="85" type="scavenge" contextid="78" timestamp="2020-10-28T04:49:23.192" />
<allocation-satisfied id="86" threadId="0000000000015B00" bytesRequested="184" />
<af-end id="87" timestamp="2020-10-28T04:49:23.192" threadId="0000000000016480" success="true" from="nursery"/>
<exclusive-end id="88" timestamp="2020-10-28T04:49:23.192" durationms="19.219" />

[AUDIT   ] CWWKE0001I: The server defaultServer has been launched.
<exclusive-start id="89" timestamp="2020-10-28T04:49:23.293" intervalms="119.895">
  <response-info timems="0.130" idlems="0.130" threads="0" lastid="0000000000015B00" lastname="main" />
</exclusive-start>
<af-start id="90" threadId="0000000000016480" totalBytesRequested="3728" timestamp="2020-10-28T04:49:23.293" intervalms="119.892" type="nursery" />
<cycle-start id="91" type="scavenge" contextid="0" timestamp="2020-10-28T04:49:23.293" intervalms="119.898" />
<gc-start id="92" type="scavenge" contextid="91" timestamp="2020-10-28T04:49:23.293">
  <mem-info id="93" free="4890480" total="9175040" percent="53">
    <mem type="nursery" free="0" total="2883584" percent="0">
      <mem type="allocate" free="0" total="1638400" percent="0" />
      <mem type="survivor" free="0" total="1245184" percent="0" />
    </mem>
    <mem type="tenure" free="4890480" total="6291456" percent="77">
      <mem type="soa" free="4575088" total="5976064" percent="76" />
      <mem type="loa" free="315392" total="315392" percent="100" />
    </mem>
    <remembered-set count="3666" />
  </mem-info>
</gc-start>
<allocation-stats totalBytes="1061504" >
  <allocated-bytes non-tlh="56464" tlh="1005040" />
  <largest-consumer threadName="main" threadId="0000000000015B00" bytes="1057408" />
</allocation-stats>
<gc-op id="94" type="scavenge" timems="5.802" contextid="91" timestamp="2020-10-28T04:49:23.299">
  <scavenger-info tenureage="2" tenuremask="7ffc" tiltratio="56" />
  <memory-copied type="nursery" objects="7844" bytes="455056" bytesdiscarded="168432" />
  <memory-copied type="tenure" objects="3713" bytes="223976" bytesdiscarded="384" />
  <finalization candidates="27" enqueued="16" />
  <ownableSynchronizers candidates="14" cleared="0" />
  <references type="soft" candidates="1150" cleared="0" enqueued="0" dynamicThreshold="32" maxThreshold="32" />
  <references type="weak" candidates="535" cleared="395" enqueued="395" />
</gc-op>
<gc-end id="95" type="scavenge" contextid="91" durationms="6.057" usertimems="5.631" systemtimems="1.333" timestamp="2020-10-28T04:49:23.299" activeThreads="3">
  <mem-info id="96" free="5849984" total="9175040" percent="63">
    <mem type="nursery" free="1276400" total="2883584" percent="44">
      <mem type="allocate" free="1276400" total="1900544" percent="67" />
      <mem type="survivor" free="0" total="983040" percent="0" />
    </mem>
    <mem type="tenure" free="4573584" total="6291456" percent="72">
      <mem type="soa" free="4258192" total="5976064" percent="71" />
      <mem type="loa" free="315392" total="315392" percent="100" />
    </mem>
    <pending-finalizers system="16" default="0" reference="395" classloader="0" />
    <remembered-set count="1602" />
  </mem-info>
</gc-end>
<cycle-end id="97" type="scavenge" contextid="91" timestamp="2020-10-28T04:49:23.299" />
<allocation-satisfied id="98" threadId="0000000000015B00" bytesRequested="3728" />
<af-end id="99" timestamp="2020-10-28T04:49:23.299" threadId="0000000000016480" success="true" from="nursery"/>
<exclusive-end id="100" timestamp="2020-10-28T04:49:23.299" durationms="6.559" />

<exclusive-start id="101" timestamp="2020-10-28T04:49:23.328" intervalms="35.456">
  <response-info timems="0.036" idlems="0.036" threads="0" lastid="0000000000015B00" lastname="main" />
</exclusive-start>
<af-start id="102" threadId="0000000000016480" totalBytesRequested="168" timestamp="2020-10-28T04:49:23.328" intervalms="35.418" type="nursery" />
<cycle-start id="103" type="scavenge" contextid="0" timestamp="2020-10-28T04:49:23.328" intervalms="35.413" />
<gc-start id="104" type="scavenge" contextid="103" timestamp="2020-10-28T04:49:23.328">
  <mem-info id="105" free="4566304" total="9175040" percent="49">
    <mem type="nursery" free="0" total="2883584" percent="0">
      <mem type="allocate" free="0" total="1900544" percent="0" />
      <mem type="survivor" free="0" total="983040" percent="0" />
    </mem>
    <mem type="tenure" free="4566304" total="6291456" percent="72">
      <mem type="soa" free="4250912" total="5976064" percent="71" />
      <mem type="loa" free="315392" total="315392" percent="100" />
    </mem>
    <remembered-set count="1695" />
  </mem-info>
</gc-start>
<allocation-stats totalBytes="1282944" >
  <allocated-bytes non-tlh="11008" tlh="1271936" />
  <largest-consumer threadName="main" threadId="0000000000015B00" bytes="1278848" />
</allocation-stats>
<gc-op id="106" type="scavenge" timems="4.951" contextid="103" timestamp="2020-10-28T04:49:23.333">
  <scavenger-info tenureage="2" tenuremask="7ffc" tiltratio="65" />
  <memory-copied type="nursery" objects="14819" bytes="978448" bytesdiscarded="912" />
  <memory-copied type="tenure" objects="5517" bytes="388848" bytesdiscarded="304" />
  <copy-failed type="nursery" objects="3208" bytes="199560" />
  <finalization candidates="9" enqueued="3" />
  <ownableSynchronizers candidates="18" cleared="0" />
  <references type="soft" candidates="29" cleared="0" enqueued="0" dynamicThreshold="32" maxThreshold="32" />
  <references type="weak" candidates="1465" cleared="88" enqueued="88" />
</gc-op>
<heap-resize id="107" type="expand" space="nursery" amount="262144" count="1" timems="0.150" reason="excessive time being spent scavenging" timestamp="2020-10-28T04:49:23.334" />
<gc-end id="108" type="scavenge" contextid="103" durationms="5.436" usertimems="7.726" systemtimems="2.792" timestamp="2020-10-28T04:49:23.334" activeThreads="3">
  <mem-info id="109" free="4795136" total="9437184" percent="50">
    <mem type="nursery" free="589824" total="3145728" percent="18">
      <mem type="allocate" free="589824" total="1572864" percent="37" />
      <mem type="survivor" free="0" total="1572864" percent="0" />
    </mem>
    <mem type="tenure" free="4205312" total="6291456" percent="66">
      <mem type="soa" free="3889920" total="5976064" percent="65" />
      <mem type="loa" free="315392" total="315392" percent="100" />
    </mem>
    <pending-finalizers system="3" default="0" reference="88" classloader="0" />
    <remembered-set count="1651" />
  </mem-info>
</gc-end>
<cycle-end id="110" type="scavenge" contextid="103" timestamp="2020-10-28T04:49:23.334" />
<allocation-satisfied id="111" threadId="0000000000015B00" bytesRequested="168" />
<af-end id="112" timestamp="2020-10-28T04:49:23.334" threadId="0000000000016480" success="true" from="nursery"/>
<exclusive-end id="113" timestamp="2020-10-28T04:49:23.334" durationms="5.931" />

<exclusive-start id="114" timestamp="2020-10-28T04:49:23.339" intervalms="11.333">
  <response-info timems="0.030" idlems="0.030" threads="0" lastid="0000000000015B00" lastname="main" />
</exclusive-start>
<af-start id="115" threadId="0000000000016480" totalBytesRequested="40" timestamp="2020-10-28T04:49:23.340" intervalms="11.300" type="nursery" />
<cycle-start id="116" type="scavenge" contextid="0" timestamp="2020-10-28T04:49:23.340" intervalms="11.384" />
<gc-start id="117" type="scavenge" contextid="116" timestamp="2020-10-28T04:49:23.340">
  <mem-info id="118" free="4205312" total="9437184" percent="44">
    <mem type="nursery" free="0" total="3145728" percent="0">
      <mem type="allocate" free="0" total="1572864" percent="0" />
      <mem type="survivor" free="0" total="1572864" percent="0" />
    </mem>
    <mem type="tenure" free="4205312" total="6291456" percent="66">
      <mem type="soa" free="3889920" total="5976064" percent="65" />
      <mem type="loa" free="315392" total="315392" percent="100" />
    </mem>
    <remembered-set count="1651" />
  </mem-info>
</gc-start>
<allocation-stats totalBytes="589320" >
  <allocated-bytes non-tlh="168" tlh="589152" />
  <largest-consumer threadName="main" threadId="0000000000015B00" bytes="589320" />
</allocation-stats>
<gc-op id="119" type="scavenge" timems="6.384" contextid="116" timestamp="2020-10-28T04:49:23.346">
  <scavenger-info tenureage="1" tenuremask="7ffe" tiltratio="50" />
  <memory-copied type="nursery" objects="10380" bytes="548272" bytesdiscarded="34896" />
  <memory-copied type="tenure" objects="14549" bytes="952584" bytesdiscarded="408" />
  <finalization candidates="3" enqueued="0" />
  <ownableSynchronizers candidates="9" cleared="0" />
</gc-op>
<heap-resize id="120" type="expand" space="nursery" amount="917504" count="1" timems="0.045" reason="excessive time being spent scavenging" timestamp="2020-10-28T04:49:23.346" />
<gc-end id="121" type="scavenge" contextid="116" durationms="6.744" usertimems="9.791" systemtimems="2.781" timestamp="2020-10-28T04:49:23.346" activeThreads="3">
  <mem-info id="122" free="4634304" total="10354688" percent="44">
    <mem type="nursery" free="1448448" total="4063232" percent="35">
      <mem type="allocate" free="1448448" total="2031616" percent="71" />
      <mem type="survivor" free="0" total="2031616" percent="0" />
    </mem>
    <mem type="tenure" free="3185856" total="6291456" percent="50">
      <mem type="soa" free="2870464" total="5976064" percent="48" />
      <mem type="loa" free="315392" total="315392" percent="100" />
    </mem>
    <remembered-set count="162" />
  </mem-info>
</gc-end>
<cycle-end id="123" type="scavenge" contextid="116" timestamp="2020-10-28T04:49:23.347" />
<allocation-satisfied id="124" threadId="0000000000015B00" bytesRequested="40" />
<af-end id="125" timestamp="2020-10-28T04:49:23.347" threadId="0000000000016480" success="true" from="nursery"/>
<exclusive-end id="126" timestamp="2020-10-28T04:49:23.347" durationms="7.290" />

<exclusive-start id="127" timestamp="2020-10-28T04:49:23.386" intervalms="46.111">
  <response-info timems="0.039" idlems="0.039" threads="0" lastid="0000000000015B00" lastname="main" />
</exclusive-start>
<af-start id="128" threadId="0000000000016480" totalBytesRequested="24" timestamp="2020-10-28T04:49:23.386" intervalms="46.272" type="nursery" />
<cycle-start id="129" type="scavenge" contextid="0" timestamp="2020-10-28T04:49:23.386" intervalms="46.201" />
<gc-start id="130" type="scavenge" contextid="129" timestamp="2020-10-28T04:49:23.386">
  <mem-info id="131" free="3182432" total="10354688" percent="30">
    <mem type="nursery" free="0" total="4063232" percent="0">
      <mem type="allocate" free="0" total="2031616" percent="0" />
      <mem type="survivor" free="0" total="2031616" percent="0" />
    </mem>
    <mem type="tenure" free="3182432" total="6291456" percent="50">
      <mem type="soa" free="2867040" total="5976064" percent="47" />
      <mem type="loa" free="315392" total="315392" percent="100" />
    </mem>
    <remembered-set count="388" />
  </mem-info>
</gc-start>
<allocation-stats totalBytes="1451240" >
  <allocated-bytes non-tlh="3464" tlh="1447776" />
  <largest-consumer threadName="main" threadId="0000000000015B00" bytes="1451240" />
</allocation-stats>
<gc-op id="132" type="scavenge" timems="11.257" contextid="129" timestamp="2020-10-28T04:49:23.397">
  <scavenger-info tenureage="1" tenuremask="7ffe" tiltratio="50" />
  <memory-copied type="nursery" objects="34517" bytes="1055800" bytesdiscarded="134304" />
  <memory-copied type="tenure" objects="10378" bytes="510744" bytesdiscarded="48" />
  <ownableSynchronizers candidates="169" cleared="0" />
  <references type="soft" candidates="4" cleared="0" enqueued="0" dynamicThreshold="32" maxThreshold="32" />
  <references type="weak" candidates="24" cleared="24" enqueued="24" />
</gc-op>
<heap-resize id="133" type="expand" space="nursery" amount="524288" count="1" timems="0.060" reason="excessive time being spent scavenging" timestamp="2020-10-28T04:49:23.397" />
<gc-end id="134" type="scavenge" contextid="129" durationms="11.597" usertimems="14.421" systemtimems="0.269" timestamp="2020-10-28T04:49:23.398" activeThreads="3">
  <mem-info id="135" free="4061176" total="10878976" percent="37">
    <mem type="nursery" free="1363096" total="4587520" percent="29">
      <mem type="allocate" free="1363096" total="2555904" percent="53" />
      <mem type="survivor" free="0" total="2031616" percent="0" />
    </mem>
    <mem type="tenure" free="2698080" total="6291456" percent="42">
      <mem type="soa" free="2382688" total="5976064" percent="39" />
      <mem type="loa" free="315392" total="315392" percent="100" />
    </mem>
    <pending-finalizers system="0" default="0" reference="24" classloader="0" />
    <remembered-set count="295" />
  </mem-info>
</gc-end>
<cycle-end id="136" type="scavenge" contextid="129" timestamp="2020-10-28T04:49:23.398" />
<allocation-satisfied id="137" threadId="0000000000015B00" bytesRequested="24" />
<af-end id="138" timestamp="2020-10-28T04:49:23.398" threadId="0000000000016480" success="true" from="nursery"/>
<exclusive-end id="139" timestamp="2020-10-28T04:49:23.398" durationms="12.407" />

<exclusive-start id="140" timestamp="2020-10-28T04:49:23.426" intervalms="40.503">
  <response-info timems="0.028" idlems="0.028" threads="0" lastid="0000000000015B00" lastname="main" />
</exclusive-start>
<af-start id="141" threadId="0000000000016480" totalBytesRequested="24" timestamp="2020-10-28T04:49:23.426" intervalms="40.363" type="nursery" />
<cycle-start id="142" type="scavenge" contextid="0" timestamp="2020-10-28T04:49:23.426" intervalms="40.351" />
<gc-start id="143" type="scavenge" contextid="142" timestamp="2020-10-28T04:49:23.426">
  <mem-info id="144" free="2691624" total="10878976" percent="24">
    <mem type="nursery" free="0" total="4587520" percent="0">
      <mem type="allocate" free="0" total="2555904" percent="0" />
      <mem type="survivor" free="0" total="2031616" percent="0" />
    </mem>
    <mem type="tenure" free="2691624" total="6291456" percent="42">
      <mem type="soa" free="2376232" total="5976064" percent="39" />
      <mem type="loa" free="315392" total="315392" percent="100" />
    </mem>
    <remembered-set count="504" />
  </mem-info>
</gc-start>
<allocation-stats totalBytes="1369352" >
  <allocated-bytes non-tlh="132960" tlh="1236392" />
  <largest-consumer threadName="main" threadId="0000000000015B00" bytes="1369352" />
</allocation-stats>
<gc-op id="145" type="scavenge" timems="6.879" contextid="142" timestamp="2020-10-28T04:49:23.433">
  <scavenger-info tenureage="1" tenuremask="7ffe" tiltratio="55" />
  <memory-copied type="nursery" objects="20200" bytes="822600" bytesdiscarded="196848" />
  <memory-copied type="tenure" objects="34320" bytes="953016" bytesdiscarded="320" />
  <finalization candidates="9" enqueued="5" />
  <ownableSynchronizers candidates="265" cleared="0" />
  <references type="weak" candidates="31" cleared="31" enqueued="31" />
</gc-op>
<heap-resize id="146" type="expand" space="nursery" amount="524288" count="1" timems="0.047" reason="excessive time being spent scavenging" timestamp="2020-10-28T04:49:23.433" />
<gc-end id="147" type="scavenge" contextid="142" durationms="7.208" usertimems="14.537" systemtimems="2.876" timestamp="2020-10-28T04:49:23.433" activeThreads="3">
  <mem-info id="148" free="3978008" total="11403264" percent="34">
    <mem type="nursery" free="2255088" total="5111808" percent="44">
      <mem type="allocate" free="2255088" total="3276800" percent="68" />
      <mem type="survivor" free="0" total="1835008" percent="0" />
    </mem>
    <mem type="tenure" free="1722920" total="6291456" percent="27">
      <mem type="soa" free="1407528" total="5976064" percent="23" />
      <mem type="loa" free="315392" total="315392" percent="100" />
    </mem>
    <pending-finalizers system="5" default="0" reference="31" classloader="0" />
    <remembered-set count="862" />
  </mem-info>
</gc-end>
<cycle-end id="149" type="scavenge" contextid="142" timestamp="2020-10-28T04:49:23.434" />
<allocation-satisfied id="150" threadId="0000000000015B00" bytesRequested="24" />
<af-end id="151" timestamp="2020-10-28T04:49:23.434" threadId="0000000000016480" success="true" from="nursery"/>
<exclusive-end id="152" timestamp="2020-10-28T04:49:23.434" durationms="7.916" />

<concurrent-kickoff id="153" timestamp="2020-10-28T04:49:23.652">
  <kickoff reason="threshold reached" targetBytes="1867303" thresholdFreeBytes="258815"  remainingFree="231664" tenureFreeBytes="1694768" nurseryFreeBytes="231664" />
</concurrent-kickoff>
<exclusive-start id="154" timestamp="2020-10-28T04:49:23.653" intervalms="226.874">
  <response-info timems="0.036" idlems="0.036" threads="0" lastid="0000000000015B00" lastname="main" />
</exclusive-start>
<cycle-start id="155" type="global" contextid="0" timestamp="2020-10-28T04:49:23.653" intervalms="2476.274" />
<exclusive-end id="156" timestamp="2020-10-28T04:49:23.653" durationms="0.110" />

<exclusive-start id="157" timestamp="2020-10-28T04:49:23.679" intervalms="26.262">
  <response-info timems="0.130" idlems="0.130" threads="0" lastid="0000000000015B00" lastname="main" />
</exclusive-start>
<concurrent-collection-start id="158" timestamp="2020-10-28T04:49:23.679" intervalms="2502.592" >
  <concurrent-trace-info reason="card cleaning threshold reached" tracedByMutators="25800" tracedByHelpers="1885632" cardsCleaned="52" workStackOverflowCount="0" />
</concurrent-collection-start>
<gc-start id="159" type="global" contextid="155" timestamp="2020-10-28T04:49:23.679">
  <mem-info id="160" free="1787648" total="11403264" percent="15">
    <mem type="nursery" free="100592" total="5111808" percent="1">
      <mem type="allocate" free="100592" total="3276800" percent="3" />
      <mem type="survivor" free="0" total="1835008" percent="0" />
    </mem>
    <mem type="tenure" free="1687056" total="6291456" percent="26">
      <mem type="soa" free="1371664" total="5976064" percent="22" />
      <mem type="loa" free="315392" total="315392" percent="100" />
    </mem>
    <remembered-set count="2989" />
  </mem-info>
</gc-start>
<allocation-stats totalBytes="2181440" >
  <allocated-bytes non-tlh="35888" tlh="2145552" />
  <largest-consumer threadName="main" threadId="0000000000015B00" bytes="2176864" />
</allocation-stats>
<gc-op id="161" type="rs-scan" timems="5.630" contextid="155" timestamp="2020-10-28T04:49:23.685">
  <scan objectsFound="1576" bytesTraced="972392" workStackOverflowCount="0" />
</gc-op>
<gc-op id="162" type="card-cleaning" timems="0.912" contextid="155" timestamp="2020-10-28T04:49:23.686">
  <card-cleaning cardsCleaned="2" bytesTraced="33472" workStackOverflowCount="0" />
</gc-op>
<gc-op id="163" type="mark" timems="10.657" contextid="155" timestamp="2020-10-28T04:49:23.697">
  <trace-info objectcount="332" scancount="290" scanbytes="7312" />
  <finalization candidates="65" enqueued="10" />
  <ownableSynchronizers candidates="325" cleared="2" />
  <references type="soft" candidates="1919" cleared="0" enqueued="0" dynamicThreshold="32" maxThreshold="32" />
  <references type="weak" candidates="2128" cleared="320" enqueued="317" />
  <references type="phantom" candidates="7" cleared="0" enqueued="0" />
  <stringconstants candidates="5491" cleared="1"  />
</gc-op>
<gc-op id="164" type="classunload" timems="0.014" contextid="155" timestamp="2020-10-28T04:49:23.697">
  <classunload-info classloadercandidates="15" classloadersunloaded="0" classesunloaded="0" anonymousclassesunloaded="0" quiescems="0.000" setupms="0.011" scanms="0.002" postms="0.001" />
</gc-op>
<gc-op id="165" type="sweep" timems="1.244" contextid="155" timestamp="2020-10-28T04:49:23.698" />
<gc-end id="166" type="global" contextid="155" durationms="19.282" usertimems="6.331" systemtimems="8.083" timestamp="2020-10-28T04:49:23.699" activeThreads="3">
  <mem-info id="167" free="4393168" total="11403264" percent="38">
    <mem type="nursery" free="2461184" total="5111808" percent="48">
      <mem type="allocate" free="2461184" total="3276800" percent="75" />
      <mem type="survivor" free="0" total="1835008" percent="0" />
    </mem>
    <mem type="tenure" free="1931984" total="6291456" percent="30" micro-fragmented="110759" macro-fragmented="0">
      <mem type="soa" free="1616592" total="5976064" percent="27" />
      <mem type="loa" free="315392" total="315392" percent="100" />
    </mem>
    <pending-finalizers system="10" default="0" reference="317" classloader="0" />
    <remembered-set count="2510" />
  </mem-info>
</gc-end>
<cycle-end id="168" type="global" contextid="155" timestamp="2020-10-28T04:49:23.699" />
<concurrent-collection-end id="169" timestamp="2020-10-28T04:49:23.699" />
<exclusive-end id="170" timestamp="2020-10-28T04:49:23.699" durationms="19.793" />

<exclusive-start id="171" timestamp="2020-10-28T04:49:23.758" intervalms="79.041">
  <response-info timems="0.129" idlems="0.129" threads="0" lastid="00000000004AFD00" lastname="Equinox start level thread - Equinox Container: c8e18c6c-1dcb-4" />
</exclusive-start>
<af-start id="172" threadId="00000000004B0680" totalBytesRequested="1192" timestamp="2020-10-28T04:49:23.758" intervalms="332.166" type="nursery" />
<cycle-start id="173" type="scavenge" contextid="0" timestamp="2020-10-28T04:49:23.758" intervalms="332.152" />
<gc-start id="174" type="scavenge" contextid="173" timestamp="2020-10-28T04:49:23.758">
  <mem-info id="175" free="1902520" total="11403264" percent="16">
    <mem type="nursery" free="0" total="5111808" percent="0">
      <mem type="allocate" free="0" total="3276800" percent="0" />
      <mem type="survivor" free="0" total="1835008" percent="0" />
    </mem>
    <mem type="tenure" free="1902520" total="6291456" percent="30">
      <mem type="soa" free="1587128" total="5976064" percent="26" />
      <mem type="loa" free="315392" total="315392" percent="100" />
    </mem>
    <remembered-set count="2946" />
  </mem-info>
</gc-start>
<allocation-stats totalBytes="2459360" >
  <allocated-bytes non-tlh="63656" tlh="2395704" />
  <largest-consumer threadName="main" threadId="0000000000015B00" bytes="1665504" />
</allocation-stats>
<gc-op id="176" type="scavenge" timems="9.328" contextid="173" timestamp="2020-10-28T04:49:23.768">
  <scavenger-info tenureage="1" tenuremask="7ffe" tiltratio="64" />
  <memory-copied type="nursery" objects="20739" bytes="897240" bytesdiscarded="96704" />
  <memory-copied type="tenure" objects="10387" bytes="300960" bytesdiscarded="144" />
  <finalization candidates="35" enqueued="26" />
  <ownableSynchronizers candidates="549" cleared="442" />
  <references type="soft" candidates="56" cleared="0" enqueued="0" dynamicThreshold="9" maxThreshold="32" />
  <references type="weak" candidates="200" cleared="166" enqueued="166" />
</gc-op>
<gc-end id="177" type="scavenge" contextid="173" durationms="9.880" usertimems="10.240" systemtimems="3.118" timestamp="2020-10-28T04:49:23.768" activeThreads="3">
  <mem-info id="178" free="4070904" total="11403264" percent="35">
    <mem type="nursery" free="2609144" total="5111808" percent="51">
      <mem type="allocate" free="2609144" total="3604480" percent="72" />
      <mem type="survivor" free="0" total="1507328" percent="0" />
    </mem>
    <mem type="tenure" free="1461760" total="6291456" percent="23">
      <mem type="soa" free="1146368" total="5976064" percent="19" />
      <mem type="loa" free="315392" total="315392" percent="100" />
    </mem>
    <pending-finalizers system="26" default="0" reference="166" classloader="0" />
    <remembered-set count="1609" />
  </mem-info>
</gc-end>
<cycle-end id="179" type="scavenge" contextid="173" timestamp="2020-10-28T04:49:23.768" />
<allocation-satisfied id="180" threadId="00000000004AFD00" bytesRequested="1192" />
<af-end id="181" timestamp="2020-10-28T04:49:23.768" threadId="00000000004B0680" success="true" from="nursery"/>
<exclusive-end id="182" timestamp="2020-10-28T04:49:23.768" durationms="10.231" />

<concurrent-kickoff id="183" timestamp="2020-10-28T04:49:23.800">
  <kickoff reason="threshold reached" targetBytes="1867123" thresholdFreeBytes="259154"  remainingFree="191312" tenureFreeBytes="1461624" nurseryFreeBytes="191312" />
</concurrent-kickoff>
<exclusive-start id="184" timestamp="2020-10-28T04:49:23.801" intervalms="42.827">
  <response-info timems="0.698" idlems="0.698" threads="0" lastid="00000000004A8000" lastname="Equinox start level thread - Equinox Container: c8e18c6c-1dcb-4" />
</exclusive-start>
<cycle-start id="185" type="global" contextid="0" timestamp="2020-10-28T04:49:23.801" intervalms="148.117" />
<exclusive-end id="186" timestamp="2020-10-28T04:49:23.801" durationms="0.098" />

<exclusive-start id="187" timestamp="2020-10-28T04:49:23.806" intervalms="4.748">
  <response-info timems="0.611" idlems="0.396" threads="2" lastid="00000000004A8000" lastname="Equinox start level thread - Equinox Container: c8e18c6c-1dcb-4" />
</exclusive-start>
<af-start id="188" threadId="00000000004B0680" totalBytesRequested="40" timestamp="2020-10-28T04:49:23.806" intervalms="47.595" type="nursery" />
<cycle-start id="189" type="scavenge" contextid="0" timestamp="2020-10-28T04:49:23.806" intervalms="47.606" />
<gc-start id="190" type="scavenge" contextid="189" timestamp="2020-10-28T04:49:23.806">
  <mem-info id="191" free="1461624" total="11403264" percent="12">
    <mem type="nursery" free="0" total="5111808" percent="0">
      <mem type="allocate" free="0" total="3604480" percent="0" />
      <mem type="survivor" free="0" total="1507328" percent="0" />
    </mem>
    <mem type="tenure" free="1461624" total="6291456" percent="23">
      <mem type="soa" free="1146232" total="5976064" percent="19" />
      <mem type="loa" free="315392" total="315392" percent="100" />
    </mem>
    <remembered-set count="1642" />
  </mem-info>
</gc-start>
<allocation-stats totalBytes="2608880" >
  <allocated-bytes non-tlh="1328" tlh="2607552" />
  <largest-consumer threadName="Equinox start level thread - Equinox Container: c8e18c6c-1dcb-4006-b7a7-5bb095d171a8" threadId="00000000004AFD00" bytes="929728" />
</allocation-stats>
<gc-op id="192" type="scavenge" timems="8.494" contextid="189" timestamp="2020-10-28T04:49:23.815">
  <scavenger-info tenureage="1" tenuremask="7ffe" tiltratio="70" />
  <memory-copied type="nursery" objects="4363" bytes="132864" bytesdiscarded="187120" />
  <memory-copied type="tenure" objects="19065" bytes="792664" bytesdiscarded="768" />
  <finalization candidates="5" enqueued="0" />
  <ownableSynchronizers candidates="12" cleared="0" />
  <references type="weak" candidates="1" cleared="1" enqueued="1" />
</gc-op>
<heap-resize id="193" type="expand" space="nursery" amount="524288" count="1" timems="0.044" reason="excessive time being spent scavenging" timestamp="2020-10-28T04:49:23.815" />
<gc-end id="194" type="scavenge" contextid="189" durationms="8.838" usertimems="9.700" systemtimems="0.440" timestamp="2020-10-28T04:49:23.815" activeThreads="3">
  <mem-info id="195" free="4456584" total="11927552" percent="37">
    <mem type="nursery" free="3677696" total="5636096" percent="65">
      <mem type="allocate" free="3677696" total="3997696" percent="91" />
      <mem type="survivor" free="0" total="1638400" percent="0" />
    </mem>
    <mem type="tenure" free="778888" total="6291456" percent="12">
      <mem type="soa" free="463496" total="5976064" percent="7" />
      <mem type="loa" free="315392" total="315392" percent="100" />
    </mem>
    <pending-finalizers system="0" default="0" reference="1" classloader="0" />
    <remembered-set count="1289" />
  </mem-info>
</gc-end>
<cycle-end id="196" type="scavenge" contextid="189" timestamp="2020-10-28T04:49:23.815" />
<allocation-satisfied id="197" threadId="00000000004AFD00" bytesRequested="40" />
<af-end id="198" timestamp="2020-10-28T04:49:23.815" threadId="00000000004B0680" success="true" from="nursery"/>
<exclusive-end id="199" timestamp="2020-10-28T04:49:23.815" durationms="9.428" />

<exclusive-start id="200" timestamp="2020-10-28T04:49:23.855" intervalms="49.547">
  <response-info timems="0.897" idlems="0.498" threads="1" lastid="0000000000019700" lastname="JIT Compilation Thread-000" />
</exclusive-start>
<af-start id="201" threadId="00000000004A8980" totalBytesRequested="40" timestamp="2020-10-28T04:49:23.855" intervalms="49.551" type="nursery" />
<cycle-start id="202" type="scavenge" contextid="0" timestamp="2020-10-28T04:49:23.856" intervalms="49.694" />
<gc-start id="203" type="scavenge" contextid="202" timestamp="2020-10-28T04:49:23.856">
  <mem-info id="204" free="778568" total="11927552" percent="6">
    <mem type="nursery" free="0" total="5636096" percent="0">
      <mem type="allocate" free="0" total="3997696" percent="0" />
      <mem type="survivor" free="0" total="1638400" percent="0" />
    </mem>
    <mem type="tenure" free="778568" total="6291456" percent="12">
      <mem type="soa" free="463176" total="5976064" percent="7" />
      <mem type="loa" free="315392" total="315392" percent="100" />
    </mem>
    <remembered-set count="1327" />
  </mem-info>
</gc-start>
<allocation-stats totalBytes="3675072" >
  <allocated-bytes non-tlh="360" tlh="3674712" />
  <largest-consumer threadName="Equinox start level thread - Equinox Container: c8e18c6c-1dcb-4006-b7a7-5bb095d171a8" threadId="00000000004AFD00" bytes="1636312" />
</allocation-stats>
<gc-op id="205" type="scavenge" timems="7.064" contextid="202" timestamp="2020-10-28T04:49:23.863">
  <scavenger-info tenureage="2" tenuremask="7ffc" tiltratio="70" />
  <memory-copied type="nursery" objects="7896" bytes="405784" bytesdiscarded="62264" />
  <finalization candidates="2" enqueued="2" />
  <references type="weak" candidates="4" cleared="4" enqueued="4" />
</gc-op>
<heap-resize id="206" type="expand" space="nursery" amount="393216" count="1" timems="0.044" reason="excessive time being spent scavenging" timestamp="2020-10-28T04:49:23.863" />
<gc-end id="207" type="scavenge" contextid="202" durationms="7.359" usertimems="3.918" systemtimems="2.619" timestamp="2020-10-28T04:49:23.863" activeThreads="3">
  <mem-info id="208" free="4898024" total="12320768" percent="39">
    <mem type="nursery" free="4119456" total="6029312" percent="68">
      <mem type="allocate" free="4119456" total="4587520" percent="89" />
      <mem type="survivor" free="0" total="1441792" percent="0" />
    </mem>
    <mem type="tenure" free="778568" total="6291456" percent="12">
      <mem type="soa" free="463176" total="5976064" percent="7" />
      <mem type="loa" free="315392" total="315392" percent="100" />
    </mem>
    <pending-finalizers system="2" default="0" reference="4" classloader="0" />
    <remembered-set count="286" />
  </mem-info>
</gc-end>
<cycle-end id="209" type="scavenge" contextid="202" timestamp="2020-10-28T04:49:23.863" />
<allocation-satisfied id="210" threadId="00000000004A8000" bytesRequested="40" />
<af-end id="211" timestamp="2020-10-28T04:49:23.864" threadId="00000000004A8980" success="true" from="nursery"/>
<exclusive-end id="212" timestamp="2020-10-28T04:49:23.864" durationms="8.678" />

<exclusive-start id="213" timestamp="2020-10-28T04:49:23.865" intervalms="9.933">
  <response-info timems="0.228" idlems="0.228" threads="0" lastid="00000000004A8000" lastname="Equinox start level thread - Equinox Container: c8e18c6c-1dcb-4" />
</exclusive-start>
<concurrent-collection-start id="214" timestamp="2020-10-28T04:49:23.865" intervalms="186.034" >
  <concurrent-trace-info reason="card cleaning threshold reached" tracedByMutators="1349812" tracedByHelpers="1900476" cardsCleaned="480" workStackOverflowCount="0" />
</concurrent-collection-start>
<gc-start id="215" type="global" contextid="185" timestamp="2020-10-28T04:49:23.865">
  <mem-info id="216" free="4664512" total="12320768" percent="37">
    <mem type="nursery" free="3885944" total="6029312" percent="64">
      <mem type="allocate" free="3885944" total="4587520" percent="84" />
      <mem type="survivor" free="0" total="1441792" percent="0" />
    </mem>
    <mem type="tenure" free="778568" total="6291456" percent="12">
      <mem type="soa" free="463176" total="5976064" percent="7" />
      <mem type="loa" free="315392" total="315392" percent="100" />
    </mem>
    <remembered-set count="286" />
  </mem-info>
</gc-start>
<allocation-stats totalBytes="233496" >
  <allocated-bytes non-tlh="40" tlh="233456" />
  <largest-consumer threadName="Equinox start level thread - Equinox Container: c8e18c6c-1dcb-4006-b7a7-5bb095d171a8" threadId="00000000004B3800" bytes="110576" />
</allocation-stats>
<gc-op id="217" type="rs-scan" timems="0.680" contextid="185" timestamp="2020-10-28T04:49:23.866">
  <scan objectsFound="184" bytesTraced="11628" workStackOverflowCount="0" />
</gc-op>
<gc-op id="218" type="card-cleaning" timems="1.164" contextid="185" timestamp="2020-10-28T04:49:23.867">
  <card-cleaning cardsCleaned="0" bytesTraced="115912" workStackOverflowCount="0" />
</gc-op>
<gc-op id="219" type="mark" timems="6.324" contextid="185" timestamp="2020-10-28T04:49:23.874">
  <trace-info objectcount="3885" scancount="3730" scanbytes="222492" />
  <finalization candidates="55" enqueued="0" />
  <ownableSynchronizers candidates="328" cleared="0" />
  <references type="soft" candidates="1953" cleared="0" enqueued="0" dynamicThreshold="9" maxThreshold="32" />
  <references type="weak" candidates="1836" cleared="0" enqueued="0" />
  <references type="phantom" candidates="7" cleared="0" enqueued="0" />
  <stringconstants candidates="5603" cleared="0"  />
</gc-op>
<gc-op id="220" type="sweep" timems="1.318" contextid="185" timestamp="2020-10-28T04:49:23.875" />
<heap-resize id="221" type="expand" space="tenure" amount="1572864" count="1" timems="0.046" reason="insufficient free space following gc" timestamp="2020-10-28T04:49:23.875" />
<gc-end id="222" type="global" contextid="185" durationms="10.040" usertimems="6.588" systemtimems="2.324" timestamp="2020-10-28T04:49:23.875" activeThreads="3">
  <mem-info id="223" free="6524128" total="13893632" percent="46">
    <mem type="nursery" free="4144424" total="6029312" percent="68">
      <mem type="allocate" free="4144424" total="4587520" percent="90" />
      <mem type="survivor" free="0" total="1441792" percent="0" />
    </mem>
    <mem type="tenure" free="2379704" total="7864320" percent="30" micro-fragmented="87799" macro-fragmented="0">
      <mem type="soa" free="1986488" total="7471104" percent="26" />
      <mem type="loa" free="393216" total="393216" percent="100" />
    </mem>
    <remembered-set count="269" />
  </mem-info>
</gc-end>
<cycle-end id="224" type="global" contextid="185" timestamp="2020-10-28T04:49:23.876" />
<concurrent-collection-end id="225" timestamp="2020-10-28T04:49:23.876" />
<exclusive-end id="226" timestamp="2020-10-28T04:49:23.876" durationms="10.834" />

<exclusive-start id="227" timestamp="2020-10-28T04:49:23.892" intervalms="26.797">
  <response-info timems="0.114" idlems="0.114" threads="0" lastid="00000000004A8000" lastname="Equinox start level thread - Equinox Container: c8e18c6c-1dcb-4" />
</exclusive-start>
<af-start id="228" threadId="00000000004A8980" totalBytesRequested="72" timestamp="2020-10-28T04:49:23.892" intervalms="36.693" type="nursery" />
<cycle-start id="229" type="scavenge" contextid="0" timestamp="2020-10-28T04:49:23.892" intervalms="36.536" />
<gc-start id="230" type="scavenge" contextid="229" timestamp="2020-10-28T04:49:23.892">
  <mem-info id="231" free="2379704" total="13893632" percent="17">
    <mem type="nursery" free="0" total="6029312" percent="0">
      <mem type="allocate" free="0" total="4587520" percent="0" />
      <mem type="survivor" free="0" total="1441792" percent="0" />
    </mem>
    <mem type="tenure" free="2379704" total="7864320" percent="30">
      <mem type="soa" free="1986488" total="7471104" percent="26" />
      <mem type="loa" free="393216" total="393216" percent="100" />
    </mem>
    <remembered-set count="303" />
  </mem-info>
</gc-start>
<allocation-stats totalBytes="4139504" >
  <allocated-bytes non-tlh="0" tlh="4139504" />
  <largest-consumer threadName="Equinox start level thread - Equinox Container: c8e18c6c-1dcb-4006-b7a7-5bb095d171a8" threadId="00000000004AFD00" bytes="1818184" />
</allocation-stats>
<gc-op id="232" type="scavenge" timems="2.003" contextid="229" timestamp="2020-10-28T04:49:23.894">
  <scavenger-info tenureage="3" tenuremask="7ff8" tiltratio="76" />
  <memory-copied type="nursery" objects="7614" bytes="314592" bytesdiscarded="32048" />
  <ownableSynchronizers candidates="656" cleared="656" />
</gc-op>
<gc-end id="233" type="scavenge" contextid="229" durationms="2.219" usertimems="3.720" systemtimems="0.000" timestamp="2020-10-28T04:49:23.894" activeThreads="3">
  <mem-info id="234" free="6948264" total="13893632" percent="50">
    <mem type="nursery" free="4568560" total="6029312" percent="75">
      <mem type="allocate" free="4568560" total="4915200" percent="92" />
      <mem type="survivor" free="0" total="1114112" percent="0" />
    </mem>
    <mem type="tenure" free="2379704" total="7864320" percent="30">
      <mem type="soa" free="1986488" total="7471104" percent="26" />
      <mem type="loa" free="393216" total="393216" percent="100" />
    </mem>
    <remembered-set count="274" />
  </mem-info>
</gc-end>
<cycle-end id="235" type="scavenge" contextid="229" timestamp="2020-10-28T04:49:23.895" />
<allocation-satisfied id="236" threadId="00000000004A8000" bytesRequested="72" />
<af-end id="237" timestamp="2020-10-28T04:49:23.895" threadId="00000000004A8980" success="true" from="nursery"/>
<exclusive-end id="238" timestamp="2020-10-28T04:49:23.895" durationms="2.857" />

<exclusive-start id="239" timestamp="2020-10-28T04:49:23.915" intervalms="23.088">
  <response-info timems="0.093" idlems="0.093" threads="0" lastid="00000000004A8000" lastname="Equinox start level thread - Equinox Container: c8e18c6c-1dcb-4" />
</exclusive-start>
<af-start id="240" threadId="00000000004A8980" totalBytesRequested="16" timestamp="2020-10-28T04:49:23.915" intervalms="23.120" type="nursery" />
<cycle-start id="241" type="scavenge" contextid="0" timestamp="2020-10-28T04:49:23.915" intervalms="23.138" />
<gc-start id="242" type="scavenge" contextid="241" timestamp="2020-10-28T04:49:23.915">
  <mem-info id="243" free="2379704" total="13893632" percent="17">
    <mem type="nursery" free="0" total="6029312" percent="0">
      <mem type="allocate" free="0" total="4915200" percent="0" />
      <mem type="survivor" free="0" total="1114112" percent="0" />
    </mem>
    <mem type="tenure" free="2379704" total="7864320" percent="30">
      <mem type="soa" free="1986488" total="7471104" percent="26" />
      <mem type="loa" free="393216" total="393216" percent="100" />
    </mem>
    <remembered-set count="299" />
  </mem-info>
</gc-start>
<allocation-stats totalBytes="4564688" >
  <allocated-bytes non-tlh="72" tlh="4564616" />
  <largest-consumer threadName="Equinox start level thread - Equinox Container: c8e18c6c-1dcb-4006-b7a7-5bb095d171a8" threadId="00000000004AFD00" bytes="1702304" />
</allocation-stats>
<gc-op id="244" type="scavenge" timems="2.756" contextid="241" timestamp="2020-10-28T04:49:23.918">
  <scavenger-info tenureage="4" tenuremask="7ff0" tiltratio="81" />
  <memory-copied type="nursery" objects="11132" bytes="440520" bytesdiscarded="65712" />
</gc-op>
<heap-resize id="245" type="expand" space="nursery" amount="524288" count="1" timems="0.056" reason="excessive time being spent scavenging" timestamp="2020-10-28T04:49:23.918" />
<gc-end id="246" type="scavenge" contextid="241" durationms="3.221" usertimems="2.731" systemtimems="2.006" timestamp="2020-10-28T04:49:23.919" activeThreads="3">
  <mem-info id="247" free="7247416" total="14417920" percent="50">
    <mem type="nursery" free="4867712" total="6553600" percent="74">
      <mem type="allocate" free="4867712" total="5373952" percent="90" />
      <mem type="survivor" free="0" total="1179648" percent="0" />
    </mem>
    <mem type="tenure" free="2379704" total="7864320" percent="30">
      <mem type="soa" free="1986488" total="7471104" percent="26" />
      <mem type="loa" free="393216" total="393216" percent="100" />
    </mem>
    <remembered-set count="287" />
  </mem-info>
</gc-end>
<cycle-end id="248" type="scavenge" contextid="241" timestamp="2020-10-28T04:49:23.919" />
<allocation-satisfied id="249" threadId="00000000004A8000" bytesRequested="16" />
<af-end id="250" timestamp="2020-10-28T04:49:23.919" threadId="00000000004A8980" success="true" from="nursery"/>
<exclusive-end id="251" timestamp="2020-10-28T04:49:23.919" durationms="3.731" />

<exclusive-start id="252" timestamp="2020-10-28T04:49:23.936" intervalms="21.188">
  <response-info timems="0.408" idlems="0.285" threads="1" lastid="00000000004AFD00" lastname="Equinox start level thread - Equinox Container: c8e18c6c-1dcb-4" />
</exclusive-start>
<af-start id="253" threadId="00000000004A8980" totalBytesRequested="16" timestamp="2020-10-28T04:49:23.937" intervalms="21.392" type="nursery" />
<cycle-start id="254" type="scavenge" contextid="0" timestamp="2020-10-28T04:49:23.937" intervalms="21.464" />
<gc-start id="255" type="scavenge" contextid="254" timestamp="2020-10-28T04:49:23.937">
  <mem-info id="256" free="2379704" total="14417920" percent="16">
    <mem type="nursery" free="0" total="6553600" percent="0">
      <mem type="allocate" free="0" total="5373952" percent="0" />
      <mem type="survivor" free="0" total="1179648" percent="0" />
    </mem>
    <mem type="tenure" free="2379704" total="7864320" percent="30">
      <mem type="soa" free="1986488" total="7471104" percent="26" />
      <mem type="loa" free="393216" total="393216" percent="100" />
    </mem>
    <remembered-set count="308" />
  </mem-info>
</gc-start>
<allocation-stats totalBytes="4863632" >
  <allocated-bytes non-tlh="16" tlh="4863616" />
  <largest-consumer threadName="Equinox start level thread - Equinox Container: c8e18c6c-1dcb-4006-b7a7-5bb095d171a8" threadId="00000000004AFD00" bytes="2051240" />
</allocation-stats>
<gc-op id="257" type="scavenge" timems="2.852" contextid="254" timestamp="2020-10-28T04:49:23.940">
  <scavenger-info tenureage="5" tenuremask="7fe0" tiltratio="82" />
  <memory-copied type="nursery" objects="11960" bytes="515080" bytesdiscarded="102664" />
</gc-op>
<heap-resize id="258" type="expand" space="nursery" amount="524288" count="1" timems="0.050" reason="excessive time being spent scavenging" timestamp="2020-10-28T04:49:23.940" />
<gc-end id="259" type="scavenge" contextid="254" durationms="3.205" usertimems="3.802" systemtimems="1.178" timestamp="2020-10-28T04:49:23.940" activeThreads="3">
  <mem-info id="260" free="7725736" total="14942208" percent="51">
    <mem type="nursery" free="5346032" total="7077888" percent="75">
      <mem type="allocate" free="5346032" total="5963776" percent="89" />
      <mem type="survivor" free="0" total="1114112" percent="0" />
    </mem>
    <mem type="tenure" free="2379704" total="7864320" percent="30">
      <mem type="soa" free="1986488" total="7471104" percent="26" />
      <mem type="loa" free="393216" total="393216" percent="100" />
    </mem>
    <remembered-set count="301" />
  </mem-info>
</gc-end>
<cycle-end id="261" type="scavenge" contextid="254" timestamp="2020-10-28T04:49:23.940" />
<allocation-satisfied id="262" threadId="00000000004A8000" bytesRequested="16" />
<af-end id="263" timestamp="2020-10-28T04:49:23.940" threadId="00000000004A8980" success="true" from="nursery"/>
<exclusive-end id="264" timestamp="2020-10-28T04:49:23.940" durationms="3.914" />

<exclusive-start id="265" timestamp="2020-10-28T04:49:23.965" intervalms="29.069">
  <response-info timems="0.248" idlems="0.248" threads="0" lastid="00000000004AFD00" lastname="Equinox start level thread - Equinox Container: c8e18c6c-1dcb-4" />
</exclusive-start>
<af-start id="266" threadId="00000000004B0680" totalBytesRequested="2064" timestamp="2020-10-28T04:49:23.966" intervalms="28.951" type="nursery" />
<cycle-start id="267" type="scavenge" contextid="0" timestamp="2020-10-28T04:49:23.966" intervalms="29.010" />
<gc-start id="268" type="scavenge" contextid="267" timestamp="2020-10-28T04:49:23.966">
  <mem-info id="269" free="2379704" total="14942208" percent="15">
    <mem type="nursery" free="0" total="7077888" percent="0">
      <mem type="allocate" free="0" total="5963776" percent="0" />
      <mem type="survivor" free="0" total="1114112" percent="0" />
    </mem>
    <mem type="tenure" free="2379704" total="7864320" percent="30">
      <mem type="soa" free="1986488" total="7471104" percent="26" />
      <mem type="loa" free="393216" total="393216" percent="100" />
    </mem>
    <remembered-set count="382" />
  </mem-info>
</gc-start>
<allocation-stats totalBytes="5342936" >
  <allocated-bytes non-tlh="16" tlh="5342920" />
  <largest-consumer threadName="Equinox start level thread - Equinox Container: c8e18c6c-1dcb-4006-b7a7-5bb095d171a8" threadId="00000000004AFD00" bytes="1969064" />
</allocation-stats>
<gc-op id="270" type="scavenge" timems="5.140" contextid="267" timestamp="2020-10-28T04:49:23.971">
  <scavenger-info tenureage="5" tenuremask="7fe0" tiltratio="84" />
  <memory-copied type="nursery" objects="10871" bytes="403448" bytesdiscarded="104712" />
  <memory-copied type="tenure" objects="2384" bytes="62464" bytesdiscarded="72" />
</gc-op>
<heap-resize id="271" type="expand" space="nursery" amount="655360" count="1" timems="0.035" reason="excessive time being spent scavenging" timestamp="2020-10-28T04:49:23.971" />
<gc-end id="272" type="scavenge" contextid="267" durationms="5.561" usertimems="7.451" systemtimems="0.247" timestamp="2020-10-28T04:49:23.971" activeThreads="3">
  <mem-info id="273" free="8494920" total="15597568" percent="54">
    <mem type="nursery" free="6242048" total="7733248" percent="80">
      <mem type="allocate" free="6242048" total="6750208" percent="92" />
      <mem type="survivor" free="0" total="983040" percent="0" />
    </mem>
    <mem type="tenure" free="2252872" total="7864320" percent="28">
      <mem type="soa" free="1859656" total="7471104" percent="24" />
      <mem type="loa" free="393216" total="393216" percent="100" />
    </mem>
    <remembered-set count="341" />
  </mem-info>
</gc-end>
<cycle-end id="274" type="scavenge" contextid="267" timestamp="2020-10-28T04:49:23.972" />
<allocation-satisfied id="275" threadId="00000000004AFD00" bytesRequested="2064" />
<af-end id="276" timestamp="2020-10-28T04:49:23.972" threadId="00000000004B0680" success="true" from="nursery"/>
<exclusive-end id="277" timestamp="2020-10-28T04:49:23.972" durationms="6.470" />

<exclusive-start id="278" timestamp="2020-10-28T04:49:24.004" intervalms="38.769">
  <response-info timems="2.934" idlems="1.697" threads="2" lastid="00000000004A8000" lastname="Equinox start level thread - Equinox Container: c8e18c6c-1dcb-4" />
</exclusive-start>
<af-start id="279" threadId="00000000004B4180" totalBytesRequested="72" timestamp="2020-10-28T04:49:24.004" intervalms="38.668" type="nursery" />
<cycle-start id="280" type="scavenge" contextid="0" timestamp="2020-10-28T04:49:24.004" intervalms="38.522" />
<gc-start id="281" type="scavenge" contextid="280" timestamp="2020-10-28T04:49:24.004">
  <mem-info id="282" free="2252872" total="15597568" percent="14">
    <mem type="nursery" free="0" total="7733248" percent="0">
      <mem type="allocate" free="0" total="6750208" percent="0" />
      <mem type="survivor" free="0" total="983040" percent="0" />
    </mem>
    <mem type="tenure" free="2252872" total="7864320" percent="28">
      <mem type="soa" free="1859656" total="7471104" percent="24" />
      <mem type="loa" free="393216" total="393216" percent="100" />
    </mem>
    <remembered-set count="382" />
  </mem-info>
</gc-start>
<allocation-stats totalBytes="6237576" >
  <allocated-bytes non-tlh="2064" tlh="6235512" />
  <largest-consumer threadName="Equinox start level thread - Equinox Container: c8e18c6c-1dcb-4006-b7a7-5bb095d171a8" threadId="00000000004AFD00" bytes="2795384" />
</allocation-stats>
<gc-op id="283" type="scavenge" timems="8.925" contextid="280" timestamp="2020-10-28T04:49:24.013">
  <scavenger-info tenureage="7" tenuremask="7f80" tiltratio="87" />
  <memory-copied type="nursery" objects="16491" bytes="670600" bytesdiscarded="67656" />
</gc-op>
<heap-resize id="284" type="expand" space="nursery" amount="1048576" count="1" timems="0.054" reason="excessive time being spent scavenging" timestamp="2020-10-28T04:49:24.017" />
<gc-end id="285" type="scavenge" contextid="280" durationms="13.303" usertimems="3.996" systemtimems="2.473" timestamp="2020-10-28T04:49:24.018" activeThreads="3">
  <mem-info id="286" free="9182328" total="16646144" percent="55">
    <mem type="nursery" free="6929456" total="8781824" percent="78">
      <mem type="allocate" free="6929456" total="7667712" percent="90" />
      <mem type="survivor" free="0" total="1114112" percent="0" />
    </mem>
    <mem type="tenure" free="2252872" total="7864320" percent="28">
      <mem type="soa" free="1859656" total="7471104" percent="24" />
      <mem type="loa" free="393216" total="393216" percent="100" />
    </mem>
    <remembered-set count="374" />
  </mem-info>
</gc-end>
<cycle-end id="287" type="scavenge" contextid="280" timestamp="2020-10-28T04:49:24.018" />
<allocation-satisfied id="288" threadId="00000000004B3800" bytesRequested="72" />
<af-end id="289" timestamp="2020-10-28T04:49:24.018" threadId="00000000004B4180" success="true" from="nursery"/>
<exclusive-end id="290" timestamp="2020-10-28T04:49:24.018" durationms="13.835" />

<exclusive-start id="291" timestamp="2020-10-28T04:49:24.066" intervalms="62.129">
  <response-info timems="3.112" idlems="1.617" threads="1" lastid="00000000004B3800" lastname="Equinox start level thread - Equinox Container: c8e18c6c-1dcb-4" />
</exclusive-start>
<af-start id="292" threadId="00000000004A8980" totalBytesRequested="72" timestamp="2020-10-28T04:49:24.066" intervalms="62.150" type="nursery" />
<cycle-start id="293" type="scavenge" contextid="0" timestamp="2020-10-28T04:49:24.066" intervalms="62.163" />
<gc-start id="294" type="scavenge" contextid="293" timestamp="2020-10-28T04:49:24.067">
  <mem-info id="295" free="2252832" total="16646144" percent="13">
    <mem type="nursery" free="0" total="8781824" percent="0">
      <mem type="allocate" free="0" total="7667712" percent="0" />
      <mem type="survivor" free="0" total="1114112" percent="0" />
    </mem>
    <mem type="tenure" free="2252832" total="7864320" percent="28">
      <mem type="soa" free="1859616" total="7471104" percent="24" />
      <mem type="loa" free="393216" total="393216" percent="100" />
    </mem>
    <remembered-set count="494" />
  </mem-info>
</gc-start>
<allocation-stats totalBytes="6923768" >
  <allocated-bytes non-tlh="112" tlh="6923656" />
  <largest-consumer threadName="Equinox start level thread - Equinox Container: c8e18c6c-1dcb-4006-b7a7-5bb095d171a8" threadId="00000000004AFD00" bytes="4727600" />
</allocation-stats>
<gc-op id="296" type="scavenge" timems="5.137" contextid="293" timestamp="2020-10-28T04:49:24.072">
  <scavenger-info tenureage="8" tenuremask="7f00" tiltratio="87" />
  <memory-copied type="nursery" objects="18796" bytes="745328" bytesdiscarded="151896" />
</gc-op>
<heap-resize id="297" type="expand" space="nursery" amount="393216" count="1" timems="0.042" reason="excessive time being spent scavenging" timestamp="2020-10-28T04:49:24.072" />
<gc-end id="298" type="scavenge" contextid="293" durationms="5.593" usertimems="4.656" systemtimems="2.467" timestamp="2020-10-28T04:49:24.072" activeThreads="3">
  <mem-info id="299" free="9547600" total="17039360" percent="56">
    <mem type="nursery" free="7294768" total="9175040" percent="79">
      <mem type="allocate" free="7294768" total="8192000" percent="89" />
      <mem type="survivor" free="0" total="983040" percent="0" />
    </mem>
    <mem type="tenure" free="2252832" total="7864320" percent="28">
      <mem type="soa" free="1859616" total="7471104" percent="24" />
      <mem type="loa" free="393216" total="393216" percent="100" />
    </mem>
    <remembered-set count="476" />
  </mem-info>
</gc-end>
<cycle-end id="300" type="scavenge" contextid="293" timestamp="2020-10-28T04:49:24.072" />
<allocation-satisfied id="301" threadId="00000000004A8000" bytesRequested="72" />
<af-end id="302" timestamp="2020-10-28T04:49:24.072" threadId="00000000004A8980" success="true" from="nursery"/>
<exclusive-end id="303" timestamp="2020-10-28T04:49:24.072" durationms="6.115" />

<exclusive-start id="304" timestamp="2020-10-28T04:49:24.161" intervalms="95.000">
  <response-info timems="7.114" idlems="4.596" threads="1" lastid="00000000004B3800" lastname="Equinox start level thread - Equinox Container: c8e18c6c-1dcb-4" />
</exclusive-start>
<af-start id="305" threadId="00000000004B0680" totalBytesRequested="16" timestamp="2020-10-28T04:49:24.161" intervalms="95.061" type="nursery" />
<cycle-start id="306" type="scavenge" contextid="0" timestamp="2020-10-28T04:49:24.162" intervalms="95.467" />
<gc-start id="307" type="scavenge" contextid="306" timestamp="2020-10-28T04:49:24.162">
  <mem-info id="308" free="2252832" total="17039360" percent="13">
    <mem type="nursery" free="0" total="9175040" percent="0">
      <mem type="allocate" free="0" total="8192000" percent="0" />
      <mem type="survivor" free="0" total="983040" percent="0" />
    </mem>
    <mem type="tenure" free="2252832" total="7864320" percent="28">
      <mem type="soa" free="1859616" total="7471104" percent="24" />
      <mem type="loa" free="393216" total="393216" percent="100" />
    </mem>
    <remembered-set count="503" />
  </mem-info>
</gc-start>
<allocation-stats totalBytes="7287744" >
  <allocated-bytes non-tlh="72" tlh="7287672" />
  <largest-consumer threadName="Equinox start level thread - Equinox Container: c8e18c6c-1dcb-4006-b7a7-5bb095d171a8" threadId="00000000004A8000" bytes="3289976" />
</allocation-stats>
<gc-op id="309" type="scavenge" timems="18.178" contextid="306" timestamp="2020-10-28T04:49:24.180">
  <scavenger-info tenureage="9" tenuremask="7e00" tiltratio="89" />
  <memory-copied type="nursery" objects="18692" bytes="569144" bytesdiscarded="62832" />
</gc-op>
<heap-resize id="310" type="expand" space="nursery" amount="786432" count="1" timems="0.042" reason="excessive time being spent scavenging" timestamp="2020-10-28T04:49:24.182" />
<gc-end id="311" type="scavenge" contextid="306" durationms="19.753" usertimems="9.582" systemtimems="1.406" timestamp="2020-10-28T04:49:24.182" activeThreads="3">
  <mem-info id="312" free="10533752" total="17825792" percent="59">
    <mem type="nursery" free="8280920" total="9961472" percent="83">
      <mem type="allocate" free="8280920" total="8912896" percent="92" />
      <mem type="survivor" free="0" total="1048576" percent="0" />
    </mem>
    <mem type="tenure" free="2252832" total="7864320" percent="28">
      <mem type="soa" free="1859616" total="7471104" percent="24" />
      <mem type="loa" free="393216" total="393216" percent="100" />
    </mem>
    <remembered-set count="495" />
  </mem-info>
</gc-end>
<cycle-end id="313" type="scavenge" contextid="306" timestamp="2020-10-28T04:49:24.182" />
<allocation-satisfied id="314" threadId="00000000004AFD00" bytesRequested="16" />
<af-end id="315" timestamp="2020-10-28T04:49:24.182" threadId="00000000004B0680" success="true" from="nursery"/>
<exclusive-end id="316" timestamp="2020-10-28T04:49:24.182" durationms="20.753" />

<exclusive-start id="317" timestamp="2020-10-28T04:49:24.255" intervalms="94.194">
  <response-info timems="3.325" idlems="2.491" threads="1" lastid="00000000004B3800" lastname="Equinox start level thread - Equinox Container: c8e18c6c-1dcb-4" />
</exclusive-start>
<af-start id="318" threadId="00000000004A8980" totalBytesRequested="24" timestamp="2020-10-28T04:49:24.256" intervalms="94.211" type="nursery" />
<cycle-start id="319" type="scavenge" contextid="0" timestamp="2020-10-28T04:49:24.256" intervalms="93.864" />
<gc-start id="320" type="scavenge" contextid="319" timestamp="2020-10-28T04:49:24.256">
  <mem-info id="321" free="2252832" total="17825792" percent="12">
    <mem type="nursery" free="0" total="9961472" percent="0">
      <mem type="allocate" free="0" total="8912896" percent="0" />
      <mem type="survivor" free="0" total="1048576" percent="0" />
    </mem>
    <mem type="tenure" free="2252832" total="7864320" percent="28">
      <mem type="soa" free="1859616" total="7471104" percent="24" />
      <mem type="loa" free="393216" total="393216" percent="100" />
    </mem>
    <remembered-set count="530" />
  </mem-info>
</gc-start>
<allocation-stats totalBytes="8275872" >
  <allocated-bytes non-tlh="16" tlh="8275856" />
  <largest-consumer threadName="Equinox start level thread - Equinox Container: c8e18c6c-1dcb-4006-b7a7-5bb095d171a8" threadId="00000000004AFD00" bytes="2828984" />
</allocation-stats>
<gc-op id="322" type="scavenge" timems="20.572" contextid="319" timestamp="2020-10-28T04:49:24.277">
  <scavenger-info tenureage="10" tenuremask="7c00" tiltratio="89" />
  <memory-copied type="nursery" objects="24088" bytes="1048192" bytesdiscarded="376" />
  <memory-copied type="tenure" objects="6565" bytes="229880" bytesdiscarded="488" />
  <copy-failed type="nursery" objects="6565" bytes="229880" />
</gc-op>
<heap-resize id="323" type="expand" space="nursery" amount="1048576" count="1" timems="0.059" reason="excessive time being spent scavenging" timestamp="2020-10-28T04:49:24.277" />
<gc-end id="324" type="scavenge" contextid="319" durationms="21.466" usertimems="17.192" systemtimems="0.955" timestamp="2020-10-28T04:49:24.277" activeThreads="3">
  <mem-info id="325" free="9508624" total="18874368" percent="50">
    <mem type="nursery" free="7536640" total="11010048" percent="68">
      <mem type="allocate" free="7536640" total="8585216" percent="87" />
      <mem type="survivor" free="0" total="2424832" percent="0" />
    </mem>
    <mem type="tenure" free="1971984" total="7864320" percent="25">
      <mem type="soa" free="1578768" total="7471104" percent="21" />
      <mem type="loa" free="393216" total="393216" percent="100" />
    </mem>
    <remembered-set count="678" />
  </mem-info>
</gc-end>
<cycle-end id="326" type="scavenge" contextid="319" timestamp="2020-10-28T04:49:24.277" />
<allocation-satisfied id="327" threadId="00000000004A8000" bytesRequested="24" />
<af-end id="328" timestamp="2020-10-28T04:49:24.278" threadId="00000000004A8980" success="true" from="nursery"/>
<exclusive-end id="329" timestamp="2020-10-28T04:49:24.278" durationms="22.191" />

<exclusive-start id="330" timestamp="2020-10-28T04:49:24.352" intervalms="96.156">
  <response-info timems="3.998" idlems="1.801" threads="2" lastid="00000000004AFD00" lastname="Equinox start level thread - Equinox Container: c8e18c6c-1dcb-4" />
</exclusive-start>
<af-start id="331" threadId="00000000004A8980" totalBytesRequested="1032" timestamp="2020-10-28T04:49:24.352" intervalms="96.174" type="nursery" />
<cycle-start id="332" type="scavenge" contextid="0" timestamp="2020-10-28T04:49:24.352" intervalms="96.123" />
<gc-start id="333" type="scavenge" contextid="332" timestamp="2020-10-28T04:49:24.352">
  <mem-info id="334" free="1971984" total="18874368" percent="10">
    <mem type="nursery" free="0" total="11010048" percent="0">
      <mem type="allocate" free="0" total="8585216" percent="0" />
      <mem type="survivor" free="0" total="2424832" percent="0" />
    </mem>
    <mem type="tenure" free="1971984" total="7864320" percent="25">
      <mem type="soa" free="1578768" total="7471104" percent="21" />
      <mem type="loa" free="393216" total="393216" percent="100" />
    </mem>
    <remembered-set count="776" />
  </mem-info>
</gc-start>
<allocation-stats totalBytes="7527560" >
  <allocated-bytes non-tlh="24" tlh="7527536" />
  <largest-consumer threadName="Equinox start level thread - Equinox Container: c8e18c6c-1dcb-4006-b7a7-5bb095d171a8" threadId="00000000004AFD00" bytes="4333480" />
</allocation-stats>
<gc-op id="335" type="scavenge" timems="19.152" contextid="332" timestamp="2020-10-28T04:49:24.371">
  <scavenger-info tenureage="10" tenuremask="7c00" tiltratio="77" />
  <memory-copied type="nursery" objects="35360" bytes="1472272" bytesdiscarded="62784" />
</gc-op>
<heap-resize id="336" type="expand" space="nursery" amount="1179648" count="1" timems="0.047" reason="excessive time being spent scavenging" timestamp="2020-10-28T04:49:24.371" />
<gc-end id="337" type="scavenge" contextid="332" durationms="19.498" usertimems="17.851" systemtimems="1.763" timestamp="2020-10-28T04:49:24.372" activeThreads="3">
  <mem-info id="338" free="10463936" total="20054016" percent="52">
    <mem type="nursery" free="8491952" total="12189696" percent="69">
      <mem type="allocate" free="8491952" total="10027008" percent="84" />
      <mem type="survivor" free="0" total="2162688" percent="0" />
    </mem>
    <mem type="tenure" free="1971984" total="7864320" percent="25">
      <mem type="soa" free="1578768" total="7471104" percent="21" />
      <mem type="loa" free="393216" total="393216" percent="100" />
    </mem>
    <remembered-set count="756" />
  </mem-info>
</gc-end>
<cycle-end id="339" type="scavenge" contextid="332" timestamp="2020-10-28T04:49:24.372" />
<allocation-satisfied id="340" threadId="00000000004A8000" bytesRequested="1032" />
<af-end id="341" timestamp="2020-10-28T04:49:24.372" threadId="00000000004A8980" success="true" from="nursery"/>
<exclusive-end id="342" timestamp="2020-10-28T04:49:24.372" durationms="20.295" />

<exclusive-start id="343" timestamp="2020-10-28T04:49:24.430" intervalms="78.482">
  <response-info timems="0.213" idlems="0.213" threads="0" lastid="00000000004AFD00" lastname="Equinox start level thread - Equinox Container: c8e18c6c-1dcb-4" />
</exclusive-start>
<af-start id="344" threadId="00000000004B0680" totalBytesRequested="24" timestamp="2020-10-28T04:49:24.430" intervalms="78.394" type="nursery" />
<cycle-start id="345" type="scavenge" contextid="0" timestamp="2020-10-28T04:49:24.430" intervalms="78.389" />
<gc-start id="346" type="scavenge" contextid="345" timestamp="2020-10-28T04:49:24.430">
  <mem-info id="347" free="1971984" total="20054016" percent="9">
    <mem type="nursery" free="0" total="12189696" percent="0">
      <mem type="allocate" free="0" total="10027008" percent="0" />
      <mem type="survivor" free="0" total="2162688" percent="0" />
    </mem>
    <mem type="tenure" free="1971984" total="7864320" percent="25">
      <mem type="soa" free="1578768" total="7471104" percent="21" />
      <mem type="loa" free="393216" total="393216" percent="100" />
    </mem>
    <remembered-set count="798" />
  </mem-info>
</gc-start>
<allocation-stats totalBytes="8483584" >
  <allocated-bytes non-tlh="1032" tlh="8482552" />
  <largest-consumer threadName="Equinox start level thread - Equinox Container: c8e18c6c-1dcb-4006-b7a7-5bb095d171a8" threadId="00000000004AFD00" bytes="4420080" />
</allocation-stats>
<gc-op id="348" type="scavenge" timems="12.997" contextid="345" timestamp="2020-10-28T04:49:24.444">
  <scavenger-info tenureage="10" tenuremask="7c00" tiltratio="82" />
  <memory-copied type="nursery" objects="20124" bytes="629168" bytesdiscarded="87344" />
  <memory-copied type="tenure" objects="1928" bytes="54560" bytesdiscarded="16" />
</gc-op>
<heap-resize id="349" type="expand" space="nursery" amount="1048576" count="1" timems="0.055" reason="excessive time being spent scavenging" timestamp="2020-10-28T04:49:24.444" />
<gc-end id="350" type="scavenge" contextid="345" durationms="13.932" usertimems="11.364" systemtimems="4.147" timestamp="2020-10-28T04:49:24.444" activeThreads="3">
  <mem-info id="351" free="12412976" total="21102592" percent="58">
    <mem type="nursery" free="10490144" total="13238272" percent="79">
      <mem type="allocate" free="10490144" total="11206656" percent="93" />
      <mem type="survivor" free="0" total="2031616" percent="0" />
    </mem>
    <mem type="tenure" free="1922832" total="7864320" percent="24">
      <mem type="soa" free="1529616" total="7471104" percent="20" />
      <mem type="loa" free="393216" total="393216" percent="100" />
    </mem>
    <remembered-set count="783" />
  </mem-info>
</gc-end>
<cycle-end id="352" type="scavenge" contextid="345" timestamp="2020-10-28T04:49:24.444" />
<allocation-satisfied id="353" threadId="00000000004AFD00" bytesRequested="24" />
<af-end id="354" timestamp="2020-10-28T04:49:24.447" threadId="00000000004B0680" success="true" from="nursery"/>
<exclusive-end id="355" timestamp="2020-10-28T04:49:24.447" durationms="16.765" />

<exclusive-start id="356" timestamp="2020-10-28T04:49:24.511" intervalms="80.797">
  <response-info timems="9.115" idlems="8.386" threads="2" lastid="00000000004A8000" lastname="Equinox start level thread - Equinox Container: c8e18c6c-1dcb-4" />
</exclusive-start>
<af-start id="357" threadId="00000000004B4180" totalBytesRequested="72" timestamp="2020-10-28T04:49:24.511" intervalms="80.817" type="nursery" />
<cycle-start id="358" type="scavenge" contextid="0" timestamp="2020-10-28T04:49:24.511" intervalms="80.837" />
<gc-start id="359" type="scavenge" contextid="358" timestamp="2020-10-28T04:49:24.511">
  <mem-info id="360" free="1922832" total="21102592" percent="9">
    <mem type="nursery" free="0" total="13238272" percent="0">
      <mem type="allocate" free="0" total="11206656" percent="0" />
      <mem type="survivor" free="0" total="2031616" percent="0" />
    </mem>
    <mem type="tenure" free="1922832" total="7864320" percent="24">
      <mem type="soa" free="1529616" total="7471104" percent="20" />
      <mem type="loa" free="393216" total="393216" percent="100" />
    </mem>
    <remembered-set count="820" />
  </mem-info>
</gc-start>
<allocation-stats totalBytes="10481408" >
  <allocated-bytes non-tlh="24" tlh="10481384" />
  <largest-consumer threadName="Equinox start level thread - Equinox Container: c8e18c6c-1dcb-4006-b7a7-5bb095d171a8" threadId="00000000004B3800" bytes="7175144" />
</allocation-stats>
<gc-op id="361" type="scavenge" timems="17.448" contextid="358" timestamp="2020-10-28T04:49:24.529">
  <scavenger-info tenureage="7" tenuremask="7a80" tiltratio="84" />
  <memory-copied type="nursery" objects="22853" bytes="939456" bytesdiscarded="161320" />
  <memory-copied type="tenure" objects="3067" bytes="86776" bytesdiscarded="0" />
</gc-op>
<heap-resize id="362" type="expand" space="nursery" amount="1310720" count="1" timems="0.037" reason="excessive time being spent scavenging" timestamp="2020-10-28T04:49:24.529" />
<gc-end id="363" type="scavenge" contextid="358" durationms="17.867" usertimems="10.881" systemtimems="3.499" timestamp="2020-10-28T04:49:24.529" activeThreads="3">
  <mem-info id="364" free="13265696" total="22413312" percent="59">
    <mem type="nursery" free="11482128" total="14548992" percent="78">
      <mem type="allocate" free="11482128" total="12582912" percent="91" />
      <mem type="survivor" free="0" total="1966080" percent="0" />
    </mem>
    <mem type="tenure" free="1783568" total="7864320" percent="22">
      <mem type="soa" free="1390352" total="7471104" percent="18" />
      <mem type="loa" free="393216" total="393216" percent="100" />
    </mem>
    <remembered-set count="741" />
  </mem-info>
</gc-end>
<cycle-end id="365" type="scavenge" contextid="358" timestamp="2020-10-28T04:49:24.529" />
<allocation-satisfied id="366" threadId="00000000004B3800" bytesRequested="72" />
<af-end id="367" timestamp="2020-10-28T04:49:24.529" threadId="00000000004B4180" success="true" from="nursery"/>
<exclusive-end id="368" timestamp="2020-10-28T04:49:24.529" durationms="18.492" />

<exclusive-start id="369" timestamp="2020-10-28T04:49:24.610" intervalms="98.759">
  <response-info timems="3.840" idlems="1.962" threads="1" lastid="00000000004AFD00" lastname="Equinox start level thread - Equinox Container: c8e18c6c-1dcb-4" />
</exclusive-start>
<af-start id="370" threadId="00000000004B4180" totalBytesRequested="72" timestamp="2020-10-28T04:49:24.610" intervalms="98.887" type="nursery" />
<cycle-start id="371" type="scavenge" contextid="0" timestamp="2020-10-28T04:49:24.610" intervalms="98.938" />
<gc-start id="372" type="scavenge" contextid="371" timestamp="2020-10-28T04:49:24.610">
  <mem-info id="373" free="1783568" total="22413312" percent="7">
    <mem type="nursery" free="0" total="14548992" percent="0">
      <mem type="allocate" free="0" total="12582912" percent="0" />
      <mem type="survivor" free="0" total="1966080" percent="0" />
    </mem>
    <mem type="tenure" free="1783568" total="7864320" percent="22">
      <mem type="soa" free="1390352" total="7471104" percent="18" />
      <mem type="loa" free="393216" total="393216" percent="100" />
    </mem>
    <remembered-set count="771" />
  </mem-info>
</gc-start>
<allocation-stats totalBytes="11475584" >
  <allocated-bytes non-tlh="72" tlh="11475512" />
  <largest-consumer threadName="Equinox start level thread - Equinox Container: c8e18c6c-1dcb-4006-b7a7-5bb095d171a8" threadId="00000000004B3800" bytes="5797752" />
</allocation-stats>
<gc-op id="374" type="scavenge" timems="7.521" contextid="371" timestamp="2020-10-28T04:49:24.618">
  <scavenger-info tenureage="12" tenuremask="7000" tiltratio="86" />
  <memory-copied type="nursery" objects="23657" bytes="738128" bytesdiscarded="91568" />
</gc-op>
<heap-resize id="375" type="expand" space="nursery" amount="655360" count="1" timems="0.039" reason="excessive time being spent scavenging" timestamp="2020-10-28T04:49:24.618" />
<gc-end id="376" type="scavenge" contextid="371" durationms="7.946" usertimems="7.154" systemtimems="1.751" timestamp="2020-10-28T04:49:24.618" activeThreads="3">
  <mem-info id="377" free="14519824" total="23068672" percent="62">
    <mem type="nursery" free="12736256" total="15204352" percent="83">
      <mem type="allocate" free="12736256" total="13565952" percent="93" />
      <mem type="survivor" free="0" total="1638400" percent="0" />
    </mem>
    <mem type="tenure" free="1783568" total="7864320" percent="22">
      <mem type="soa" free="1390352" total="7471104" percent="18" />
      <mem type="loa" free="393216" total="393216" percent="100" />
    </mem>
    <remembered-set count="750" />
  </mem-info>
</gc-end>
<cycle-end id="378" type="scavenge" contextid="371" timestamp="2020-10-28T04:49:24.618" />
<allocation-satisfied id="379" threadId="00000000004B3800" bytesRequested="72" />
<af-end id="380" timestamp="2020-10-28T04:49:24.618" threadId="00000000004B4180" success="true" from="nursery"/>
<exclusive-end id="381" timestamp="2020-10-28T04:49:24.619" durationms="8.948" />

<exclusive-start id="382" timestamp="2020-10-28T04:49:24.700" intervalms="90.259">
  <response-info timems="0.258" idlems="0.258" threads="0" lastid="00000000004A8000" lastname="Equinox start level thread - Equinox Container: c8e18c6c-1dcb-4" />
</exclusive-start>
<af-start id="383" threadId="00000000004A8980" totalBytesRequested="144" timestamp="2020-10-28T04:49:24.700" intervalms="90.091" type="nursery" />
<cycle-start id="384" type="scavenge" contextid="0" timestamp="2020-10-28T04:49:24.700" intervalms="90.023" />
<gc-start id="385" type="scavenge" contextid="384" timestamp="2020-10-28T04:49:24.700">
  <mem-info id="386" free="1783568" total="23068672" percent="7">
    <mem type="nursery" free="0" total="15204352" percent="0">
      <mem type="allocate" free="0" total="13565952" percent="0" />
      <mem type="survivor" free="0" total="1638400" percent="0" />
    </mem>
    <mem type="tenure" free="1783568" total="7864320" percent="22">
      <mem type="soa" free="1390352" total="7471104" percent="18" />
      <mem type="loa" free="393216" total="393216" percent="100" />
    </mem>
    <remembered-set count="794" />
  </mem-info>
</gc-start>
<allocation-stats totalBytes="12728728" >
  <allocated-bytes non-tlh="72" tlh="12728656" />
  <largest-consumer threadName="Equinox start level thread - Equinox Container: c8e18c6c-1dcb-4006-b7a7-5bb095d171a8" threadId="00000000004AFD00" bytes="5537480" />
</allocation-stats>
<gc-op id="387" type="scavenge" timems="4.806" contextid="384" timestamp="2020-10-28T04:49:24.705">
  <scavenger-info tenureage="13" tenuremask="6000" tiltratio="89" />
  <memory-copied type="nursery" objects="27662" bytes="878848" bytesdiscarded="51560" />
</gc-op>
<gc-end id="388" type="scavenge" contextid="384" durationms="5.058" usertimems="7.208" systemtimems="0.877" timestamp="2020-10-28T04:49:24.705" activeThreads="3">
  <mem-info id="389" free="14484648" total="23068672" percent="62">
    <mem type="nursery" free="12701080" total="15204352" percent="83">
      <mem type="allocate" free="12701080" total="13631488" percent="93" />
      <mem type="survivor" free="0" total="1572864" percent="0" />
    </mem>
    <mem type="tenure" free="1783568" total="7864320" percent="22">
      <mem type="soa" free="1390352" total="7471104" percent="18" />
      <mem type="loa" free="393216" total="393216" percent="100" />
    </mem>
    <remembered-set count="783" />
  </mem-info>
</gc-end>
<cycle-end id="390" type="scavenge" contextid="384" timestamp="2020-10-28T04:49:24.705" />
<allocation-satisfied id="391" threadId="00000000004A8000" bytesRequested="144" />
<af-end id="392" timestamp="2020-10-28T04:49:24.706" threadId="00000000004A8980" success="true" from="nursery"/>
<exclusive-end id="393" timestamp="2020-10-28T04:49:24.706" durationms="5.964" />

<exclusive-start id="394" timestamp="2020-10-28T04:49:24.843" intervalms="142.738">
  <response-info timems="0.668" idlems="0.668" threads="0" lastid="00000000004A8000" lastname="Equinox start level thread - Equinox Container: c8e18c6c-1dcb-4" />
</exclusive-start>
<af-start id="395" threadId="00000000004A8980" totalBytesRequested="40" timestamp="2020-10-28T04:49:24.843" intervalms="142.758" type="nursery" />
<cycle-start id="396" type="scavenge" contextid="0" timestamp="2020-10-28T04:49:24.843" intervalms="142.805" />
<gc-start id="397" type="scavenge" contextid="396" timestamp="2020-10-28T04:49:24.843">
  <mem-info id="398" free="1783568" total="23068672" percent="7">
    <mem type="nursery" free="0" total="15204352" percent="0">
      <mem type="allocate" free="0" total="13631488" percent="0" />
      <mem type="survivor" free="0" total="1572864" percent="0" />
    </mem>
    <mem type="tenure" free="1783568" total="7864320" percent="22">
      <mem type="soa" free="1390352" total="7471104" percent="18" />
      <mem type="loa" free="393216" total="393216" percent="100" />
    </mem>
    <remembered-set count="1050" />
  </mem-info>
</gc-start>
<allocation-stats totalBytes="12691792" >
  <allocated-bytes non-tlh="144" tlh="12691648" />
  <largest-consumer threadName="Equinox start level thread - Equinox Container: c8e18c6c-1dcb-4006-b7a7-5bb095d171a8" threadId="00000000004AFD00" bytes="6239520" />
</allocation-stats>
<gc-op id="399" type="scavenge" timems="17.420" contextid="396" timestamp="2020-10-28T04:49:24.860">
  <scavenger-info tenureage="6" tenuremask="4240" tiltratio="89" />
  <memory-copied type="nursery" objects="24111" bytes="1570672" bytesdiscarded="2192" />
  <memory-copied type="tenure" objects="25365" bytes="740944" bytesdiscarded="112" />
  <copy-failed type="nursery" objects="21889" bytes="640824" />
</gc-op>
<heap-resize id="400" type="expand" space="nursery" amount="917504" count="1" timems="0.054" reason="excessive time being spent scavenging" timestamp="2020-10-28T04:49:24.861" />
<gc-end id="401" type="scavenge" contextid="396" durationms="17.897" usertimems="16.823" systemtimems="1.949" timestamp="2020-10-28T04:49:24.861" activeThreads="3">
  <mem-info id="402" free="11457808" total="23986176" percent="47">
    <mem type="nursery" free="10485760" total="16121856" percent="65">
      <mem type="allocate" free="10485760" total="12058624" percent="86" />
      <mem type="survivor" free="0" total="4063232" percent="0" />
    </mem>
    <mem type="tenure" free="972048" total="7864320" percent="12">
      <mem type="soa" free="578832" total="7471104" percent="7" />
      <mem type="loa" free="393216" total="393216" percent="100" />
    </mem>
    <remembered-set count="1763" />
  </mem-info>
</gc-end>
<cycle-end id="403" type="scavenge" contextid="396" timestamp="2020-10-28T04:49:24.861" />
<allocation-satisfied id="404" threadId="00000000004A8000" bytesRequested="40" />
<af-end id="405" timestamp="2020-10-28T04:49:24.861" threadId="00000000004A8980" success="true" from="nursery"/>
<exclusive-end id="406" timestamp="2020-10-28T04:49:24.861" durationms="18.378" />

<concurrent-kickoff id="407" timestamp="2020-10-28T04:49:24.905">
  <kickoff reason="threshold reached" targetBytes="2644812" thresholdFreeBytes="363745"  remainingFree="233472" tenureFreeBytes="972048" nurseryFreeBytes="233472" />
</concurrent-kickoff>
<exclusive-start id="408" timestamp="2020-10-28T04:49:24.906" intervalms="62.838">
  <response-info timems="0.230" idlems="0.230" threads="0" lastid="00000000004AFD00" lastname="Equinox start level thread - Equinox Container: c8e18c6c-1dcb-4" />
</exclusive-start>
<cycle-start id="409" type="global" contextid="0" timestamp="2020-10-28T04:49:24.906" intervalms="1104.550" />
<exclusive-end id="410" timestamp="2020-10-28T04:49:24.906" durationms="0.153" />

<exclusive-start id="411" timestamp="2020-10-28T04:49:24.906" intervalms="0.760">
  <response-info timems="0.259" idlems="0.259" threads="0" lastid="00000000004A8000" lastname="Equinox start level thread - Equinox Container: c8e18c6c-1dcb-4" />
</exclusive-start>
<af-start id="412" threadId="00000000004A8980" totalBytesRequested="2064" timestamp="2020-10-28T04:49:24.906" intervalms="63.545" type="nursery" />
<cycle-start id="413" type="scavenge" contextid="0" timestamp="2020-10-28T04:49:24.906" intervalms="63.476" />
<gc-start id="414" type="scavenge" contextid="413" timestamp="2020-10-28T04:49:24.906">
  <mem-info id="415" free="972048" total="23986176" percent="4">
    <mem type="nursery" free="0" total="16121856" percent="0">
      <mem type="allocate" free="0" total="12058624" percent="0" />
      <mem type="survivor" free="0" total="4063232" percent="0" />
    </mem>
    <mem type="tenure" free="972048" total="7864320" percent="12">
      <mem type="soa" free="578832" total="7471104" percent="7" />
      <mem type="loa" free="393216" total="393216" percent="100" />
    </mem>
    <remembered-set count="1795" />
  </mem-info>
</gc-start>
<allocation-stats totalBytes="10479208" >
  <allocated-bytes non-tlh="40" tlh="10479168" />
  <largest-consumer threadName="Equinox start level thread - Equinox Container: c8e18c6c-1dcb-4006-b7a7-5bb095d171a8" threadId="00000000004A8000" bytes="4563136" />
</allocation-stats>
<gc-op id="416" type="scavenge" timems="4.710" contextid="413" timestamp="2020-10-28T04:49:24.911">
  <scavenger-info tenureage="14" tenuremask="4000" tiltratio="74" />
  <memory-copied type="nursery" objects="21366" bytes="1217880" bytesdiscarded="185560" />
  <memory-copied type="tenure" objects="373" bytes="10320" bytesdiscarded="0" />
</gc-op>
<heap-resize id="417" type="expand" space="nursery" amount="655360" count="1" timems="0.034" reason="excessive time being spent scavenging" timestamp="2020-10-28T04:49:24.911" />
<gc-end id="418" type="scavenge" contextid="413" durationms="4.915" usertimems="6.866" systemtimems="2.424" timestamp="2020-10-28T04:49:24.911" activeThreads="3">
  <mem-info id="419" free="12610272" total="24641536" percent="51">
    <mem type="nursery" free="11638224" total="16777216" percent="69">
      <mem type="allocate" free="11638224" total="13041664" percent="89" />
      <mem type="survivor" free="0" total="3735552" percent="0" />
    </mem>
    <mem type="tenure" free="972048" total="7864320" percent="12">
      <mem type="soa" free="578832" total="7471104" percent="7" />
      <mem type="loa" free="393216" total="393216" percent="100" />
    </mem>
    <remembered-set count="1760" />
  </mem-info>
</gc-end>
<cycle-end id="420" type="scavenge" contextid="413" timestamp="2020-10-28T04:49:24.911" />
<allocation-satisfied id="421" threadId="00000000004A8000" bytesRequested="2064" />
<af-end id="422" timestamp="2020-10-28T04:49:24.912" threadId="00000000004A8980" success="true" from="nursery"/>
<exclusive-end id="423" timestamp="2020-10-28T04:49:24.912" durationms="5.337" />

<exclusive-start id="424" timestamp="2020-10-28T04:49:24.986" intervalms="79.958">
  <response-info timems="0.136" idlems="0.136" threads="0" lastid="00000000004A8000" lastname="Equinox start level thread - Equinox Container: c8e18c6c-1dcb-4" />
</exclusive-start>
<af-start id="425" threadId="00000000004A8980" totalBytesRequested="264" timestamp="2020-10-28T04:49:24.986" intervalms="79.947" type="nursery" />
<percolate-collect id="426" from="nursery" to="global" reason="concurrent mark exhausted" timestamp="2020-10-28T04:49:24.986"/>
<gc-start id="427" type="global" contextid="409" timestamp="2020-10-28T04:49:24.986">
  <mem-info id="428" free="972048" total="24641536" percent="3">
    <mem type="nursery" free="0" total="16777216" percent="0">
      <mem type="allocate" free="0" total="13041664" percent="0" />
      <mem type="survivor" free="0" total="3735552" percent="0" />
    </mem>
    <mem type="tenure" free="972048" total="7864320" percent="12">
      <mem type="soa" free="578832" total="7471104" percent="7" />
      <mem type="loa" free="393216" total="393216" percent="100" />
    </mem>
    <remembered-set count="1821" />
  </mem-info>
</gc-start>
<allocation-stats totalBytes="11631320" >
  <allocated-bytes non-tlh="2064" tlh="11629256" />
  <largest-consumer threadName="Equinox start level thread - Equinox Container: c8e18c6c-1dcb-4006-b7a7-5bb095d171a8" threadId="00000000004A8000" bytes="6498240" />
</allocation-stats>
<concurrent-halted id="429" timestamp="2020-10-28T04:49:24.986">
  <halted state="Complete" status="exhausted" />
  <traced bytesTarget="2600839" bytesTotal="3155528" bytesByMutator="1692464" bytesByHelper="1463064" percent="121" />
  <cards cleaned="87" thresholdBytes="143293" />
</concurrent-halted>
<gc-op id="430" type="rs-scan" timems="5.173" contextid="409" timestamp="2020-10-28T04:49:24.992">
  <scan objectsFound="710" bytesTraced="1471664" workStackOverflowCount="0" />
</gc-op>
<gc-op id="431" type="card-cleaning" timems="0.466" contextid="409" timestamp="2020-10-28T04:49:24.992">
  <card-cleaning cardsCleaned="0" bytesTraced="1088" workStackOverflowCount="0" />
</gc-op>
<gc-op id="432" type="mark" timems="3.767" contextid="409" timestamp="2020-10-28T04:49:24.996">
  <trace-info objectcount="19712" scancount="19147" scanbytes="981736" />
  <finalization candidates="55" enqueued="0" />
  <ownableSynchronizers candidates="328" cleared="0" />
  <references type="soft" candidates="1953" cleared="0" enqueued="0" dynamicThreshold="9" maxThreshold="32" />
  <references type="weak" candidates="1836" cleared="0" enqueued="0" />
  <references type="phantom" candidates="7" cleared="0" enqueued="0" />
  <stringconstants candidates="5603" cleared="0"  />
</gc-op>
<gc-op id="433" type="sweep" timems="1.222" contextid="409" timestamp="2020-10-28T04:49:24.997" />
<heap-resize id="434" type="expand" space="tenure" amount="1507328" count="1" timems="0.038" reason="insufficient free space following gc" timestamp="2020-10-28T04:49:24.997" />
<gc-end id="435" type="global" contextid="409" durationms="11.082" usertimems="19.634" systemtimems="1.401" timestamp="2020-10-28T04:49:24.997" activeThreads="3">
  <mem-info id="436" free="13302464" total="26148864" percent="50">
    <mem type="nursery" free="10446160" total="16777216" percent="62">
      <mem type="allocate" free="10446160" total="13041664" percent="80" />
      <mem type="survivor" free="0" total="3735552" percent="0" />
    </mem>
    <mem type="tenure" free="2856304" total="9371648" percent="30" micro-fragmented="121653" macro-fragmented="0">
      <mem type="soa" free="2387312" total="8902656" percent="26" />
      <mem type="loa" free="468992" total="468992" percent="100" />
    </mem>
    <remembered-set count="980" />
  </mem-info>
</gc-end>
<cycle-end id="437" type="global" contextid="409" timestamp="2020-10-28T04:49:24.998" />
<allocation-satisfied id="438" threadId="00000000004A8000" bytesRequested="264" />
<af-end id="439" timestamp="2020-10-28T04:49:24.998" threadId="00000000004A8980" success="true" from="nursery"/>
<exclusive-end id="440" timestamp="2020-10-28T04:49:24.998" durationms="11.481" />

<exclusive-start id="441" timestamp="2020-10-28T04:49:25.086" intervalms="100.243">
  <response-info timems="0.309" idlems="0.309" threads="0" lastid="00000000004A8000" lastname="Equinox start level thread - Equinox Container: c8e18c6c-1dcb-4" />
</exclusive-start>
<af-start id="442" threadId="00000000004A8980" totalBytesRequested="40" timestamp="2020-10-28T04:49:25.087" intervalms="100.369" type="nursery" />
<cycle-start id="443" type="scavenge" contextid="0" timestamp="2020-10-28T04:49:25.087" intervalms="180.377" />
<gc-start id="444" type="scavenge" contextid="443" timestamp="2020-10-28T04:49:25.087">
  <mem-info id="445" free="2856304" total="26148864" percent="10">
    <mem type="nursery" free="0" total="16777216" percent="0">
      <mem type="allocate" free="0" total="13041664" percent="0" />
      <mem type="survivor" free="0" total="3735552" percent="0" />
    </mem>
    <mem type="tenure" free="2856304" total="9371648" percent="30">
      <mem type="soa" free="2387312" total="8902656" percent="26" />
      <mem type="loa" free="468992" total="468992" percent="100" />
    </mem>
    <remembered-set count="1010" />
  </mem-info>
</gc-start>
<allocation-stats totalBytes="10400808" >
  <allocated-bytes non-tlh="45672" tlh="10355136" />
  <largest-consumer threadName="Equinox start level thread - Equinox Container: c8e18c6c-1dcb-4006-b7a7-5bb095d171a8" threadId="00000000004A8000" bytes="4850736" />
</allocation-stats>
<gc-op id="446" type="scavenge" timems="5.761" contextid="443" timestamp="2020-10-28T04:49:25.093">
  <scavenger-info tenureage="13" tenuremask="6000" tiltratio="77" />
  <memory-copied type="nursery" objects="27146" bytes="837120" bytesdiscarded="151320" />
  <memory-copied type="tenure" objects="491" bytes="14432" bytesdiscarded="64" />
  <ownableSynchronizers candidates="656" cleared="656" />
</gc-op>
<gc-end id="447" type="scavenge" contextid="443" durationms="6.004" usertimems="10.753" systemtimems="2.423" timestamp="2020-10-28T04:49:25.093" activeThreads="3">
  <mem-info id="448" free="15463304" total="26148864" percent="59">
    <mem type="nursery" free="12708576" total="16777216" percent="75">
      <mem type="allocate" free="12708576" total="13697024" percent="92" />
      <mem type="survivor" free="0" total="3080192" percent="0" />
    </mem>
    <mem type="tenure" free="2754728" total="9371648" percent="29">
      <mem type="soa" free="2285736" total="8902656" percent="25" />
      <mem type="loa" free="468992" total="468992" percent="100" />
    </mem>
    <remembered-set count="982" />
  </mem-info>
</gc-end>
<cycle-end id="449" type="scavenge" contextid="443" timestamp="2020-10-28T04:49:25.093" />
<allocation-satisfied id="450" threadId="00000000004A8000" bytesRequested="40" />
<af-end id="451" timestamp="2020-10-28T04:49:25.093" threadId="00000000004A8980" success="true" from="nursery"/>
<exclusive-end id="452" timestamp="2020-10-28T04:49:25.093" durationms="6.650" />

<exclusive-start id="453" timestamp="2020-10-28T04:49:25.205" intervalms="118.834">
  <response-info timems="0.198" idlems="0.198" threads="0" lastid="00000000004AFD00" lastname="Equinox start level thread - Equinox Container: c8e18c6c-1dcb-4" />
</exclusive-start>
<af-start id="454" threadId="00000000004B0680" totalBytesRequested="2064" timestamp="2020-10-28T04:49:25.206" intervalms="118.984" type="nursery" />
<cycle-start id="455" type="scavenge" contextid="0" timestamp="2020-10-28T04:49:25.206" intervalms="119.084" />
<gc-start id="456" type="scavenge" contextid="455" timestamp="2020-10-28T04:49:25.206">
  <mem-info id="457" free="2754728" total="26148864" percent="10">
    <mem type="nursery" free="0" total="16777216" percent="0">
      <mem type="allocate" free="0" total="13697024" percent="0" />
      <mem type="survivor" free="0" total="3080192" percent="0" />
    </mem>
    <mem type="tenure" free="2754728" total="9371648" percent="29">
      <mem type="soa" free="2285736" total="8902656" percent="25" />
      <mem type="loa" free="468992" total="468992" percent="100" />
    </mem>
    <remembered-set count="1052" />
  </mem-info>
</gc-start>
<allocation-stats totalBytes="12699408" >
  <allocated-bytes non-tlh="40" tlh="12699368" />
  <largest-consumer threadName="Equinox start level thread - Equinox Container: c8e18c6c-1dcb-4006-b7a7-5bb095d171a8" threadId="00000000004A8000" bytes="6012856" />
</allocation-stats>
<gc-op id="458" type="scavenge" timems="7.738" contextid="455" timestamp="2020-10-28T04:49:25.214">
  <scavenger-info tenureage="14" tenuremask="4000" tiltratio="81" />
  <memory-copied type="nursery" objects="29037" bytes="968584" bytesdiscarded="98944" />
</gc-op>
<gc-end id="459" type="scavenge" contextid="455" durationms="8.169" usertimems="12.048" systemtimems="0.898" timestamp="2020-10-28T04:49:25.214" activeThreads="3">
  <mem-info id="460" free="15711904" total="26148864" percent="60">
    <mem type="nursery" free="12957176" total="16777216" percent="77">
      <mem type="allocate" free="12957176" total="14024704" percent="92" />
      <mem type="survivor" free="0" total="2752512" percent="0" />
    </mem>
    <mem type="tenure" free="2754728" total="9371648" percent="29">
      <mem type="soa" free="2285736" total="8902656" percent="25" />
      <mem type="loa" free="468992" total="468992" percent="100" />
    </mem>
    <remembered-set count="1043" />
  </mem-info>
</gc-end>
<cycle-end id="461" type="scavenge" contextid="455" timestamp="2020-10-28T04:49:25.214" />
<allocation-satisfied id="462" threadId="00000000004AFD00" bytesRequested="2064" />
<af-end id="463" timestamp="2020-10-28T04:49:25.215" threadId="00000000004B0680" success="true" from="nursery"/>
<exclusive-end id="464" timestamp="2020-10-28T04:49:25.215" durationms="9.493" />

<exclusive-start id="465" timestamp="2020-10-28T04:49:25.298" intervalms="92.697">
  <response-info timems="1.737" idlems="1.737" threads="0" lastid="00000000004A8000" lastname="Equinox start level thread - Equinox Container: c8e18c6c-1dcb-4" />
</exclusive-start>
<af-start id="466" threadId="00000000004A8980" totalBytesRequested="2064" timestamp="2020-10-28T04:49:25.298" intervalms="92.426" type="nursery" />
<cycle-start id="467" type="scavenge" contextid="0" timestamp="2020-10-28T04:49:25.298" intervalms="92.266" />
<gc-start id="468" type="scavenge" contextid="467" timestamp="2020-10-28T04:49:25.298">
  <mem-info id="469" free="2754728" total="26148864" percent="10">
    <mem type="nursery" free="0" total="16777216" percent="0">
      <mem type="allocate" free="0" total="14024704" percent="0" />
      <mem type="survivor" free="0" total="2752512" percent="0" />
    </mem>
    <mem type="tenure" free="2754728" total="9371648" percent="29">
      <mem type="soa" free="2285736" total="8902656" percent="25" />
      <mem type="loa" free="468992" total="468992" percent="100" />
    </mem>
    <remembered-set count="1079" />
  </mem-info>
</gc-start>
<allocation-stats totalBytes="12946360" >
  <allocated-bytes non-tlh="2064" tlh="12944296" />
  <largest-consumer threadName="Equinox start level thread - Equinox Container: c8e18c6c-1dcb-4006-b7a7-5bb095d171a8" threadId="00000000004A8000" bytes="5998392" />
</allocation-stats>
<gc-op id="470" type="scavenge" timems="12.949" contextid="467" timestamp="2020-10-28T04:49:25.311">
  <scavenger-info tenureage="14" tenuremask="4000" tiltratio="83" />
  <memory-copied type="nursery" objects="49509" bytes="2673976" bytesdiscarded="78536" />
  <memory-copied type="tenure" objects="437" bytes="43624" bytesdiscarded="672" />
  <copy-failed type="nursery" objects="437" bytes="43624" />
</gc-op>
<heap-resize id="471" type="expand" space="nursery" amount="1310720" count="1" timems="0.053" reason="excessive time being spent scavenging" timestamp="2020-10-28T04:49:25.311" />
<gc-end id="472" type="scavenge" contextid="467" durationms="13.225" usertimems="14.706" systemtimems="0.252" timestamp="2020-10-28T04:49:25.311" activeThreads="3">
  <mem-info id="473" free="12873688" total="27459584" percent="46">
    <mem type="nursery" free="10158080" total="18087936" percent="56">
      <mem type="allocate" free="10158080" total="12910592" percent="78" />
      <mem type="survivor" free="0" total="5177344" percent="0" />
    </mem>
    <mem type="tenure" free="2715608" total="9371648" percent="28">
      <mem type="soa" free="2246616" total="8902656" percent="25" />
      <mem type="loa" free="468992" total="468992" percent="100" />
    </mem>
    <remembered-set count="1064" />
  </mem-info>
</gc-end>
<cycle-end id="474" type="scavenge" contextid="467" timestamp="2020-10-28T04:49:25.312" />
<allocation-satisfied id="475" threadId="00000000004A8000" bytesRequested="2064" />
<af-end id="476" timestamp="2020-10-28T04:49:25.312" threadId="00000000004A8980" success="true" from="nursery"/>
<exclusive-end id="477" timestamp="2020-10-28T04:49:25.312" durationms="13.669" />

<exclusive-start id="478" timestamp="2020-10-28T04:49:25.364" intervalms="65.768">
  <response-info timems="2.457" idlems="1.931" threads="1" lastid="00000000004B3800" lastname="Equinox start level thread - Equinox Container: c8e18c6c-1dcb-4" />
</exclusive-start>
<af-start id="479" threadId="00000000004B0680" totalBytesRequested="40" timestamp="2020-10-28T04:49:25.364" intervalms="65.893" type="nursery" />
<cycle-start id="480" type="scavenge" contextid="0" timestamp="2020-10-28T04:49:25.364" intervalms="65.984" />
<gc-start id="481" type="scavenge" contextid="480" timestamp="2020-10-28T04:49:25.364">
  <mem-info id="482" free="2715608" total="27459584" percent="9">
    <mem type="nursery" free="0" total="18087936" percent="0">
      <mem type="allocate" free="0" total="12910592" percent="0" />
      <mem type="survivor" free="0" total="5177344" percent="0" />
    </mem>
    <mem type="tenure" free="2715608" total="9371648" percent="28">
      <mem type="soa" free="2246616" total="8902656" percent="25" />
      <mem type="loa" free="468992" total="468992" percent="100" />
    </mem>
    <remembered-set count="1093" />
  </mem-info>
</gc-start>
<allocation-stats totalBytes="10151568" >
  <allocated-bytes non-tlh="2064" tlh="10149504" />
  <largest-consumer threadName="Equinox start level thread - Equinox Container: c8e18c6c-1dcb-4006-b7a7-5bb095d171a8" threadId="00000000004A8000" bytes="7082432" />
</allocation-stats>
<gc-op id="483" type="scavenge" timems="11.115" contextid="480" timestamp="2020-10-28T04:49:25.379">
  <scavenger-info tenureage="14" tenuremask="4000" tiltratio="71" />
  <memory-copied type="nursery" objects="49628" bytes="2346128" bytesdiscarded="237536" />
</gc-op>
<heap-resize id="484" type="expand" space="nursery" amount="1966080" count="1" timems="0.060" reason="excessive time being spent scavenging" timestamp="2020-10-28T04:49:25.379" />
<gc-end id="485" type="scavenge" contextid="480" durationms="15.192" usertimems="18.163" systemtimems="0.066" timestamp="2020-10-28T04:49:25.379" activeThreads="3">
  <mem-info id="486" free="15205224" total="29425664" percent="51">
    <mem type="nursery" free="12489616" total="20054016" percent="62">
      <mem type="allocate" free="12489616" total="15073280" percent="82" />
      <mem type="survivor" free="0" total="4980736" percent="0" />
    </mem>
    <mem type="tenure" free="2715608" total="9371648" percent="28">
      <mem type="soa" free="2246616" total="8902656" percent="25" />
      <mem type="loa" free="468992" total="468992" percent="100" />
    </mem>
    <remembered-set count="1080" />
  </mem-info>
</gc-end>
<cycle-end id="487" type="scavenge" contextid="480" timestamp="2020-10-28T04:49:25.380" />
<allocation-satisfied id="488" threadId="00000000004AFD00" bytesRequested="40" />
<af-end id="489" timestamp="2020-10-28T04:49:25.380" threadId="00000000004B0680" success="true" from="nursery"/>
<exclusive-end id="490" timestamp="2020-10-28T04:49:25.380" durationms="16.242" />

<exclusive-start id="491" timestamp="2020-10-28T04:49:25.448" intervalms="84.613">
  <response-info timems="0.146" idlems="0.146" threads="0" lastid="00000000004A8000" lastname="Equinox start level thread - Equinox Container: c8e18c6c-1dcb-4" />
</exclusive-start>
<af-start id="492" threadId="00000000004A8980" totalBytesRequested="24" timestamp="2020-10-28T04:49:25.449" intervalms="84.989" type="nursery" />
<cycle-start id="493" type="scavenge" contextid="0" timestamp="2020-10-28T04:49:25.449" intervalms="84.930" />
<gc-start id="494" type="scavenge" contextid="493" timestamp="2020-10-28T04:49:25.449">
  <mem-info id="495" free="2715608" total="29425664" percent="9">
    <mem type="nursery" free="0" total="20054016" percent="0">
      <mem type="allocate" free="0" total="15073280" percent="0" />
      <mem type="survivor" free="0" total="4980736" percent="0" />
    </mem>
    <mem type="tenure" free="2715608" total="9371648" percent="28">
      <mem type="soa" free="2246616" total="8902656" percent="25" />
      <mem type="loa" free="468992" total="468992" percent="100" />
    </mem>
    <remembered-set count="1114" />
  </mem-info>
</gc-start>
<allocation-stats totalBytes="12476168" >
  <allocated-bytes non-tlh="40" tlh="12476128" />
  <largest-consumer threadName="Equinox start level thread - Equinox Container: c8e18c6c-1dcb-4006-b7a7-5bb095d171a8" threadId="00000000004A8000" bytes="6031648" />
</allocation-stats>
<gc-op id="496" type="scavenge" timems="11.857" contextid="493" timestamp="2020-10-28T04:49:25.462">
  <scavenger-info tenureage="14" tenuremask="4000" tiltratio="75" />
  <memory-copied type="nursery" objects="49196" bytes="2098688" bytesdiscarded="95176" />
  <memory-copied type="tenure" objects="874" bytes="24184" bytesdiscarded="0" />
</gc-op>
<heap-resize id="497" type="expand" space="nursery" amount="1441792" count="1" timems="0.055" reason="excessive time being spent scavenging" timestamp="2020-10-28T04:49:25.462" />
<gc-end id="498" type="scavenge" contextid="493" durationms="12.517" usertimems="12.798" systemtimems="3.727" timestamp="2020-10-28T04:49:25.462" activeThreads="3">
  <mem-info id="499" free="17530424" total="30867456" percent="56">
    <mem type="nursery" free="14911032" total="21495808" percent="69">
      <mem type="allocate" free="14911032" total="17104896" percent="87" />
      <mem type="survivor" free="0" total="4390912" percent="0" />
    </mem>
    <mem type="tenure" free="2619392" total="9371648" percent="27">
      <mem type="soa" free="2150400" total="8902656" percent="24" />
      <mem type="loa" free="468992" total="468992" percent="100" />
    </mem>
    <remembered-set count="998" />
  </mem-info>
</gc-end>
<cycle-end id="500" type="scavenge" contextid="493" timestamp="2020-10-28T04:49:25.462" />
<allocation-satisfied id="501" threadId="00000000004A8000" bytesRequested="24" />
<af-end id="502" timestamp="2020-10-28T04:49:25.462" threadId="00000000004A8980" success="true" from="nursery"/>
<exclusive-end id="503" timestamp="2020-10-28T04:49:25.462" durationms="13.841" />

<exclusive-start id="504" timestamp="2020-10-28T04:49:25.521" intervalms="72.861">
  <response-info timems="0.644" idlems="0.442" threads="1" lastid="00000000004B3800" lastname="Equinox start level thread - Equinox Container: c8e18c6c-1dcb-4" />
</exclusive-start>
<af-start id="505" threadId="00000000004B0680" totalBytesRequested="40" timestamp="2020-10-28T04:49:25.522" intervalms="72.672" type="nursery" />
<cycle-start id="506" type="scavenge" contextid="0" timestamp="2020-10-28T04:49:25.522" intervalms="72.741" />
<gc-start id="507" type="scavenge" contextid="506" timestamp="2020-10-28T04:49:25.522">
  <mem-info id="508" free="2619392" total="30867456" percent="8">
    <mem type="nursery" free="0" total="21495808" percent="0">
      <mem type="allocate" free="0" total="17104896" percent="0" />
      <mem type="survivor" free="0" total="4390912" percent="0" />
    </mem>
    <mem type="tenure" free="2619392" total="9371648" percent="27">
      <mem type="soa" free="2150400" total="8902656" percent="24" />
      <mem type="loa" free="468992" total="468992" percent="100" />
    </mem>
    <remembered-set count="1067" />
  </mem-info>
</gc-start>
<allocation-stats totalBytes="14900152" >
  <allocated-bytes non-tlh="24" tlh="14900128" />
  <largest-consumer threadName="Equinox start level thread - Equinox Container: c8e18c6c-1dcb-4006-b7a7-5bb095d171a8" threadId="00000000004AFD00" bytes="10369040" />
</allocation-stats>
<gc-op id="509" type="scavenge" timems="19.908" contextid="506" timestamp="2020-10-28T04:49:25.542">
  <scavenger-info tenureage="5" tenuremask="4020" tiltratio="79" />
  <memory-copied type="nursery" objects="38569" bytes="1844160" bytesdiscarded="102352" />
  <memory-copied type="tenure" objects="11217" bytes="315512" bytesdiscarded="64" />
</gc-op>
<heap-resize id="510" type="expand" space="nursery" amount="2621440" count="1" timems="0.050" reason="excessive time being spent scavenging" timestamp="2020-10-28T04:49:25.542" />
<gc-end id="511" type="scavenge" contextid="506" durationms="20.488" usertimems="11.155" systemtimems="0.855" timestamp="2020-10-28T04:49:25.542" activeThreads="3">
  <mem-info id="512" free="20299632" total="33488896" percent="60">
    <mem type="nursery" free="18041968" total="24117248" percent="74">
      <mem type="allocate" free="18041968" total="19988480" percent="90" />
      <mem type="survivor" free="0" total="4128768" percent="0" />
    </mem>
    <mem type="tenure" free="2257664" total="9371648" percent="24">
      <mem type="soa" free="1788672" total="8902656" percent="20" />
      <mem type="loa" free="468992" total="468992" percent="100" />
    </mem>
    <remembered-set count="1071" />
  </mem-info>
</gc-end>
<cycle-end id="513" type="scavenge" contextid="506" timestamp="2020-10-28T04:49:25.543" />
<allocation-satisfied id="514" threadId="00000000004AFD00" bytesRequested="40" />
<af-end id="515" timestamp="2020-10-28T04:49:25.543" threadId="00000000004B0680" success="true" from="nursery"/>
<exclusive-end id="516" timestamp="2020-10-28T04:49:25.543" durationms="21.596" />

<exclusive-start id="517" timestamp="2020-10-28T04:49:25.643" intervalms="121.603">
  <response-info timems="1.598" idlems="0.839" threads="1" lastid="00000000004B3800" lastname="Equinox start level thread - Equinox Container: c8e18c6c-1dcb-4" />
</exclusive-start>
<af-start id="518" threadId="00000000004A8980" totalBytesRequested="2064" timestamp="2020-10-28T04:49:25.643" intervalms="121.341" type="nursery" />
<cycle-start id="519" type="scavenge" contextid="0" timestamp="2020-10-28T04:49:25.643" intervalms="121.256" />
<gc-start id="520" type="scavenge" contextid="519" timestamp="2020-10-28T04:49:25.643">
  <mem-info id="521" free="2257664" total="33488896" percent="6">
    <mem type="nursery" free="0" total="24117248" percent="0">
      <mem type="allocate" free="0" total="19988480" percent="0" />
      <mem type="survivor" free="0" total="4128768" percent="0" />
    </mem>
    <mem type="tenure" free="2257664" total="9371648" percent="24">
      <mem type="soa" free="1788672" total="8902656" percent="20" />
      <mem type="loa" free="468992" total="468992" percent="100" />
    </mem>
    <remembered-set count="1175" />
  </mem-info>
</gc-start>
<allocation-stats totalBytes="18024576" >
  <allocated-bytes non-tlh="40" tlh="18024536" />
  <largest-consumer threadName="Equinox start level thread - Equinox Container: c8e18c6c-1dcb-4006-b7a7-5bb095d171a8" threadId="00000000004A8000" bytes="6910432" />
</allocation-stats>
<gc-op id="522" type="scavenge" timems="17.471" contextid="519" timestamp="2020-10-28T04:49:25.661">
  <scavenger-info tenureage="14" tenuremask="4000" tiltratio="82" />
  <memory-copied type="nursery" objects="44280" bytes="2695224" bytesdiscarded="133904" />
</gc-op>
<heap-resize id="523" type="expand" space="nursery" amount="1703936" count="1" timems="0.046" reason="excessive time being spent scavenging" timestamp="2020-10-28T04:49:25.661" />
<gc-end id="524" type="scavenge" contextid="519" durationms="17.865" usertimems="8.279" systemtimems="5.450" timestamp="2020-10-28T04:49:25.661" activeThreads="3">
  <mem-info id="525" free="21186488" total="35192832" percent="60">
    <mem type="nursery" free="18928824" total="25821184" percent="73">
      <mem type="allocate" free="18928824" total="21757952" percent="86" />
      <mem type="survivor" free="0" total="4063232" percent="0" />
    </mem>
    <mem type="tenure" free="2257664" total="9371648" percent="24">
      <mem type="soa" free="1788672" total="8902656" percent="20" />
      <mem type="loa" free="468992" total="468992" percent="100" />
    </mem>
    <remembered-set count="1163" />
  </mem-info>
</gc-end>
<cycle-end id="526" type="scavenge" contextid="519" timestamp="2020-10-28T04:49:25.661" />
<allocation-satisfied id="527" threadId="00000000004A8000" bytesRequested="2064" />
<af-end id="528" timestamp="2020-10-28T04:49:25.661" threadId="00000000004A8980" success="true" from="nursery"/>
<exclusive-end id="529" timestamp="2020-10-28T04:49:25.661" durationms="18.399" />

<exclusive-start id="530" timestamp="2020-10-28T04:49:25.792" intervalms="148.989">
  <response-info timems="5.077" idlems="3.379" threads="2" lastid="00000000004B3800" lastname="Equinox start level thread - Equinox Container: c8e18c6c-1dcb-4" />
</exclusive-start>
<af-start id="531" threadId="00000000004B0680" totalBytesRequested="32" timestamp="2020-10-28T04:49:25.792" intervalms="149.024" type="nursery" />
<cycle-start id="532" type="scavenge" contextid="0" timestamp="2020-10-28T04:49:25.792" intervalms="149.014" />
<gc-start id="533" type="scavenge" contextid="532" timestamp="2020-10-28T04:49:25.792">
  <mem-info id="534" free="2257664" total="35192832" percent="6">
    <mem type="nursery" free="0" total="25821184" percent="0">
      <mem type="allocate" free="0" total="21757952" percent="0" />
      <mem type="survivor" free="0" total="4063232" percent="0" />
    </mem>
    <mem type="tenure" free="2257664" total="9371648" percent="24">
      <mem type="soa" free="1788672" total="8902656" percent="20" />
      <mem type="loa" free="468992" total="468992" percent="100" />
    </mem>
    <remembered-set count="1222" />
  </mem-info>
</gc-start>
<allocation-stats totalBytes="18911832" >
  <allocated-bytes non-tlh="2064" tlh="18909768" />
  <largest-consumer threadName="Equinox start level thread - Equinox Container: c8e18c6c-1dcb-4006-b7a7-5bb095d171a8" threadId="00000000004AFD00" bytes="10509576" />
</allocation-stats>
<gc-op id="535" type="scavenge" timems="10.911" contextid="532" timestamp="2020-10-28T04:49:25.803">
  <scavenger-info tenureage="14" tenuremask="4000" tiltratio="84" />
  <memory-copied type="nursery" objects="36776" bytes="1544920" bytesdiscarded="76552" />
  <memory-copied type="tenure" objects="638" bytes="17360" bytesdiscarded="0" />
</gc-op>
<gc-end id="536" type="scavenge" contextid="532" durationms="11.706" usertimems="8.695" systemtimems="2.420" timestamp="2020-10-28T04:49:25.804" activeThreads="3">
  <mem-info id="537" free="22852896" total="35192832" percent="64">
    <mem type="nursery" free="20595232" total="25821184" percent="79">
      <mem type="allocate" free="20595232" total="22216704" percent="92" />
      <mem type="survivor" free="0" total="3604480" percent="0" />
    </mem>
    <mem type="tenure" free="2257664" total="9371648" percent="24">
      <mem type="soa" free="1788672" total="8902656" percent="20" />
      <mem type="loa" free="468992" total="468992" percent="100" />
    </mem>
    <remembered-set count="1160" />
  </mem-info>
</gc-end>
<cycle-end id="538" type="scavenge" contextid="532" timestamp="2020-10-28T04:49:25.804" />
<allocation-satisfied id="539" threadId="00000000004AFD00" bytesRequested="32" />
<af-end id="540" timestamp="2020-10-28T04:49:25.804" threadId="00000000004B0680" success="true" from="nursery"/>
<exclusive-end id="541" timestamp="2020-10-28T04:49:25.804" durationms="12.297" />

<exclusive-start id="542" timestamp="2020-10-28T04:49:25.909" intervalms="117.418">
  <response-info timems="0.210" idlems="0.210" threads="0" lastid="00000000004AFD00" lastname="Equinox start level thread - Equinox Container: c8e18c6c-1dcb-4" />
</exclusive-start>
<af-start id="543" threadId="00000000004B0680" totalBytesRequested="1040" timestamp="2020-10-28T04:49:25.909" intervalms="117.355" type="nursery" />
<cycle-start id="544" type="scavenge" contextid="0" timestamp="2020-10-28T04:49:25.909" intervalms="117.348" />
<gc-start id="545" type="scavenge" contextid="544" timestamp="2020-10-28T04:49:25.909">
  <mem-info id="546" free="2257664" total="35192832" percent="6">
    <mem type="nursery" free="0" total="25821184" percent="0">
      <mem type="allocate" free="0" total="22216704" percent="0" />
      <mem type="survivor" free="0" total="3604480" percent="0" />
    </mem>
    <mem type="tenure" free="2257664" total="9371648" percent="24">
      <mem type="soa" free="1788672" total="8902656" percent="20" />
      <mem type="loa" free="468992" total="468992" percent="100" />
    </mem>
    <remembered-set count="1223" />
  </mem-info>
</gc-start>
<allocation-stats totalBytes="20577912" >
  <allocated-bytes non-tlh="32" tlh="20577880" />
  <largest-consumer threadName="Equinox start level thread - Equinox Container: c8e18c6c-1dcb-4006-b7a7-5bb095d171a8" threadId="00000000004AFD00" bytes="11424088" />
</allocation-stats>
<gc-op id="547" type="scavenge" timems="11.630" contextid="544" timestamp="2020-10-28T04:49:25.921">
  <scavenger-info tenureage="14" tenuremask="4000" tiltratio="86" />
  <memory-copied type="nursery" objects="37964" bytes="1392968" bytesdiscarded="102848" />
  <memory-copied type="tenure" objects="624" bytes="16696" bytesdiscarded="0" />
</gc-op>
<heap-resize id="548" type="expand" space="nursery" amount="1572864" count="1" timems="0.044" reason="excessive time being spent scavenging" timestamp="2020-10-28T04:49:25.921" />
<gc-end id="549" type="scavenge" contextid="544" durationms="11.980" usertimems="10.058" systemtimems="1.809" timestamp="2020-10-28T04:49:25.921" activeThreads="3">
  <mem-info id="550" free="24748016" total="36765696" percent="67">
    <mem type="nursery" free="22490352" total="27394048" percent="82">
      <mem type="allocate" free="22490352" total="23986176" percent="93" />
      <mem type="survivor" free="0" total="3407872" percent="0" />
    </mem>
    <mem type="tenure" free="2257664" total="9371648" percent="24">
      <mem type="soa" free="1788672" total="8902656" percent="20" />
      <mem type="loa" free="468992" total="468992" percent="100" />
    </mem>
    <remembered-set count="1151" />
  </mem-info>
</gc-end>
<cycle-end id="551" type="scavenge" contextid="544" timestamp="2020-10-28T04:49:25.922" />
<allocation-satisfied id="552" threadId="00000000004AFD00" bytesRequested="1040" />
<af-end id="553" timestamp="2020-10-28T04:49:25.922" threadId="00000000004B0680" success="true" from="nursery"/>
<exclusive-end id="554" timestamp="2020-10-28T04:49:25.922" durationms="12.427" />

<exclusive-start id="555" timestamp="2020-10-28T04:49:26.022" intervalms="112.560">
  <response-info timems="0.737" idlems="0.546" threads="1" lastid="00000000004AFD00" lastname="Equinox start level thread - Equinox Container: c8e18c6c-1dcb-4" />
</exclusive-start>
<af-start id="556" threadId="00000000004B4180" totalBytesRequested="1040" timestamp="2020-10-28T04:49:26.022" intervalms="112.588" type="nursery" />
<cycle-start id="557" type="scavenge" contextid="0" timestamp="2020-10-28T04:49:26.022" intervalms="112.618" />
<gc-start id="558" type="scavenge" contextid="557" timestamp="2020-10-28T04:49:26.022">
  <mem-info id="559" free="2257664" total="36765696" percent="6">
    <mem type="nursery" free="0" total="27394048" percent="0">
      <mem type="allocate" free="0" total="23986176" percent="0" />
      <mem type="survivor" free="0" total="3407872" percent="0" />
    </mem>
    <mem type="tenure" free="2257664" total="9371648" percent="24">
      <mem type="soa" free="1788672" total="8902656" percent="20" />
      <mem type="loa" free="468992" total="468992" percent="100" />
    </mem>
    <remembered-set count="1173" />
  </mem-info>
</gc-start>
<allocation-stats totalBytes="22470968" >
  <allocated-bytes non-tlh="1040" tlh="22469928" />
  <largest-consumer threadName="Equinox start level thread - Equinox Container: c8e18c6c-1dcb-4006-b7a7-5bb095d171a8" threadId="00000000004AFD00" bytes="10900352" />
</allocation-stats>
<gc-op id="560" type="scavenge" timems="31.184" contextid="557" timestamp="2020-10-28T04:49:26.053">
  <scavenger-info tenureage="6" tenuremask="4440" tiltratio="87" />
  <memory-copied type="nursery" objects="36356" bytes="1860128" bytesdiscarded="82248" />
  <memory-copied type="tenure" objects="7831" bytes="251256" bytesdiscarded="72" />
</gc-op>
<heap-resize id="561" type="expand" space="nursery" amount="3145728" count="1" timems="0.151" reason="excessive time being spent scavenging" timestamp="2020-10-28T04:49:26.054" />
<gc-end id="562" type="scavenge" contextid="557" durationms="31.754" usertimems="12.684" systemtimems="4.793" timestamp="2020-10-28T04:49:26.054" activeThreads="3">
  <mem-info id="563" free="27069592" total="39911424" percent="67">
    <mem type="nursery" free="25123992" total="30539776" percent="82">
      <mem type="allocate" free="25123992" total="27066368" percent="92" />
      <mem type="survivor" free="0" total="3473408" percent="0" />
    </mem>
    <mem type="tenure" free="1945600" total="9371648" percent="20">
      <mem type="soa" free="1476608" total="8902656" percent="16" />
      <mem type="loa" free="468992" total="468992" percent="100" />
    </mem>
    <remembered-set count="1173" />
  </mem-info>
</gc-end>
<cycle-end id="564" type="scavenge" contextid="557" timestamp="2020-10-28T04:49:26.054" />
<allocation-satisfied id="565" threadId="00000000004B3800" bytesRequested="1040" />
<af-end id="566" timestamp="2020-10-28T04:49:26.054" threadId="00000000004B4180" success="true" from="nursery"/>
<exclusive-end id="567" timestamp="2020-10-28T04:49:26.054" durationms="32.404" />

<exclusive-start id="568" timestamp="2020-10-28T04:49:26.278" intervalms="256.133">
  <response-info timems="0.662" idlems="0.408" threads="1" lastid="00000000004B3800" lastname="Equinox start level thread - Equinox Container: c8e18c6c-1dcb-4" />
</exclusive-start>
<af-start id="569" threadId="00000000004A8980" totalBytesRequested="144" timestamp="2020-10-28T04:49:26.278" intervalms="256.200" type="nursery" />
<cycle-start id="570" type="scavenge" contextid="0" timestamp="2020-10-28T04:49:26.278" intervalms="256.202" />
<gc-start id="571" type="scavenge" contextid="570" timestamp="2020-10-28T04:49:26.279">
  <mem-info id="572" free="1920432" total="39911424" percent="4">
    <mem type="nursery" free="0" total="30539776" percent="0">
      <mem type="allocate" free="0" total="27066368" percent="0" />
      <mem type="survivor" free="0" total="3473408" percent="0" />
    </mem>
    <mem type="tenure" free="1920432" total="9371648" percent="20">
      <mem type="soa" free="1451440" total="8902656" percent="16" />
      <mem type="loa" free="468992" total="468992" percent="100" />
    </mem>
    <remembered-set count="1941" />
  </mem-info>
</gc-start>
<allocation-stats totalBytes="25128328" >
  <allocated-bytes non-tlh="26208" tlh="25102120" />
  <largest-consumer threadName="Equinox start level thread - Equinox Container: c8e18c6c-1dcb-4006-b7a7-5bb095d171a8" threadId="00000000004AFD00" bytes="10864656" />
</allocation-stats>
<gc-op id="573" type="scavenge" timems="27.481" contextid="570" timestamp="2020-10-28T04:49:26.306">
  <scavenger-info tenureage="14" tenuremask="4000" tiltratio="88" />
  <memory-copied type="nursery" objects="63586" bytes="2369912" bytesdiscarded="112632" />
  <memory-copied type="tenure" objects="782" bytes="22392" bytesdiscarded="0" />
  <finalization candidates="7" enqueued="5" />
  <ownableSynchronizers candidates="4" cleared="0" />
  <references type="soft" candidates="43" cleared="0" enqueued="0" dynamicThreshold="9" maxThreshold="32" />
  <references type="weak" candidates="170" cleared="137" enqueued="137" />
</gc-op>
<heap-resize id="574" type="expand" space="nursery" amount="1572864" count="1" timems="0.062" reason="excessive time being spent scavenging" timestamp="2020-10-28T04:49:26.306" />
<gc-end id="575" type="scavenge" contextid="570" durationms="27.952" usertimems="14.533" systemtimems="6.947" timestamp="2020-10-28T04:49:26.306" activeThreads="3">
  <mem-info id="576" free="28273304" total="41484288" percent="68">
    <mem type="nursery" free="26352872" total="32112640" percent="82">
      <mem type="allocate" free="26352872" total="28835840" percent="91" />
      <mem type="survivor" free="0" total="3276800" percent="0" />
    </mem>
    <mem type="tenure" free="1920432" total="9371648" percent="20">
      <mem type="soa" free="1451440" total="8902656" percent="16" />
      <mem type="loa" free="468992" total="468992" percent="100" />
    </mem>
    <pending-finalizers system="5" default="0" reference="137" classloader="0" />
    <remembered-set count="1550" />
  </mem-info>
</gc-end>
<cycle-end id="577" type="scavenge" contextid="570" timestamp="2020-10-28T04:49:26.307" />
<allocation-satisfied id="578" threadId="00000000004A8000" bytesRequested="144" />
<af-end id="579" timestamp="2020-10-28T04:49:26.307" threadId="00000000004A8980" success="true" from="nursery"/>
<exclusive-end id="580" timestamp="2020-10-28T04:49:26.307" durationms="28.857" />

<exclusive-start id="581" timestamp="2020-10-28T04:49:26.526" intervalms="248.117">
  <response-info timems="0.652" idlems="0.652" threads="0" lastid="00000000004B3800" lastname="Equinox start level thread - Equinox Container: c8e18c6c-1dcb-4" />
</exclusive-start>
<af-start id="582" threadId="00000000004B4180" totalBytesRequested="72" timestamp="2020-10-28T04:49:26.526" intervalms="248.170" type="nursery" />
<cycle-start id="583" type="scavenge" contextid="0" timestamp="2020-10-28T04:49:26.526" intervalms="248.143" />
<gc-start id="584" type="scavenge" contextid="583" timestamp="2020-10-28T04:49:26.526">
  <mem-info id="585" free="1920432" total="41484288" percent="4">
    <mem type="nursery" free="0" total="32112640" percent="0">
      <mem type="allocate" free="0" total="28835840" percent="0" />
      <mem type="survivor" free="0" total="3276800" percent="0" />
    </mem>
    <mem type="tenure" free="1920432" total="9371648" percent="20">
      <mem type="soa" free="1451440" total="8902656" percent="16" />
      <mem type="loa" free="468992" total="468992" percent="100" />
    </mem>
    <remembered-set count="1580" />
  </mem-info>
</gc-start>
<allocation-stats totalBytes="26335392" >
  <allocated-bytes non-tlh="144" tlh="26335248" />
  <largest-consumer threadName="Equinox start level thread - Equinox Container: c8e18c6c-1dcb-4006-b7a7-5bb095d171a8" threadId="00000000004A8000" bytes="13360288" />
</allocation-stats>
<gc-op id="586" type="scavenge" timems="24.350" contextid="583" timestamp="2020-10-28T04:49:26.551">
  <scavenger-info tenureage="14" tenuremask="4000" tiltratio="89" />
  <memory-copied type="nursery" objects="70005" bytes="2995272" bytesdiscarded="110928" />
  <memory-copied type="tenure" objects="825" bytes="22920" bytesdiscarded="0" />
  <finalization candidates="2" enqueued="0" />
  <ownableSynchronizers candidates="4" cleared="0" />
  <references type="soft" candidates="43" cleared="0" enqueued="0" dynamicThreshold="9" maxThreshold="32" />
  <references type="weak" candidates="33" cleared="0" enqueued="0" />
</gc-op>
<heap-resize id="587" type="expand" space="nursery" amount="1441792" count="1" timems="0.043" reason="excessive time being spent scavenging" timestamp="2020-10-28T04:49:26.551" />
<gc-end id="588" type="scavenge" contextid="583" durationms="24.626" usertimems="16.122" systemtimems="0.871" timestamp="2020-10-28T04:49:26.551" activeThreads="3">
  <mem-info id="589" free="28436288" total="42926080" percent="66">
    <mem type="nursery" free="26515856" total="33554432" percent="79">
      <mem type="allocate" free="26515856" total="29622272" percent="89" />
      <mem type="survivor" free="0" total="3932160" percent="0" />
    </mem>
    <mem type="tenure" free="1920432" total="9371648" percent="20">
      <mem type="soa" free="1451440" total="8902656" percent="16" />
      <mem type="loa" free="468992" total="468992" percent="100" />
    </mem>
    <remembered-set count="1520" />
  </mem-info>
</gc-end>
<cycle-end id="590" type="scavenge" contextid="583" timestamp="2020-10-28T04:49:26.551" />
<allocation-satisfied id="591" threadId="00000000004B3800" bytesRequested="72" />
<af-end id="592" timestamp="2020-10-28T04:49:26.551" threadId="00000000004B4180" success="true" from="nursery"/>
<exclusive-end id="593" timestamp="2020-10-28T04:49:26.551" durationms="25.251" />

<exclusive-start id="594" timestamp="2020-10-28T04:49:26.738" intervalms="212.401">
  <response-info timems="0.270" idlems="0.270" threads="0" lastid="00000000004B3800" lastname="Equinox start level thread - Equinox Container: c8e18c6c-1dcb-4" />
</exclusive-start>
<af-start id="595" threadId="00000000004B4180" totalBytesRequested="272" timestamp="2020-10-28T04:49:26.739" intervalms="212.362" type="nursery" />
<cycle-start id="596" type="scavenge" contextid="0" timestamp="2020-10-28T04:49:26.739" intervalms="212.437" />
<gc-start id="597" type="scavenge" contextid="596" timestamp="2020-10-28T04:49:26.739">
  <mem-info id="598" free="1920432" total="42926080" percent="4">
    <mem type="nursery" free="0" total="33554432" percent="0">
      <mem type="allocate" free="0" total="29622272" percent="0" />
      <mem type="survivor" free="0" total="3932160" percent="0" />
    </mem>
    <mem type="tenure" free="1920432" total="9371648" percent="20">
      <mem type="soa" free="1451440" total="8902656" percent="16" />
      <mem type="loa" free="468992" total="468992" percent="100" />
    </mem>
    <remembered-set count="1546" />
  </mem-info>
</gc-start>
<allocation-stats totalBytes="26496872" >
  <allocated-bytes non-tlh="72" tlh="26496800" />
  <largest-consumer threadName="Equinox start level thread - Equinox Container: c8e18c6c-1dcb-4006-b7a7-5bb095d171a8" threadId="00000000004A8000" bytes="14058736" />
</allocation-stats>
<gc-op id="599" type="scavenge" timems="16.760" contextid="596" timestamp="2020-10-28T04:49:26.756">
  <scavenger-info tenureage="14" tenuremask="4000" tiltratio="88" />
  <memory-copied type="nursery" objects="69974" bytes="2927160" bytesdiscarded="239680" />
  <memory-copied type="tenure" objects="782" bytes="20432" bytesdiscarded="0" />
  <finalization candidates="2" enqueued="0" />
  <ownableSynchronizers candidates="4" cleared="0" />
  <references type="soft" candidates="43" cleared="0" enqueued="0" dynamicThreshold="9" maxThreshold="32" />
  <references type="weak" candidates="33" cleared="0" enqueued="0" />
</gc-op>
<gc-end id="600" type="scavenge" contextid="596" durationms="17.050" usertimems="17.553" systemtimems="1.562" timestamp="2020-10-28T04:49:26.756" activeThreads="3">
  <mem-info id="601" free="28899936" total="42926080" percent="67">
    <mem type="nursery" free="26979504" total="33554432" percent="80">
      <mem type="allocate" free="26979504" total="30146560" percent="89" />
      <mem type="survivor" free="0" total="3407872" percent="0" />
    </mem>
    <mem type="tenure" free="1920432" total="9371648" percent="20">
      <mem type="soa" free="1451440" total="8902656" percent="16" />
      <mem type="loa" free="468992" total="468992" percent="100" />
    </mem>
    <remembered-set count="1016" />
  </mem-info>
</gc-end>
<cycle-end id="602" type="scavenge" contextid="596" timestamp="2020-10-28T04:49:26.756" />
<allocation-satisfied id="603" threadId="00000000004B3800" bytesRequested="272" />
<af-end id="604" timestamp="2020-10-28T04:49:26.756" threadId="00000000004B4180" success="true" from="nursery"/>
<exclusive-end id="605" timestamp="2020-10-28T04:49:26.756" durationms="17.783" />

[AUDIT   ] CWWKG0093A: Processing configuration drop-ins resource: /opt/ol/wlp/usr/servers/defaultServer/configDropins/defaults/keystore.xml
[AUDIT   ] CWWKG0093A: Processing configuration drop-ins resource: /opt/ol/wlp/usr/servers/defaultServer/configDropins/defaults/open-default-port.xml
<exclusive-start id="606" timestamp="2020-10-28T04:49:27.738" intervalms="999.699">
  <response-info timems="0.048" idlems="0.048" threads="0" lastid="000000000066B100" lastname="Default Executor-thread-1" />
</exclusive-start>
<af-start id="607" threadId="000000000066BA80" totalBytesRequested="2792" timestamp="2020-10-28T04:49:27.739" intervalms="999.930" type="nursery" />
<cycle-start id="608" type="scavenge" contextid="0" timestamp="2020-10-28T04:49:27.739" intervalms="999.903" />
<gc-start id="609" type="scavenge" contextid="608" timestamp="2020-10-28T04:49:27.739">
  <mem-info id="610" free="1657688" total="42926080" percent="3">
    <mem type="nursery" free="0" total="33554432" percent="0">
      <mem type="allocate" free="0" total="30146560" percent="0" />
      <mem type="survivor" free="0" total="3407872" percent="0" />
    </mem>
    <mem type="tenure" free="1657688" total="9371648" percent="17">
      <mem type="soa" free="1188696" total="8902656" percent="13" />
      <mem type="loa" free="468992" total="468992" percent="100" />
    </mem>
    <remembered-set count="4167" />
  </mem-info>
</gc-start>
<allocation-stats totalBytes="27221480" >
  <allocated-bytes non-tlh="356768" tlh="26864712" />
  <largest-consumer threadName="Equinox start level thread - Equinox Container: c8e18c6c-1dcb-4006-b7a7-5bb095d171a8" threadId="00000000004B3800" bytes="16557952" />
</allocation-stats>
<gc-op id="611" type="scavenge" timems="53.954" contextid="608" timestamp="2020-10-28T04:49:27.793">
  <scavenger-info tenureage="3" tenuremask="4008" tiltratio="89" />
  <memory-copied type="nursery" objects="84187" bytes="3400488" bytesdiscarded="680" />
  <memory-copied type="tenure" objects="48004" bytes="1929312" bytesdiscarded="1800" />
  <copy-failed type="nursery" objects="16978" bytes="844152" />
  <finalization candidates="136" enqueued="103" />
  <ownableSynchronizers candidates="986" cleared="364" />
  <references type="soft" candidates="548" cleared="0" enqueued="0" dynamicThreshold="9" maxThreshold="32" />
  <references type="weak" candidates="724" cleared="306" enqueued="306" />
  <heap-resize type="expand" space="tenure" amount="786432" count="12" timems="0.634" reason="continue current collection" />
</gc-op>
<heap-resize id="612" type="expand" space="nursery" amount="1310720" count="1" timems="0.042" reason="excessive time being spent scavenging" timestamp="2020-10-28T04:49:27.793" />
<gc-end id="613" type="scavenge" contextid="608" durationms="54.310" usertimems="45.596" systemtimems="6.449" timestamp="2020-10-28T04:49:27.793" activeThreads="3">
  <mem-info id="614" free="25744496" total="45023232" percent="57">
    <mem type="nursery" free="25231360" total="34865152" percent="72">
      <mem type="allocate" free="25231360" total="28639232" percent="88" />
      <mem type="survivor" free="0" total="6225920" percent="0" />
    </mem>
    <mem type="tenure" free="513136" total="10158080" percent="5">
      <mem type="soa" free="5232" total="9650176" percent="0" />
      <mem type="loa" free="507904" total="507904" percent="100" />
    </mem>
    <pending-finalizers system="103" default="0" reference="306" classloader="0" />
    <remembered-set count="7932" />
  </mem-info>
</gc-end>
<cycle-end id="615" type="scavenge" contextid="608" timestamp="2020-10-28T04:49:27.793" />
<allocation-satisfied id="616" threadId="000000000066B100" bytesRequested="2792" />
<af-end id="617" timestamp="2020-10-28T04:49:27.793" threadId="000000000066BA80" success="true" from="nursery"/>
<exclusive-end id="618" timestamp="2020-10-28T04:49:27.793" durationms="55.298" />

<exclusive-start id="619" timestamp="2020-10-28T04:49:27.937" intervalms="198.517">
  <response-info timems="1.026" idlems="0.620" threads="1" lastid="000000000066B100" lastname="Default Executor-thread-1" />
</exclusive-start>
<af-start id="620" threadId="0000000000669F80" totalBytesRequested="16" timestamp="2020-10-28T04:49:27.937" intervalms="198.230" type="tenure" />
<cycle-start id="621" type="global" contextid="0" timestamp="2020-10-28T04:49:27.937" intervalms="3031.272" />
<gc-start id="622" type="global" contextid="621" timestamp="2020-10-28T04:49:27.937">
  <mem-info id="623" free="22308120" total="45023232" percent="49">
    <mem type="nursery" free="21800216" total="34865152" percent="62">
      <mem type="allocate" free="21800216" total="28639232" percent="76" />
      <mem type="survivor" free="0" total="6225920" percent="0" />
    </mem>
    <mem type="tenure" free="507904" total="10158080" percent="5">
      <mem type="soa" free="0" total="9650176" percent="0" />
      <mem type="loa" free="507904" total="507904" percent="100" />
    </mem>
    <remembered-set count="8054" />
  </mem-info>
</gc-start>
<allocation-stats totalBytes="3432472" >
  <allocated-bytes non-tlh="7352" tlh="3425120" />
  <largest-consumer threadName="Default Executor-thread-1" threadId="000000000066B100" bytes="3415488" />
</allocation-stats>
<gc-op id="624" type="mark" timems="29.178" contextid="621" timestamp="2020-10-28T04:49:27.966">
  <trace-info objectcount="228020" scancount="194570" scanbytes="5766528" />
  <finalization candidates="204" enqueued="84" />
  <ownableSynchronizers candidates="1021" cleared="8" />
  <references type="soft" candidates="2540" cleared="0" enqueued="0" dynamicThreshold="9" maxThreshold="32" />
  <references type="weak" candidates="2602" cleared="129" enqueued="129" />
  <references type="phantom" candidates="7" cleared="0" enqueued="0" />
  <stringconstants candidates="7531" cleared="1"  />
</gc-op>
<gc-op id="625" type="sweep" timems="3.539" contextid="621" timestamp="2020-10-28T04:49:27.970" />
<heap-resize id="626" type="expand" space="tenure" amount="1048576" count="1" timems="0.059" reason="insufficient free space following gc" timestamp="2020-10-28T04:49:27.970" />
<gc-end id="627" type="global" contextid="621" durationms="33.277" usertimems="39.622" systemtimems="1.501" timestamp="2020-10-28T04:49:27.970" activeThreads="3">
  <mem-info id="628" free="29576808" total="46071808" percent="64">
    <mem type="nursery" free="25595056" total="34865152" percent="73">
      <mem type="allocate" free="25595056" total="28639232" percent="89" />
      <mem type="survivor" free="0" total="6225920" percent="0" />
    </mem>
    <mem type="tenure" free="3981752" total="11206656" percent="35" micro-fragmented="139337" macro-fragmented="0">
      <mem type="soa" free="3420600" total="10645504" percent="32" />
      <mem type="loa" free="561152" total="561152" percent="100" />
    </mem>
    <pending-finalizers system="84" default="0" reference="129" classloader="0" />
    <remembered-set count="6841" />
  </mem-info>
</gc-end>
<cycle-end id="629" type="global" contextid="621" timestamp="2020-10-28T04:49:27.971" />
<allocation-satisfied id="630" threadId="0000000000669600" bytesRequested="16" />
<af-end id="631" timestamp="2020-10-28T04:49:27.971" threadId="0000000000669F80" success="true" from="tenure-soa"/>
<exclusive-end id="632" timestamp="2020-10-28T04:49:27.971" durationms="34.038" />

Oct 28, 2020 4:49:28 AM org.apache.cxf.bus.blueprint.NamespaceHandlerRegisterer register
INFO: Aries Blueprint packages not available. So namespaces will not be registered
Oct 28, 2020 4:49:28 AM org.apache.cxf.bus.blueprint.NamespaceHandlerRegisterer register
INFO: Aries Blueprint packages not available. So namespaces will not be registered
[AUDIT   ] CWWKZ0058I: Monitoring dropins for applications.
<exclusive-start id="633" timestamp="2020-10-28T04:49:28.821" intervalms="884.768">
  <response-info timems="0.049" idlems="0.049" threads="0" lastid="00000000004A8000" lastname="Equinox start level thread - Equinox Container: c8e18c6c-1dcb-4" />
</exclusive-start>
<af-start id="634" threadId="00000000004A8980" totalBytesRequested="536" timestamp="2020-10-28T04:49:28.822" intervalms="884.884" type="nursery" />
<cycle-start id="635" type="scavenge" contextid="0" timestamp="2020-10-28T04:49:28.822" intervalms="1083.153" />
<gc-start id="636" type="scavenge" contextid="635" timestamp="2020-10-28T04:49:28.822">
  <mem-info id="637" free="3602104" total="46071808" percent="7">
    <mem type="nursery" free="0" total="34865152" percent="0">
      <mem type="allocate" free="0" total="28639232" percent="0" />
      <mem type="survivor" free="0" total="6225920" percent="0" />
    </mem>
    <mem type="tenure" free="3602104" total="11206656" percent="32">
      <mem type="soa" free="3040952" total="10645504" percent="28" />
      <mem type="loa" free="561152" total="561152" percent="100" />
    </mem>
    <remembered-set count="12422" />
  </mem-info>
</gc-start>
<allocation-stats totalBytes="25915008" >
  <allocated-bytes non-tlh="622536" tlh="25292472" />
  <largest-consumer threadName="Equinox start level thread - Equinox Container: c8e18c6c-1dcb-4006-b7a7-5bb095d171a8" threadId="00000000004B3800" bytes="8218904" />
</allocation-stats>
<gc-op id="638" type="scavenge" timems="62.904" contextid="635" timestamp="2020-10-28T04:49:28.885">
  <scavenger-info tenureage="14" tenuremask="4000" tiltratio="82" />
  <memory-copied type="nursery" objects="140206" bytes="5909688" bytesdiscarded="89624" />
  <finalization candidates="170" enqueued="68" />
  <ownableSynchronizers candidates="4906" cleared="2232" />
  <references type="soft" candidates="2304" cleared="0" enqueued="0" dynamicThreshold="11" maxThreshold="32" />
  <references type="weak" candidates="1482" cleared="429" enqueued="425" />
</gc-op>
<gc-end id="639" type="scavenge" contextid="635" durationms="63.228" usertimems="51.425" systemtimems="4.100" timestamp="2020-10-28T04:49:28.885" activeThreads="3">
  <mem-info id="640" free="24709856" total="46071808" percent="53">
    <mem type="nursery" free="21107752" total="34865152" percent="60">
      <mem type="allocate" free="21107752" total="27131904" percent="77" />
      <mem type="survivor" free="0" total="7733248" percent="0" />
    </mem>
    <mem type="tenure" free="3602104" total="11206656" percent="32">
      <mem type="soa" free="3040952" total="10645504" percent="28" />
      <mem type="loa" free="561152" total="561152" percent="100" />
    </mem>
    <pending-finalizers system="68" default="0" reference="425" classloader="0" />
    <remembered-set count="11928" />
  </mem-info>
</gc-end>
<cycle-end id="641" type="scavenge" contextid="635" timestamp="2020-10-28T04:49:28.886" />
<allocation-satisfied id="642" threadId="00000000004A8000" bytesRequested="536" />
<af-end id="643" timestamp="2020-10-28T04:49:28.886" threadId="00000000004A8980" success="true" from="nursery"/>
<exclusive-end id="644" timestamp="2020-10-28T04:49:28.886" durationms="64.495" />

<exclusive-start id="645" timestamp="2020-10-28T04:49:29.598" intervalms="776.652">
  <response-info timems="2.017" idlems="1.093" threads="1" lastid="00000000004A4400" lastname="Start Level: Equinox Container: c8e18c6c-1dcb-4006-b7a7-5bb095d" />
</exclusive-start>
<af-start id="646" threadId="00000000005F8D80" totalBytesRequested="32" timestamp="2020-10-28T04:49:29.599" intervalms="776.853" type="nursery" />
<cycle-start id="647" type="scavenge" contextid="0" timestamp="2020-10-28T04:49:29.599" intervalms="777.010" />
<gc-start id="648" type="scavenge" contextid="647" timestamp="2020-10-28T04:49:29.599">
  <mem-info id="649" free="3078760" total="46071808" percent="6">
    <mem type="nursery" free="0" total="34865152" percent="0">
      <mem type="allocate" free="0" total="27131904" percent="0" />
      <mem type="survivor" free="0" total="7733248" percent="0" />
    </mem>
    <mem type="tenure" free="3078760" total="11206656" percent="27">
      <mem type="soa" free="2517608" total="10645504" percent="23" />
      <mem type="loa" free="561152" total="561152" percent="100" />
    </mem>
    <remembered-set count="18199" />
  </mem-info>
</gc-start>
<allocation-stats totalBytes="21605488" >
  <allocated-bytes non-tlh="518784" tlh="21086704" />
  <largest-consumer threadName="Equinox start level thread - Equinox Container: c8e18c6c-1dcb-4006-b7a7-5bb095d171a8" threadId="00000000004B3800" bytes="6845344" />
</allocation-stats>
<gc-op id="650" type="scavenge" timems="47.248" contextid="647" timestamp="2020-10-28T04:49:29.646">
  <scavenger-info tenureage="14" tenuremask="4000" tiltratio="77" />
  <memory-copied type="nursery" objects="189827" bytes="7549384" bytesdiscarded="152976" />
  <memory-copied type="tenure" objects="1060" bytes="74336" bytesdiscarded="0" />
  <copy-failed type="nursery" objects="1002" bytes="73528" />
  <finalization candidates="222" enqueued="83" />
  <ownableSynchronizers candidates="4501" cleared="688" />
  <references type="soft" candidates="3665" cleared="0" enqueued="0" dynamicThreshold="11" maxThreshold="32" />
  <references type="weak" candidates="2371" cleared="628" enqueued="604" />
  <references type="phantom" candidates="4" cleared="3" enqueued="3" />
</gc-op>
<gc-end id="651" type="scavenge" contextid="647" durationms="47.734" usertimems="66.368" systemtimems="4.299" timestamp="2020-10-28T04:49:29.647" activeThreads="3">
  <mem-info id="652" free="19955656" total="46071808" percent="43">
    <mem type="nursery" free="17104896" total="34865152" percent="49">
      <mem type="allocate" free="17104896" total="24838144" percent="68" />
      <mem type="survivor" free="0" total="10027008" percent="0" />
    </mem>
    <mem type="tenure" free="2850760" total="11206656" percent="25">
      <mem type="soa" free="2289608" total="10645504" percent="21" />
      <mem type="loa" free="561152" total="561152" percent="100" />
    </mem>
    <pending-finalizers system="81" default="2" reference="607" classloader="0" />
    <remembered-set count="16186" />
  </mem-info>
</gc-end>
<cycle-end id="653" type="scavenge" contextid="647" timestamp="2020-10-28T04:49:29.647" />
<allocation-satisfied id="654" threadId="00000000005F8400" bytesRequested="32" />
<af-end id="655" timestamp="2020-10-28T04:49:29.647" threadId="00000000005F8D80" success="true" from="nursery"/>
<exclusive-end id="656" timestamp="2020-10-28T04:49:29.647" durationms="49.002" />

<exclusive-start id="657" timestamp="2020-10-28T04:49:29.863" intervalms="265.377">
  <response-info timems="0.185" idlems="0.185" threads="0" lastid="00000000005F8400" lastname="Config-Thread-9" />
</exclusive-start>
<af-start id="658" threadId="00000000005F8D80" totalBytesRequested="32" timestamp="2020-10-28T04:49:29.864" intervalms="265.303" type="nursery" />
<cycle-start id="659" type="scavenge" contextid="0" timestamp="2020-10-28T04:49:29.864" intervalms="265.165" />
<gc-start id="660" type="scavenge" contextid="659" timestamp="2020-10-28T04:49:29.864">
  <mem-info id="661" free="2686840" total="46071808" percent="5">
    <mem type="nursery" free="0" total="34865152" percent="0">
      <mem type="allocate" free="0" total="24838144" percent="0" />
      <mem type="survivor" free="0" total="10027008" percent="0" />
    </mem>
    <mem type="tenure" free="2686840" total="11206656" percent="23">
      <mem type="soa" free="2125688" total="10645504" percent="19" />
      <mem type="loa" free="561152" total="561152" percent="100" />
    </mem>
    <remembered-set count="18143" />
  </mem-info>
</gc-start>
<allocation-stats totalBytes="17261680" >
  <allocated-bytes non-tlh="163952" tlh="17097728" />
  <largest-consumer threadName="Start Level: Equinox Container: c8e18c6c-1dcb-4006-b7a7-5bb095d171a8" threadId="00000000004A4400" bytes="10892232" />
</allocation-stats>
<gc-op id="662" type="scavenge" timems="23.290" contextid="659" timestamp="2020-10-28T04:49:29.888">
  <scavenger-info tenureage="3" tenuremask="6008" tiltratio="71" />
  <memory-copied type="nursery" objects="150530" bytes="5764552" bytesdiscarded="118248" />
  <memory-copied type="tenure" objects="49657" bytes="2249592" bytesdiscarded="2192" />
  <finalization candidates="197" enqueued="55" />
  <ownableSynchronizers candidates="4276" cleared="163" />
  <references type="soft" candidates="3609" cleared="0" enqueued="0" dynamicThreshold="11" maxThreshold="32" />
  <references type="weak" candidates="2275" cleared="222" enqueued="222" />
  <references type="phantom" candidates="4" cleared="3" enqueued="3" />
  <heap-resize type="expand" space="tenure" amount="131072" count="2" timems="0.118" reason="continue current collection" />
</gc-op>
<heap-resize id="663" type="expand" space="nursery" amount="2097152" count="1" timems="0.057" reason="excessive time being spent scavenging" timestamp="2020-10-28T04:49:29.888" />
<gc-end id="664" type="scavenge" contextid="659" durationms="24.007" usertimems="49.646" systemtimems="4.394" timestamp="2020-10-28T04:49:29.888" activeThreads="3">
  <mem-info id="665" free="21395392" total="48300032" percent="44">
    <mem type="nursery" free="20828096" total="36962304" percent="56">
      <mem type="allocate" free="20828096" total="26738688" percent="77" />
      <mem type="survivor" free="0" total="10223616" percent="0" />
    </mem>
    <mem type="tenure" free="567296" total="11337728" percent="5">
      <mem type="soa" free="0" total="10770432" percent="0" />
      <mem type="loa" free="567296" total="567296" percent="100" />
    </mem>
    <pending-finalizers system="53" default="2" reference="225" classloader="0" />
    <remembered-set count="10462" />
  </mem-info>
</gc-end>
<cycle-end id="666" type="scavenge" contextid="659" timestamp="2020-10-28T04:49:29.888" />
<allocation-satisfied id="667" threadId="00000000005F8400" bytesRequested="32" />
<af-end id="668" timestamp="2020-10-28T04:49:29.889" threadId="00000000005F8D80" success="true" from="nursery"/>
<exclusive-end id="669" timestamp="2020-10-28T04:49:29.889" durationms="25.449" />

<exclusive-start id="670" timestamp="2020-10-28T04:49:29.889" intervalms="25.988">
  <response-info timems="0.134" idlems="0.132" threads="1" lastid="00000000005F8400" lastname="Config-Thread-9" />
</exclusive-start>
<af-start id="671" threadId="00000000004A4D80" totalBytesRequested="16" timestamp="2020-10-28T04:49:29.890" intervalms="25.769" type="tenure" />
<cycle-start id="672" type="global" contextid="0" timestamp="2020-10-28T04:49:29.890" intervalms="1952.779" />
<gc-start id="673" type="global" contextid="672" timestamp="2020-10-28T04:49:29.890">
  <mem-info id="674" free="21264288" total="48300032" percent="44">
    <mem type="nursery" free="20696992" total="36962304" percent="55">
      <mem type="allocate" free="20696992" total="26738688" percent="77" />
      <mem type="survivor" free="0" total="10223616" percent="0" />
    </mem>
    <mem type="tenure" free="567296" total="11337728" percent="5">
      <mem type="soa" free="0" total="10770432" percent="0" />
      <mem type="loa" free="567296" total="567296" percent="100" />
    </mem>
    <pending-finalizers system="53" default="2" reference="190" classloader="0" />
    <remembered-set count="10462" />
  </mem-info>
</gc-start>
<allocation-stats totalBytes="131104" >
  <allocated-bytes non-tlh="32" tlh="131072" />
  <largest-consumer threadName="Config-Thread-9" threadId="00000000005F8400" bytes="65568" />
</allocation-stats>
<gc-op id="675" type="mark" timems="34.588" contextid="672" timestamp="2020-10-28T04:49:29.925">
  <trace-info objectcount="384543" scancount="339166" scanbytes="10240144" />
  <finalization candidates="213" enqueued="24" />
  <ownableSynchronizers candidates="4488" cleared="1" />
  <references type="soft" candidates="6114" cleared="0" enqueued="0" dynamicThreshold="11" maxThreshold="32" />
  <references type="weak" candidates="4523" cleared="20" enqueued="10" />
  <references type="phantom" candidates="8" cleared="0" enqueued="0" />
  <stringconstants candidates="14974" cleared="51"  />
</gc-op>
<gc-op id="676" type="classunload" timems="0.081" contextid="672" timestamp="2020-10-28T04:49:29.925">
  <classunload-info classloadercandidates="191" classloadersunloaded="10" classesunloaded="0" anonymousclassesunloaded="0" quiescems="0.000" setupms="0.034" scanms="0.025" postms="0.022" />
</gc-op>
<gc-op id="677" type="sweep" timems="1.634" contextid="672" timestamp="2020-10-28T04:49:29.927" />
<heap-resize id="678" type="expand" space="tenure" amount="3670016" count="1" timems="0.492" reason="insufficient free space following gc" timestamp="2020-10-28T04:49:29.928" />
<gc-end id="679" type="global" contextid="672" durationms="38.001" usertimems="54.235" systemtimems="3.731" timestamp="2020-10-28T04:49:29.928" activeThreads="3">
  <mem-info id="680" free="25488864" total="51970048" percent="49">
    <mem type="nursery" free="20954720" total="36962304" percent="56">
      <mem type="allocate" free="20954720" total="26738688" percent="78" />
      <mem type="survivor" free="0" total="10223616" percent="0" />
    </mem>
    <mem type="tenure" free="4534144" total="15007744" percent="30" micro-fragmented="404586" macro-fragmented="0">
      <mem type="soa" free="3783552" total="14257152" percent="26" />
      <mem type="loa" free="750592" total="750592" percent="100" />
    </mem>
    <pending-finalizers system="77" default="2" reference="200" classloader="0" />
    <remembered-set count="9370" />
  </mem-info>
</gc-end>
<cycle-end id="681" type="global" contextid="672" timestamp="2020-10-28T04:49:29.928" />
<allocation-satisfied id="682" threadId="00000000004A4400" bytesRequested="16" />
<af-end id="683" timestamp="2020-10-28T04:49:29.928" threadId="00000000004A4D80" success="true" from="tenure-soa"/>
<exclusive-end id="684" timestamp="2020-10-28T04:49:29.928" durationms="38.566" />

<exclusive-start id="685" timestamp="2020-10-28T04:49:30.191" intervalms="301.216">
  <response-info timems="1.000" idlems="1.000" threads="0" lastid="0000000000807000" lastname="Default Executor-thread-4" />
</exclusive-start>
<af-start id="686" threadId="0000000000807980" totalBytesRequested="65544" timestamp="2020-10-28T04:49:30.191" intervalms="301.180" type="nursery" />
<cycle-start id="687" type="scavenge" contextid="0" timestamp="2020-10-28T04:49:30.191" intervalms="326.846" />
<gc-start id="688" type="scavenge" contextid="687" timestamp="2020-10-28T04:49:30.191">
  <mem-info id="689" free="3990496" total="51970048" percent="7">
    <mem type="nursery" free="37864" total="36962304" percent="0">
      <mem type="allocate" free="37864" total="26738688" percent="0" />
      <mem type="survivor" free="0" total="10223616" percent="0" />
    </mem>
    <mem type="tenure" free="3952632" total="15007744" percent="26">
      <mem type="soa" free="3202040" total="14257152" percent="22" />
      <mem type="loa" free="750592" total="750592" percent="100" />
    </mem>
    <remembered-set count="17172" />
  </mem-info>
</gc-start>
<allocation-stats totalBytes="21465176" >
  <allocated-bytes non-tlh="557992" tlh="20907184" />
  <largest-consumer threadName="Config-Thread-9" threadId="00000000005F8400" bytes="10925976" />
</allocation-stats>
<gc-op id="690" type="scavenge" timems="30.965" contextid="687" timestamp="2020-10-28T04:49:30.222">
  <scavenger-info tenureage="3" tenuremask="6008" tiltratio="72" />
  <memory-copied type="nursery" objects="89118" bytes="4727832" bytesdiscarded="77184" />
  <memory-copied type="tenure" objects="84112" bytes="3278384" bytesdiscarded="512" />
  <finalization candidates="798" enqueued="579" />
  <ownableSynchronizers candidates="9056" cleared="5430" />
  <references type="soft" candidates="2036" cleared="0" enqueued="0" dynamicThreshold="9" maxThreshold="32" />
  <references type="weak" candidates="6606" cleared="99" enqueued="99" />
  <references type="phantom" candidates="6" cleared="6" enqueued="6" />
  <heap-resize type="expand" space="tenure" amount="262144" count="4" timems="0.180" reason="continue current collection" />
</gc-op>
<heap-resize id="691" type="expand" space="nursery" amount="1572864" count="1" timems="0.049" reason="excessive time being spent scavenging" timestamp="2020-10-28T04:49:30.222" />
<gc-end id="692" type="scavenge" contextid="687" durationms="31.294" usertimems="40.482" systemtimems="4.384" timestamp="2020-10-28T04:49:30.222" activeThreads="3">
  <mem-info id="693" free="25109816" total="53805056" percent="46">
    <mem type="nursery" free="24345912" total="38535168" percent="63">
      <mem type="allocate" free="24345912" total="29163520" percent="83" />
      <mem type="survivor" free="0" total="9371648" percent="0" />
    </mem>
    <mem type="tenure" free="763904" total="15269888" percent="5">
      <mem type="soa" free="0" total="14505984" percent="0" />
      <mem type="loa" free="763904" total="763904" percent="100" />
    </mem>
    <pending-finalizers system="576" default="3" reference="105" classloader="0" />
    <remembered-set count="9340" />
  </mem-info>
</gc-end>
<cycle-end id="694" type="scavenge" contextid="687" timestamp="2020-10-28T04:49:30.223" />
<allocation-satisfied id="695" threadId="0000000000807000" bytesRequested="65544" />
<af-end id="696" timestamp="2020-10-28T04:49:30.223" threadId="0000000000807980" success="true" from="nursery"/>
<exclusive-end id="697" timestamp="2020-10-28T04:49:30.223" durationms="32.148" />

<exclusive-start id="698" timestamp="2020-10-28T04:49:30.226" intervalms="35.629">
  <response-info timems="3.248" idlems="3.248" threads="0" lastid="00000000004A4400" lastname="Start Level: Equinox Container: c8e18c6c-1dcb-4006-b7a7-5bb095d" />
</exclusive-start>
<af-start id="699" threadId="00000000004A4D80" totalBytesRequested="16" timestamp="2020-10-28T04:49:30.226" intervalms="35.631" type="tenure" />
<cycle-start id="700" type="global" contextid="0" timestamp="2020-10-28T04:49:30.227" intervalms="336.826" />
<gc-start id="701" type="global" contextid="700" timestamp="2020-10-28T04:49:30.227">
  <mem-info id="702" free="24780520" total="53805056" percent="46">
    <mem type="nursery" free="24016616" total="38535168" percent="62">
      <mem type="allocate" free="24016616" total="29163520" percent="82" />
      <mem type="survivor" free="0" total="9371648" percent="0" />
    </mem>
    <mem type="tenure" free="763904" total="15269888" percent="5">
      <mem type="soa" free="0" total="14505984" percent="0" />
      <mem type="loa" free="763904" total="763904" percent="100" />
    </mem>
    <remembered-set count="9350" />
  </mem-info>
</gc-start>
<allocation-stats totalBytes="329296" >
  <allocated-bytes non-tlh="181840" tlh="147456" />
  <largest-consumer threadName="Default Executor-thread-4" threadId="0000000000807000" bytes="198224" />
</allocation-stats>
<gc-op id="703" type="mark" timems="42.139" contextid="700" timestamp="2020-10-28T04:49:30.269">
  <trace-info objectcount="412909" scancount="360404" scanbytes="10824596" />
  <finalization candidates="276" enqueued="0" />
  <ownableSynchronizers candidates="4564" cleared="0" />
  <references type="soft" candidates="6296" cleared="0" enqueued="0" dynamicThreshold="9" maxThreshold="32" />
  <references type="weak" candidates="9595" cleared="0" enqueued="0" />
  <references type="phantom" candidates="7" cleared="0" enqueued="0" />
  <stringconstants candidates="19070" cleared="0"  />
</gc-op>
<gc-op id="704" type="sweep" timems="1.790" contextid="700" timestamp="2020-10-28T04:49:30.271" />
<heap-resize id="705" type="expand" space="tenure" amount="5242880" count="1" timems="0.064" reason="insufficient free space following gc" timestamp="2020-10-28T04:49:30.272" />
<gc-end id="706" type="global" contextid="700" durationms="44.972" usertimems="56.727" systemtimems="4.548" timestamp="2020-10-28T04:49:30.272" activeThreads="3">
  <mem-info id="707" free="31239064" total="59047936" percent="52">
    <mem type="nursery" free="25046152" total="38535168" percent="64">
      <mem type="allocate" free="25046152" total="29163520" percent="85" />
      <mem type="survivor" free="0" total="9371648" percent="0" />
    </mem>
    <mem type="tenure" free="6192912" total="20512768" percent="30" micro-fragmented="453139" macro-fragmented="0">
      <mem type="soa" free="5166864" total="19486720" percent="26" />
      <mem type="loa" free="1026048" total="1026048" percent="100" />
    </mem>
    <remembered-set count="8754" />
  </mem-info>
</gc-end>
<cycle-end id="708" type="global" contextid="700" timestamp="2020-10-28T04:49:30.272" />
<allocation-satisfied id="709" threadId="00000000004A4400" bytesRequested="16" />
<af-end id="710" timestamp="2020-10-28T04:49:30.272" threadId="00000000004A4D80" success="true" from="tenure-soa"/>
<exclusive-end id="711" timestamp="2020-10-28T04:49:30.272" durationms="45.789" />

<exclusive-start id="712" timestamp="2020-10-28T04:49:31.124" intervalms="897.325">
  <response-info timems="0.213" idlems="0.213" threads="0" lastid="0000000000718000" lastname="Default Executor-thread-3" />
</exclusive-start>
<af-start id="713" threadId="0000000000718980" totalBytesRequested="1056" timestamp="2020-10-28T04:49:31.124" intervalms="897.361" type="nursery" />
<cycle-start id="714" type="scavenge" contextid="0" timestamp="2020-10-28T04:49:31.124" intervalms="932.994" />
<gc-start id="715" type="scavenge" contextid="714" timestamp="2020-10-28T04:49:31.124">
  <mem-info id="716" free="5828688" total="59047936" percent="9">
    <mem type="nursery" free="0" total="38535168" percent="0">
      <mem type="allocate" free="0" total="29163520" percent="0" />
      <mem type="survivor" free="0" total="9371648" percent="0" />
    </mem>
    <mem type="tenure" free="5828688" total="20512768" percent="28">
      <mem type="soa" free="4802640" total="19486720" percent="24" />
      <mem type="loa" free="1026048" total="1026048" percent="100" />
    </mem>
    <remembered-set count="13804" />
  </mem-info>
</gc-start>
<allocation-stats totalBytes="25363832" >
  <allocated-bytes non-tlh="1000600" tlh="24363232" />
  <largest-consumer threadName="Equinox start level thread - Equinox Container: c8e18c6c-1dcb-4006-b7a7-5bb095d171a8" threadId="00000000004B3800" bytes="10175128" />
</allocation-stats>
<gc-op id="717" type="scavenge" timems="39.891" contextid="714" timestamp="2020-10-28T04:49:31.164">
  <scavenger-info tenureage="13" tenuremask="6000" tiltratio="75" />
  <memory-copied type="nursery" objects="119791" bytes="5848400" bytesdiscarded="96320" />
  <memory-copied type="tenure" objects="38" bytes="608" bytesdiscarded="0" />
  <finalization candidates="493" enqueued="280" />
  <ownableSynchronizers candidates="8599" cleared="6396" />
  <references type="soft" candidates="3072" cleared="0" enqueued="0" dynamicThreshold="9" maxThreshold="32" />
  <references type="weak" candidates="7196" cleared="302" enqueued="289" />
  <references type="phantom" candidates="1" cleared="1" enqueued="1" />
</gc-op>
<gc-end id="718" type="scavenge" contextid="714" durationms="40.170" usertimems="32.799" systemtimems="7.027" timestamp="2020-10-28T04:49:31.164" activeThreads="3">
  <mem-info id="719" free="29618920" total="59047936" percent="50">
    <mem type="nursery" free="23921560" total="38535168" percent="62">
      <mem type="allocate" free="23921560" total="29884416" percent="80" />
      <mem type="survivor" free="0" total="8650752" percent="0" />
    </mem>
    <mem type="tenure" free="5697360" total="20512768" percent="27">
      <mem type="soa" free="4671312" total="19486720" percent="23" />
      <mem type="loa" free="1026048" total="1026048" percent="100" />
    </mem>
    <pending-finalizers system="280" default="0" reference="290" classloader="0" />
    <remembered-set count="11912" />
  </mem-info>
</gc-end>
<cycle-end id="720" type="scavenge" contextid="714" timestamp="2020-10-28T04:49:31.164" />
<allocation-satisfied id="721" threadId="0000000000718000" bytesRequested="1056" />
<af-end id="722" timestamp="2020-10-28T04:49:31.164" threadId="0000000000718980" success="true" from="nursery"/>
<exclusive-end id="723" timestamp="2020-10-28T04:49:31.164" durationms="40.813" />

Oct 28, 2020 4:49:31 AM com.ibm.ws.webcontainer.osgi.DynamicVirtualHost addWebApplication
INFO: SRVE0250I: Web Module MicroProfileOpenAPI has been bound to default_host.
[AUDIT   ] CWWKT0016I: Web application available (default_host): http://acmeair-flightservice-c6fc94ffb-fk94p:9080/openapi/
Oct 28, 2020 4:49:31 AM com.ibm.ws.webcontainer.osgi.DynamicVirtualHost addWebApplication
INFO: SRVE0250I: Web Module PublicMicroProfileMetrics has been bound to default_host.
[AUDIT   ] CWWKT0016I: Web application available (default_host): http://acmeair-flightservice-c6fc94ffb-fk94p:9080/metrics/
Oct 28, 2020 4:49:31 AM com.ibm.ws.webcontainer.osgi.DynamicVirtualHost addWebApplication
INFO: SRVE0250I: Web Module com.ibm.ws.security.jwt has been bound to default_host.
Oct 28, 2020 4:49:31 AM com.ibm.ws.webcontainer.osgi.DynamicVirtualHost addWebApplication
INFO: SRVE0250I: Web Module OpenAPIUI has been bound to default_host.
[AUDIT   ] CWWKT0016I: Web application available (default_host): http://acmeair-flightservice-c6fc94ffb-fk94p:9080/openapi/ui/
[AUDIT   ] CWWKT0016I: Web application available (default_host): http://acmeair-flightservice-c6fc94ffb-fk94p:9080/jwt/
Oct 28, 2020 4:49:31 AM com.ibm.ws.webcontainer.osgi.DynamicVirtualHost addWebApplication
INFO: SRVE0250I: Web Module health has been bound to default_host.
[AUDIT   ] CWWKT0016I: Web application available (default_host): http://acmeair-flightservice-c6fc94ffb-fk94p:9080/health/
[AUDIT   ] CWWKT0016I: Web application available (default_host): http://acmeair-flightservice-c6fc94ffb-fk94p:9080/ibm/api/
Oct 28, 2020 4:49:31 AM com.ibm.ws.webcontainer.osgi.DynamicVirtualHost addWebApplication
INFO: SRVE0250I: Web Module ibm/api has been bound to default_host.
Oct 28, 2020 4:49:31 AM SessionMgrComponentImpl initialize
INFO: SESN8501I: The session manager did not find a persistent storage location; HttpSession objects will be stored in the local application server's memory.
Oct 28, 2020 4:49:31 AM SessionContextRegistryImpl getSessionContext
INFO: SESN0176I: A new session context will be created for application key default_host/openapi/ui
Oct 28, 2020 4:49:31 AM SessionContextRegistryImpl getSessionContext
INFO: SESN0176I: A new session context will be created for application key default_host/metrics
Oct 28, 2020 4:49:31 AM SessionContextRegistryImpl getSessionContext
INFO: SESN0176I: A new session context will be created for application key default_host/openapi
Oct 28, 2020 4:49:31 AM SessionContextRegistryImpl getSessionContext
INFO: SESN0176I: A new session context will be created for application key default_host/jwt
Oct 28, 2020 4:49:32 AM IDGeneratorImpl IDGeneratorImpl
INFO: SESN0172I: The session manager is using the Java default SecureRandom implementation for session ID generation.
Oct 28, 2020 4:49:32 AM IDGeneratorImpl IDGeneratorImpl
INFO: SESN0172I: The session manager is using the Java default SecureRandom implementation for session ID generation.
Oct 28, 2020 4:49:32 AM IDGeneratorImpl IDGeneratorImpl
INFO: SESN0172I: The session manager is using the Java default SecureRandom implementation for session ID generation.
Oct 28, 2020 4:49:32 AM IDGeneratorImpl IDGeneratorImpl
INFO: SESN0172I: The session manager is using the Java default SecureRandom implementation for session ID generation.
<exclusive-start id="724" timestamp="2020-10-28T04:49:32.319" intervalms="1195.778">
  <response-info timems="0.526" idlems="0.271" threads="1" lastid="0000000000669600" lastname="Default Executor-thread-2" />
</exclusive-start>
<af-start id="725" threadId="0000000000807980" totalBytesRequested="56" timestamp="2020-10-28T04:49:32.320" intervalms="1195.791" type="nursery" />
<cycle-start id="726" type="scavenge" contextid="0" timestamp="2020-10-28T04:49:32.320" intervalms="1195.797" />
<gc-start id="727" type="scavenge" contextid="726" timestamp="2020-10-28T04:49:32.320">
  <mem-info id="728" free="5382168" total="59047936" percent="9">
    <mem type="nursery" free="0" total="38535168" percent="0">
      <mem type="allocate" free="0" total="29884416" percent="0" />
      <mem type="survivor" free="0" total="8650752" percent="0" />
    </mem>
    <mem type="tenure" free="5382168" total="20512768" percent="26">
      <mem type="soa" free="4356120" total="19486720" percent="22" />
      <mem type="loa" free="1026048" total="1026048" percent="100" />
    </mem>
    <remembered-set count="16052" />
  </mem-info>
</gc-start>
<allocation-stats totalBytes="24182352" >
  <allocated-bytes non-tlh="832336" tlh="23350016" />
  <largest-consumer threadName="Default Executor-thread-3" threadId="0000000000718000" bytes="6555000" />
</allocation-stats>
<gc-op id="729" type="scavenge" timems="69.690" contextid="726" timestamp="2020-10-28T04:49:32.390">
  <scavenger-info tenureage="13" tenuremask="6000" tiltratio="77" />
  <memory-copied type="nursery" objects="155070" bytes="8197488" bytesdiscarded="112928" />
  <memory-copied type="tenure" objects="86" bytes="1376" bytesdiscarded="0" />
  <finalization candidates="652" enqueued="424" />
  <ownableSynchronizers candidates="2400" cleared="46" />
  <references type="soft" candidates="3533" cleared="0" enqueued="0" dynamicThreshold="9" maxThreshold="32" />
  <references type="weak" candidates="7841" cleared="305" enqueued="298" />
  <references type="phantom" candidates="2" cleared="1" enqueued="1" />
</gc-op>
<gc-end id="730" type="scavenge" contextid="726" durationms="70.152" usertimems="55.637" systemtimems="2.611" timestamp="2020-10-28T04:49:32.390" activeThreads="3">
  <mem-info id="731" free="24717232" total="59047936" percent="41">
    <mem type="nursery" free="19384472" total="38535168" percent="50">
      <mem type="allocate" free="19384472" total="27721728" percent="69" />
      <mem type="survivor" free="0" total="10813440" percent="0" />
    </mem>
    <mem type="tenure" free="5332760" total="20512768" percent="25">
      <mem type="soa" free="4306712" total="19486720" percent="22" />
      <mem type="loa" free="1026048" total="1026048" percent="100" />
    </mem>
    <pending-finalizers system="380" default="44" reference="299" classloader="0" />
    <remembered-set count="11228" />
  </mem-info>
</gc-end>
<cycle-end id="732" type="scavenge" contextid="726" timestamp="2020-10-28T04:49:32.390" />
<allocation-satisfied id="733" threadId="0000000000807000" bytesRequested="56" />
<af-end id="734" timestamp="2020-10-28T04:49:32.390" threadId="0000000000807980" success="true" from="nursery"/>
<exclusive-end id="735" timestamp="2020-10-28T04:49:32.390" durationms="70.948" />

Oct 28, 2020 4:49:32 AM SessionContextRegistryImpl getSessionContext
INFO: SESN0176I: A new session context will be created for application key default_host/health
Oct 28, 2020 4:49:32 AM IDGeneratorImpl IDGeneratorImpl
INFO: SESN0172I: The session manager is using the Java default SecureRandom implementation for session ID generation.
Oct 28, 2020 4:49:32 AM com.ibm.ws.webcontainer.servlet.ServletWrapper init
INFO: SRVE0242I: [com.ibm.ws.microprofile.metrics.public] [/metrics] [PublicMetricsRESTProxyServlet]: Initialization successful.
Oct 28, 2020 4:49:33 AM com.ibm.ws.webcontainer.servlet.ServletWrapper init
INFO: SRVE0242I: [com.ibm.ws.microprofile.openapi] [/openapi] [OpenAPIServlet]: Initialization successful.
Oct 28, 2020 4:49:33 AM SessionContextRegistryImpl getSessionContext
INFO: SESN0176I: A new session context will be created for application key default_host/ibm/api
Oct 28, 2020 4:49:33 AM IDGeneratorImpl IDGeneratorImpl
INFO: SESN0172I: The session manager is using the Java default SecureRandom implementation for session ID generation.
Oct 28, 2020 4:49:33 AM com.ibm.ws.webcontainer.servlet.ServletWrapper init
INFO: SRVE0242I: [com.ibm.ws.microprofile.health.2.0] [/health] [HealthCheckReadinessServlet]: Initialization successful.
Oct 28, 2020 4:49:33 AM com.ibm.ws.webcontainer.servlet.ServletWrapper init
INFO: SRVE0242I: [com.ibm.ws.microprofile.health.2.0] [/health] [HealthCheckServlet]: Initialization successful.
Oct 28, 2020 4:49:33 AM com.ibm.ws.webcontainer.servlet.ServletWrapper init
INFO: SRVE0242I: [com.ibm.ws.microprofile.health.2.0] [/health] [HealthCheckLivenessServlet]: Initialization successful.
<exclusive-start id="736" timestamp="2020-10-28T04:49:33.147" intervalms="827.663">
  <response-info timems="0.200" idlems="0.200" threads="0" lastid="0000000000669600" lastname="Default Executor-thread-2" />
</exclusive-start>
<af-start id="737" threadId="0000000000669F80" totalBytesRequested="4288" timestamp="2020-10-28T04:49:33.147" intervalms="827.706" type="nursery" />
<cycle-start id="738" type="scavenge" contextid="0" timestamp="2020-10-28T04:49:33.147" intervalms="827.758" />
<gc-start id="739" type="scavenge" contextid="738" timestamp="2020-10-28T04:49:33.148">
  <mem-info id="740" free="5183960" total="59047936" percent="8">
    <mem type="nursery" free="0" total="38535168" percent="0">
      <mem type="allocate" free="0" total="27721728" percent="0" />
      <mem type="survivor" free="0" total="10813440" percent="0" />
    </mem>
    <mem type="tenure" free="5183960" total="20512768" percent="25">
      <mem type="soa" free="4157912" total="19486720" percent="21" />
      <mem type="loa" free="1026048" total="1026048" percent="100" />
    </mem>
    <remembered-set count="12783" />
  </mem-info>
</gc-start>
<allocation-stats totalBytes="19427440" >
  <allocated-bytes non-tlh="502104" tlh="18925336" />
  <largest-consumer threadName="Default Executor-thread-6" threadId="00000000009CBC00" bytes="5911440" />
</allocation-stats>
<gc-op id="741" type="scavenge" timems="39.067" contextid="738" timestamp="2020-10-28T04:49:33.187">
  <scavenger-info tenureage="5" tenuremask="6020" tiltratio="71" />
  <memory-copied type="nursery" objects="110700" bytes="6837960" bytesdiscarded="164680" />
  <memory-copied type="tenure" objects="49038" bytes="1772368" bytesdiscarded="512" />
  <finalization candidates="511" enqueued="276" />
  <ownableSynchronizers candidates="2399" cleared="15" />
  <references type="soft" candidates="2195" cleared="0" enqueued="0" dynamicThreshold="9" maxThreshold="32" />
  <references type="weak" candidates="7156" cleared="210" enqueued="207" />
  <references type="phantom" candidates="1" cleared="0" enqueued="0" />
</gc-op>
<gc-end id="742" type="scavenge" contextid="738" durationms="40.174" usertimems="51.457" systemtimems="8.947" timestamp="2020-10-28T04:49:33.188" activeThreads="3">
  <mem-info id="743" free="24479960" total="59047936" percent="41">
    <mem type="nursery" free="21102080" total="38535168" percent="54">
      <mem type="allocate" free="21102080" total="28114944" percent="75" />
      <mem type="survivor" free="0" total="10420224" percent="0" />
    </mem>
    <mem type="tenure" free="3377880" total="20512768" percent="16">
      <mem type="soa" free="2351832" total="19486720" percent="12" />
      <mem type="loa" free="1026048" total="1026048" percent="100" />
    </mem>
    <pending-finalizers system="212" default="64" reference="207" classloader="0" />
    <remembered-set count="8317" />
  </mem-info>
</gc-end>
<cycle-end id="744" type="scavenge" contextid="738" timestamp="2020-10-28T04:49:33.188" />
<allocation-satisfied id="745" threadId="0000000000669600" bytesRequested="4288" />
<af-end id="746" timestamp="2020-10-28T04:49:33.188" threadId="0000000000669F80" success="true" from="nursery"/>
<exclusive-end id="747" timestamp="2020-10-28T04:49:33.188" durationms="41.400" />

<concurrent-kickoff id="748" timestamp="2020-10-28T04:49:33.202">
  <kickoff reason="threshold reached" targetBytes="7135981" thresholdFreeBytes="984117"  remainingFree="945472" tenureFreeBytes="3352344" nurseryFreeBytes="945472" />
</concurrent-kickoff>
<exclusive-start id="749" timestamp="2020-10-28T04:49:33.203" intervalms="56.288">
  <response-info timems="0.171" idlems="0.171" threads="0" lastid="0000000000669600" lastname="Default Executor-thread-2" />
</exclusive-start>
<cycle-start id="750" type="global" contextid="0" timestamp="2020-10-28T04:49:33.204" intervalms="2976.978" />
<exclusive-end id="751" timestamp="2020-10-28T04:49:33.204" durationms="0.341" />

<exclusive-start id="752" timestamp="2020-10-28T04:49:33.247" intervalms="43.299">
  <response-info timems="3.201" idlems="1.706" threads="1" lastid="0000000000019700" lastname="JIT Compilation Thread-000" />
</exclusive-start>
<af-start id="753" threadId="00000000008EDA80" totalBytesRequested="3768" timestamp="2020-10-28T04:49:33.247" intervalms="99.516" type="nursery" />
<cycle-start id="754" type="scavenge" contextid="0" timestamp="2020-10-28T04:49:33.247" intervalms="99.482" />
<gc-start id="755" type="scavenge" contextid="754" timestamp="2020-10-28T04:49:33.247">
  <mem-info id="756" free="3350000" total="59047936" percent="5">
    <mem type="nursery" free="0" total="38535168" percent="0">
      <mem type="allocate" free="0" total="28114944" percent="0" />
      <mem type="survivor" free="0" total="10420224" percent="0" />
    </mem>
    <mem type="tenure" free="3350000" total="20512768" percent="16">
      <mem type="soa" free="2323952" total="19486720" percent="11" />
      <mem type="loa" free="1026048" total="1026048" percent="100" />
    </mem>
    <remembered-set count="8350" />
  </mem-info>
</gc-start>
<allocation-stats totalBytes="19463048" >
  <allocated-bytes non-tlh="32168" tlh="19430880" />
  <largest-consumer threadName="Default Executor-thread-2" threadId="0000000000669600" bytes="18565472" />
</allocation-stats>
<gc-op id="757" type="scavenge" timems="24.749" contextid="754" timestamp="2020-10-28T04:49:33.272">
  <scavenger-info tenureage="3" tenuremask="6038" tiltratio="72" />
  <memory-copied type="nursery" objects="43463" bytes="3186688" bytesdiscarded="110896" />
  <memory-copied type="tenure" objects="67171" bytes="3670960" bytesdiscarded="4328" />
  <finalization candidates="347" enqueued="123" />
  <ownableSynchronizers candidates="1258" cleared="4" />
  <references type="soft" candidates="484" cleared="0" enqueued="0" dynamicThreshold="9" maxThreshold="32" />
  <references type="weak" candidates="754" cleared="12" enqueued="12" />
  <references type="phantom" candidates="1" cleared="0" enqueued="0" />
  <heap-resize type="expand" space="tenure" amount="1441792" count="11" timems="0.528" reason="continue current collection" />
</gc-op>
<heap-resize id="758" type="expand" space="nursery" amount="6160384" count="1" timems="0.111" reason="excessive time being spent scavenging" timestamp="2020-10-28T04:49:33.272" />
<gc-end id="759" type="scavenge" contextid="754" durationms="25.369" usertimems="36.362" systemtimems="4.028" timestamp="2020-10-28T04:49:33.272" activeThreads="3">
  <mem-info id="760" free="31179120" total="66650112" percent="46">
    <mem type="nursery" free="30057864" total="44695552" percent="67">
      <mem type="allocate" free="30057864" total="33357824" percent="90" />
      <mem type="survivor" free="0" total="11337728" percent="0" />
    </mem>
    <mem type="tenure" free="1121256" total="21954560" percent="5">
      <mem type="soa" free="23528" total="20856832" percent="0" />
      <mem type="loa" free="1097728" total="1097728" percent="100" />
    </mem>
    <pending-finalizers system="86" default="37" reference="12" classloader="0" />
    <remembered-set count="3068" />
  </mem-info>
</gc-end>
<cycle-end id="761" type="scavenge" contextid="754" timestamp="2020-10-28T04:49:33.273" />
<allocation-satisfied id="762" threadId="00000000008ED100" bytesRequested="3768" />
<af-end id="763" timestamp="2020-10-28T04:49:33.273" threadId="00000000008EDA80" success="true" from="nursery"/>
<exclusive-end id="764" timestamp="2020-10-28T04:49:33.273" durationms="26.785" />

<exclusive-start id="765" timestamp="2020-10-28T04:49:33.314" intervalms="67.210">
  <response-info timems="0.228" idlems="0.228" threads="0" lastid="0000000000669600" lastname="Default Executor-thread-2" />
</exclusive-start>
<concurrent-collection-start id="766" timestamp="2020-10-28T04:49:33.314" intervalms="9448.841" >
  <concurrent-trace-info reason="card cleaning threshold reached" tracedByMutators="7796312" tracedByHelpers="4470972" cardsCleaned="1862" workStackOverflowCount="0" />
</concurrent-collection-start>
<gc-start id="767" type="global" contextid="750" timestamp="2020-10-28T04:49:33.320">
  <mem-info id="768" free="30896504" total="66650112" percent="46">
    <mem type="nursery" free="29775568" total="44695552" percent="66">
      <mem type="allocate" free="29775568" total="33357824" percent="89" />
      <mem type="survivor" free="0" total="11337728" percent="0" />
    </mem>
    <mem type="tenure" free="1120936" total="21954560" percent="5">
      <mem type="soa" free="23208" total="20856832" percent="0" />
      <mem type="loa" free="1097728" total="1097728" percent="100" />
    </mem>
    <remembered-set count="3073" />
  </mem-info>
</gc-start>
<allocation-stats totalBytes="275504" >
  <allocated-bytes non-tlh="4088" tlh="271416" />
  <largest-consumer threadName="Default Executor-thread-2" threadId="0000000000669600" bytes="201784" />
</allocation-stats>
<gc-op id="769" type="rs-scan" timems="7.877" contextid="750" timestamp="2020-10-28T04:49:33.329">
  <scan objectsFound="2576" bytesTraced="1607704" workStackOverflowCount="0" />
</gc-op>
<gc-op id="770" type="card-cleaning" timems="0.444" contextid="750" timestamp="2020-10-28T04:49:33.329">
  <card-cleaning cardsCleaned="1" bytesTraced="2372" workStackOverflowCount="0" />
</gc-op>
<gc-op id="771" type="mark" timems="16.061" contextid="750" timestamp="2020-10-28T04:49:33.345">
  <trace-info objectcount="7555" scancount="7024" scanbytes="193728" />
  <finalization candidates="300" enqueued="3" />
  <ownableSynchronizers candidates="5429" cleared="0" />
  <references type="soft" candidates="7696" cleared="0" enqueued="0" dynamicThreshold="9" maxThreshold="32" />
  <references type="weak" candidates="10722" cleared="4" enqueued="2" />
  <references type="phantom" candidates="8" cleared="0" enqueued="0" />
  <stringconstants candidates="23950" cleared="67"  />
</gc-op>
<gc-op id="772" type="classunload" timems="0.086" contextid="750" timestamp="2020-10-28T04:49:33.346">
  <classunload-info classloadercandidates="241" classloadersunloaded="0" classesunloaded="0" anonymousclassesunloaded="0" quiescems="0.000" setupms="0.081" scanms="0.003" postms="0.002" />
</gc-op>
<gc-op id="773" type="sweep" timems="4.104" contextid="750" timestamp="2020-10-28T04:49:33.350" />
<heap-resize id="774" type="expand" space="tenure" amount="7471104" count="1" timems="0.065" reason="insufficient free space following gc" timestamp="2020-10-28T04:49:33.350" />
<gc-end id="775" type="global" contextid="750" durationms="29.999" usertimems="25.971" systemtimems="3.487" timestamp="2020-10-28T04:49:33.350" activeThreads="3">
  <mem-info id="776" free="39407048" total="74121216" percent="53">
    <mem type="nursery" free="30537840" total="44695552" percent="68">
      <mem type="allocate" free="30537840" total="33357824" percent="91" />
      <mem type="survivor" free="0" total="11337728" percent="0" />
    </mem>
    <mem type="tenure" free="8869208" total="29425664" percent="30" micro-fragmented="721840" macro-fragmented="0">
      <mem type="soa" free="7397720" total="27954176" percent="26" />
      <mem type="loa" free="1471488" total="1471488" percent="100" />
    </mem>
    <pending-finalizers system="3" default="0" reference="2" classloader="0" />
    <remembered-set count="2696" />
  </mem-info>
</gc-end>
<cycle-end id="777" type="global" contextid="750" timestamp="2020-10-28T04:49:33.351" />
<concurrent-collection-end id="778" timestamp="2020-10-28T04:49:33.351" />
<exclusive-end id="779" timestamp="2020-10-28T04:49:33.351" durationms="37.319" />

<exclusive-start id="780" timestamp="2020-10-28T04:49:33.680" intervalms="366.224">
  <response-info timems="10.140" idlems="7.220" threads="2" lastid="00000000008ED100" lastname="Default Executor-thread-5" />
</exclusive-start>
<af-start id="781" threadId="0000000000F41480" totalBytesRequested="32" timestamp="2020-10-28T04:49:33.680" intervalms="433.590" type="nursery" />
<cycle-start id="782" type="scavenge" contextid="0" timestamp="2020-10-28T04:49:33.680" intervalms="433.567" />
<gc-start id="783" type="scavenge" contextid="782" timestamp="2020-10-28T04:49:33.681">
  <mem-info id="784" free="8712744" total="74121216" percent="11">
    <mem type="nursery" free="0" total="44695552" percent="0">
      <mem type="allocate" free="0" total="33357824" percent="0" />
      <mem type="survivor" free="0" total="11337728" percent="0" />
    </mem>
    <mem type="tenure" free="8712744" total="29425664" percent="29">
      <mem type="soa" free="7241256" total="27954176" percent="25" />
      <mem type="loa" free="1471488" total="1471488" percent="100" />
    </mem>
    <remembered-set count="4653" />
  </mem-info>
</gc-start>
<allocation-stats totalBytes="29965448" >
  <allocated-bytes non-tlh="157416" tlh="29808032" />
  <largest-consumer threadName="Default Executor-thread-2" threadId="0000000000669600" bytes="16941080" />
</allocation-stats>
<gc-op id="785" type="scavenge" timems="36.567" contextid="782" timestamp="2020-10-28T04:49:33.718">
  <scavenger-info tenureage="3" tenuremask="4008" tiltratio="74" />
  <memory-copied type="nursery" objects="26882" bytes="2439072" bytesdiscarded="122168" />
  <memory-copied type="tenure" objects="24008" bytes="1391240" bytesdiscarded="1496" />
  <finalization candidates="436" enqueued="354" />
  <ownableSynchronizers candidates="10712" cleared="10499" />
  <references type="soft" candidates="111" cleared="0" enqueued="0" dynamicThreshold="9" maxThreshold="32" />
  <references type="weak" candidates="240" cleared="74" enqueued="74" />
</gc-op>
<gc-end id="786" type="scavenge" contextid="782" durationms="36.991" usertimems="24.726" systemtimems="5.243" timestamp="2020-10-28T04:49:33.718" activeThreads="3">
  <mem-info id="787" free="40835704" total="74121216" percent="55">
    <mem type="nursery" free="33613032" total="44695552" percent="75">
      <mem type="allocate" free="33613032" total="36175872" percent="92" />
      <mem type="survivor" free="0" total="8519680" percent="0" />
    </mem>
    <mem type="tenure" free="7222672" total="29425664" percent="24">
      <mem type="soa" free="5751184" total="27954176" percent="20" />
      <mem type="loa" free="1471488" total="1471488" percent="100" />
    </mem>
    <pending-finalizers system="210" default="144" reference="74" classloader="0" />
    <remembered-set count="3562" />
  </mem-info>
</gc-end>
<cycle-end id="788" type="scavenge" contextid="782" timestamp="2020-10-28T04:49:33.718" />
<allocation-satisfied id="789" threadId="0000000000F40B00" bytesRequested="32" />
<af-end id="790" timestamp="2020-10-28T04:49:33.719" threadId="0000000000F41480" success="true" from="nursery"/>
<exclusive-end id="791" timestamp="2020-10-28T04:49:33.719" durationms="38.499" />

<exclusive-start id="792" timestamp="2020-10-28T04:49:34.401" intervalms="721.304">
  <response-info timems="0.159" idlems="0.159" threads="0" lastid="00000000008ED100" lastname="Default Executor-thread-5" />
</exclusive-start>
<af-start id="793" threadId="00000000008EDA80" totalBytesRequested="24" timestamp="2020-10-28T04:49:34.408" intervalms="727.213" type="nursery" />
<cycle-start id="794" type="scavenge" contextid="0" timestamp="2020-10-28T04:49:34.408" intervalms="727.340" />
<gc-start id="795" type="scavenge" contextid="794" timestamp="2020-10-28T04:49:34.408">
  <mem-info id="796" free="7102944" total="74121216" percent="9">
    <mem type="nursery" free="0" total="44695552" percent="0">
      <mem type="allocate" free="0" total="36175872" percent="0" />
      <mem type="survivor" free="0" total="8519680" percent="0" />
    </mem>
    <mem type="tenure" free="7102944" total="29425664" percent="24">
      <mem type="soa" free="5631456" total="27954176" percent="20" />
      <mem type="loa" free="1471488" total="1471488" percent="100" />
    </mem>
    <remembered-set count="4599" />
  </mem-info>
</gc-start>
<allocation-stats totalBytes="33610832" >
  <allocated-bytes non-tlh="1229608" tlh="32381224" />
  <largest-consumer threadName="Default Executor-thread-5" threadId="00000000008ED100" bytes="28767704" />
</allocation-stats>
<gc-op id="797" type="scavenge" timems="38.338" contextid="794" timestamp="2020-10-28T04:49:34.446">
  <scavenger-info tenureage="14" tenuremask="4000" tiltratio="80" />
  <memory-copied type="nursery" objects="59130" bytes="4967656" bytesdiscarded="62240" />
  <memory-copied type="tenure" objects="2" bytes="32" bytesdiscarded="0" />
  <finalization candidates="364" enqueued="339" />
  <ownableSynchronizers candidates="78" cleared="11" />
  <references type="soft" candidates="150" cleared="0" enqueued="0" dynamicThreshold="9" maxThreshold="32" />
  <references type="weak" candidates="373" cleared="121" enqueued="115" />
</gc-op>
<heap-resize id="798" type="expand" space="nursery" amount="1835008" count="1" timems="0.044" reason="excessive time being spent scavenging" timestamp="2020-10-28T04:49:34.454" />
<gc-end id="799" type="scavenge" contextid="794" durationms="46.277" usertimems="55.402" systemtimems="1.802" timestamp="2020-10-28T04:49:34.454" activeThreads="3">
  <mem-info id="800" free="39599176" total="75956224" percent="52">
    <mem type="nursery" free="32627560" total="46530560" percent="70">
      <mem type="allocate" free="32627560" total="37683200" percent="86" />
      <mem type="survivor" free="0" total="8847360" percent="0" />
    </mem>
    <mem type="tenure" free="6971616" total="29425664" percent="23">
      <mem type="soa" free="5500128" total="27954176" percent="19" />
      <mem type="loa" free="1471488" total="1471488" percent="100" />
    </mem>
    <pending-finalizers system="275" default="64" reference="115" classloader="0" />
    <remembered-set count="4125" />
  </mem-info>
</gc-end>
<cycle-end id="801" type="scavenge" contextid="794" timestamp="2020-10-28T04:49:34.454" />
<allocation-satisfied id="802" threadId="00000000008ED100" bytesRequested="24" />
<af-end id="803" timestamp="2020-10-28T04:49:34.455" threadId="00000000008EDA80" success="true" from="nursery"/>
<exclusive-end id="804" timestamp="2020-10-28T04:49:34.455" durationms="53.213" />

Oct 28, 2020 4:49:34 AM org.jboss.weld.bootstrap.WeldStartup <clinit>
INFO: WELD-000900: 3.1.4 (Final)
<exclusive-start id="805" timestamp="2020-10-28T04:49:34.988" intervalms="586.650">
  <response-info timems="0.175" idlems="0.175" threads="0" lastid="00000000008ED100" lastname="Default Executor-thread-5" />
</exclusive-start>
<af-start id="806" threadId="00000000008EDA80" totalBytesRequested="16" timestamp="2020-10-28T04:49:34.988" intervalms="580.542" type="nursery" />
<cycle-start id="807" type="scavenge" contextid="0" timestamp="2020-10-28T04:49:34.988" intervalms="580.410" />
<gc-start id="808" type="scavenge" contextid="807" timestamp="2020-10-28T04:49:34.988">
  <mem-info id="809" free="6801336" total="75956224" percent="8">
    <mem type="nursery" free="0" total="46530560" percent="0">
      <mem type="allocate" free="0" total="37683200" percent="0" />
      <mem type="survivor" free="0" total="8847360" percent="0" />
    </mem>
    <mem type="tenure" free="6801336" total="29425664" percent="23">
      <mem type="soa" free="5329848" total="27954176" percent="19" />
      <mem type="loa" free="1471488" total="1471488" percent="100" />
    </mem>
    <remembered-set count="6605" />
  </mem-info>
</gc-start>
<allocation-stats totalBytes="32773024" >
  <allocated-bytes non-tlh="712776" tlh="32060248" />
  <largest-consumer threadName="Default Executor-thread-5" threadId="00000000008ED100" bytes="32633760" />
</allocation-stats>
<gc-op id="810" type="scavenge" timems="17.600" contextid="807" timestamp="2020-10-28T04:49:35.006">
  <scavenger-info tenureage="14" tenuremask="4000" tiltratio="80" />
  <memory-copied type="nursery" objects="72190" bytes="4844944" bytesdiscarded="62824" />
  <finalization candidates="144" enqueued="105" />
  <ownableSynchronizers candidates="94" cleared="10" />
  <references type="soft" candidates="362" cleared="0" enqueued="0" dynamicThreshold="9" maxThreshold="32" />
  <references type="weak" candidates="1211" cleared="467" enqueued="410" />
</gc-op>
<gc-end id="811" type="scavenge" contextid="807" durationms="18.062" usertimems="33.102" systemtimems="2.696" timestamp="2020-10-28T04:49:35.006" activeThreads="3">
  <mem-info id="812" free="40622544" total="75956224" percent="53">
    <mem type="nursery" free="33821208" total="46530560" percent="72">
      <mem type="allocate" free="33821208" total="38731776" percent="87" />
      <mem type="survivor" free="0" total="7798784" percent="0" />
    </mem>
    <mem type="tenure" free="6801336" total="29425664" percent="23">
      <mem type="soa" free="5329848" total="27954176" percent="19" />
      <mem type="loa" free="1471488" total="1471488" percent="100" />
    </mem>
    <pending-finalizers system="104" default="1" reference="410" classloader="0" />
    <remembered-set count="4614" />
  </mem-info>
</gc-end>
<cycle-end id="813" type="scavenge" contextid="807" timestamp="2020-10-28T04:49:35.007" />
<allocation-satisfied id="814" threadId="00000000008ED100" bytesRequested="16" />
<af-end id="815" timestamp="2020-10-28T04:49:35.007" threadId="00000000008EDA80" success="true" from="nursery"/>
<exclusive-end id="816" timestamp="2020-10-28T04:49:35.007" durationms="18.754" />

<exclusive-start id="817" timestamp="2020-10-28T04:49:35.303" intervalms="315.134">
  <response-info timems="0.051" idlems="0.051" threads="0" lastid="00000000008ED100" lastname="Default Executor-thread-5" />
</exclusive-start>
<af-start id="818" threadId="00000000008EDA80" totalBytesRequested="8200" timestamp="2020-10-28T04:49:35.303" intervalms="315.154" type="nursery" />
<cycle-start id="819" type="scavenge" contextid="0" timestamp="2020-10-28T04:49:35.303" intervalms="315.153" />
<gc-start id="820" type="scavenge" contextid="819" timestamp="2020-10-28T04:49:35.304">
  <mem-info id="821" free="6700808" total="75956224" percent="8">
    <mem type="nursery" free="0" total="46530560" percent="0">
      <mem type="allocate" free="0" total="38731776" percent="0" />
      <mem type="survivor" free="0" total="7798784" percent="0" />
    </mem>
    <mem type="tenure" free="6700808" total="29425664" percent="22">
      <mem type="soa" free="5229320" total="27954176" percent="18" />
      <mem type="loa" free="1471488" total="1471488" percent="100" />
    </mem>
    <remembered-set count="5946" />
  </mem-info>
</gc-start>
<allocation-stats totalBytes="33891592" >
  <allocated-bytes non-tlh="215456" tlh="33676136" />
  <largest-consumer threadName="Default Executor-thread-5" threadId="00000000008ED100" bytes="33761696" />
</allocation-stats>
<gc-op id="822" type="scavenge" timems="49.572" contextid="819" timestamp="2020-10-28T04:49:35.353">
  <scavenger-info tenureage="14" tenuremask="4000" tiltratio="83" />
  <memory-copied type="nursery" objects="101934" bytes="7710216" bytesdiscarded="55240" />
  <memory-copied type="tenure" objects="151" bytes="187424" bytesdiscarded="1104" />
  <copy-failed type="nursery" objects="151" bytes="187448" />
  <finalization candidates="639" enqueued="591" />
  <ownableSynchronizers candidates="87" cleared="3" />
  <references type="soft" candidates="501" cleared="0" enqueued="0" dynamicThreshold="9" maxThreshold="32" />
  <references type="weak" candidates="936" cleared="99" enqueued="96" />
</gc-op>
<heap-resize id="823" type="expand" space="nursery" amount="3276800" count="1" timems="0.044" reason="excessive time being spent scavenging" timestamp="2020-10-28T04:49:35.354" />
<gc-end id="824" type="scavenge" contextid="819" durationms="50.321" usertimems="28.045" systemtimems="6.596" timestamp="2020-10-28T04:49:35.354" activeThreads="3">
  <mem-info id="825" free="35931736" total="79233024" percent="45">
    <mem type="nursery" free="29425664" total="49807360" percent="59">
      <mem type="allocate" free="29425664" total="37224448" percent="79" />
      <mem type="survivor" free="0" total="12582912" percent="0" />
    </mem>
    <mem type="tenure" free="6506072" total="29425664" percent="22">
      <mem type="soa" free="5034584" total="27954176" percent="18" />
      <mem type="loa" free="1471488" total="1471488" percent="100" />
    </mem>
    <pending-finalizers system="591" default="0" reference="96" classloader="0" />
    <remembered-set count="5361" />
  </mem-info>
</gc-end>
<cycle-end id="826" type="scavenge" contextid="819" timestamp="2020-10-28T04:49:35.354" />
<allocation-satisfied id="827" threadId="00000000008ED100" bytesRequested="8200" />
<af-end id="828" timestamp="2020-10-28T04:49:35.354" threadId="00000000008EDA80" success="true" from="nursery"/>
<exclusive-end id="829" timestamp="2020-10-28T04:49:35.354" durationms="50.990" />

<exclusive-start id="830" timestamp="2020-10-28T04:49:36.114" intervalms="811.225">
  <response-info timems="0.045" idlems="0.045" threads="0" lastid="0000000000669600" lastname="Default Executor-thread-2" />
</exclusive-start>
<af-start id="831" threadId="0000000000669F80" totalBytesRequested="40" timestamp="2020-10-28T04:49:36.115" intervalms="811.259" type="nursery" />
<cycle-start id="832" type="scavenge" contextid="0" timestamp="2020-10-28T04:49:36.115" intervalms="811.267" />
<gc-start id="833" type="scavenge" contextid="832" timestamp="2020-10-28T04:49:36.115">
  <mem-info id="834" free="6357080" total="79233024" percent="8">
    <mem type="nursery" free="0" total="49807360" percent="0">
      <mem type="allocate" free="0" total="37224448" percent="0" />
      <mem type="survivor" free="0" total="12582912" percent="0" />
    </mem>
    <mem type="tenure" free="6357080" total="29425664" percent="21">
      <mem type="soa" free="4885592" total="27954176" percent="17" />
      <mem type="loa" free="1471488" total="1471488" percent="100" />
    </mem>
    <remembered-set count="7748" />
  </mem-info>
</gc-start>
<allocation-stats totalBytes="29535208" >
  <allocated-bytes non-tlh="205464" tlh="29329744" />
  <largest-consumer threadName="Default Executor-thread-5" threadId="00000000008ED100" bytes="28695784" />
</allocation-stats>
<gc-op id="835" type="scavenge" timems="45.453" contextid="832" timestamp="2020-10-28T04:49:36.160">
  <scavenger-info tenureage="3" tenuremask="4008" tiltratio="74" />
  <memory-copied type="nursery" objects="118566" bytes="6279016" bytesdiscarded="103120" />
  <memory-copied type="tenure" objects="18684" bytes="1742576" bytesdiscarded="1288" />
  <finalization candidates="98" enqueued="50" />
  <ownableSynchronizers candidates="381" cleared="11" />
  <references type="soft" candidates="1007" cleared="0" enqueued="0" dynamicThreshold="9" maxThreshold="32" />
  <references type="weak" candidates="1693" cleared="498" enqueued="441" />
</gc-op>
<gc-end id="836" type="scavenge" contextid="832" durationms="45.824" usertimems="48.312" systemtimems="9.096" timestamp="2020-10-28T04:49:36.161" activeThreads="3">
  <mem-info id="837" free="36838536" total="79233024" percent="46">
    <mem type="nursery" free="32345968" total="49807360" percent="64">
      <mem type="allocate" free="32345968" total="38731776" percent="83" />
      <mem type="survivor" free="0" total="11075584" percent="0" />
    </mem>
    <mem type="tenure" free="4492568" total="29425664" percent="15">
      <mem type="soa" free="3021080" total="27954176" percent="10" />
      <mem type="loa" free="1471488" total="1471488" percent="100" />
    </mem>
    <pending-finalizers system="42" default="8" reference="441" classloader="0" />
    <remembered-set count="7017" />
  </mem-info>
</gc-end>
<cycle-end id="838" type="scavenge" contextid="832" timestamp="2020-10-28T04:49:36.161" />
<allocation-satisfied id="839" threadId="0000000000669600" bytesRequested="40" />
<af-end id="840" timestamp="2020-10-28T04:49:36.161" threadId="0000000000669F80" success="true" from="nursery"/>
<exclusive-end id="841" timestamp="2020-10-28T04:49:36.161" durationms="46.603" />

<concurrent-kickoff id="842" timestamp="2020-10-28T04:49:37.939">
  <kickoff reason="threshold reached" targetBytes="11370334" thresholdFreeBytes="1569265"  remainingFree="1471240" tenureFreeBytes="4169672" nurseryFreeBytes="1471240" />
</concurrent-kickoff>
<exclusive-start id="843" timestamp="2020-10-28T04:49:37.940" intervalms="1825.603">
  <response-info timems="0.167" idlems="0.167" threads="0" lastid="0000000000669600" lastname="Default Executor-thread-2" />
</exclusive-start>
<cycle-start id="844" type="global" contextid="0" timestamp="2020-10-28T04:49:37.940" intervalms="4736.589" />
<exclusive-end id="845" timestamp="2020-10-28T04:49:37.940" durationms="0.095" />

<exclusive-start id="846" timestamp="2020-10-28T04:49:38.112" intervalms="171.793">
  <response-info timems="0.670" idlems="0.401" threads="1" lastid="000000000001D300" lastname="JIT Compilation Thread-001" />
</exclusive-start>
<concurrent-collection-start id="847" timestamp="2020-10-28T04:49:38.117" intervalms="4802.644" >
  <concurrent-trace-info reason="card cleaning threshold reached" tracedByMutators="2257892" tracedByHelpers="10669132" cardsCleaned="46" workStackOverflowCount="0" />
</concurrent-collection-start>
<gc-start id="848" type="global" contextid="844" timestamp="2020-10-28T04:49:38.117">
  <mem-info id="849" free="4495792" total="79233024" percent="5">
    <mem type="nursery" free="328456" total="49807360" percent="0">
      <mem type="allocate" free="328456" total="38731776" percent="0" />
      <mem type="survivor" free="0" total="11075584" percent="0" />
    </mem>
    <mem type="tenure" free="4167336" total="29425664" percent="14">
      <mem type="soa" free="2695848" total="27954176" percent="9" />
      <mem type="loa" free="1471488" total="1471488" percent="100" />
    </mem>
    <remembered-set count="10876" />
  </mem-info>
</gc-start>
<allocation-stats totalBytes="32315240" >
  <allocated-bytes non-tlh="344792" tlh="31970448" />
  <largest-consumer threadName="Default Executor-thread-5" threadId="00000000008ED100" bytes="25521536" />
</allocation-stats>
<gc-op id="850" type="rs-scan" timems="31.929" contextid="844" timestamp="2020-10-28T04:49:38.149">
  <scan objectsFound="6621" bytesTraced="8011904" workStackOverflowCount="0" />
</gc-op>
<gc-op id="851" type="card-cleaning" timems="1.805" contextid="844" timestamp="2020-10-28T04:49:38.151">
  <card-cleaning cardsCleaned="1" bytesTraced="43832" workStackOverflowCount="0" />
</gc-op>
<gc-op id="852" type="mark" timems="36.136" contextid="844" timestamp="2020-10-28T04:49:38.188">
  <trace-info objectcount="6641" scancount="6226" scanbytes="182008" />
  <finalization candidates="361" enqueued="53" />
  <ownableSynchronizers candidates="6395" cleared="450" />
  <references type="soft" candidates="10315" cleared="0" enqueued="0" dynamicThreshold="9" maxThreshold="32" />
  <references type="weak" candidates="12505" cleared="328" enqueued="278" />
  <references type="phantom" candidates="8" cleared="0" enqueued="0" />
  <stringconstants candidates="27849" cleared="88"  />
</gc-op>
<gc-op id="853" type="classunload" timems="0.046" contextid="844" timestamp="2020-10-28T04:49:38.191">
  <classunload-info classloadercandidates="287" classloadersunloaded="0" classesunloaded="0" anonymousclassesunloaded="0" quiescems="0.000" setupms="0.042" scanms="0.003" postms="0.001" />
</gc-op>
<gc-op id="854" type="sweep" timems="17.332" contextid="844" timestamp="2020-10-28T04:49:38.208" />
<heap-resize id="855" type="expand" space="tenure" amount="5439488" count="1" timems="0.520" reason="insufficient free space following gc" timestamp="2020-10-28T04:49:38.209" />
<gc-end id="856" type="global" contextid="844" durationms="92.068" usertimems="67.419" systemtimems="5.624" timestamp="2020-10-28T04:49:38.209" activeThreads="3">
  <mem-info id="857" free="33660384" total="84672512" percent="39">
    <mem type="nursery" free="23156256" total="49807360" percent="46">
      <mem type="allocate" free="23156256" total="38731776" percent="59" />
      <mem type="survivor" free="0" total="11075584" percent="0" />
    </mem>
    <mem type="tenure" free="10504128" total="34865152" percent="30" micro-fragmented="762094" macro-fragmented="0">
      <mem type="soa" free="8760256" total="33121280" percent="26" />
      <mem type="loa" free="1743872" total="1743872" percent="100" />
    </mem>
    <pending-finalizers system="51" default="2" reference="278" classloader="0" />
    <remembered-set count="7326" />
  </mem-info>
</gc-end>
<cycle-end id="858" type="global" contextid="844" timestamp="2020-10-28T04:49:38.210" />
<concurrent-collection-end id="859" timestamp="2020-10-28T04:49:38.210" />
<exclusive-end id="860" timestamp="2020-10-28T04:49:38.210" durationms="97.965" />

Oct 28, 2020 4:49:38 AM com.ibm.ws.webcontainer.osgi.DynamicVirtualHost addWebApplication
INFO: SRVE0250I: Web Module acmeair-flightservice-java has been bound to default_host.
[AUDIT   ] CWWKT0016I: Web application available (default_host): http://acmeair-flightservice-c6fc94ffb-fk94p:9080/flight/
Oct 28, 2020 4:49:38 AM SessionContextRegistryImpl getSessionContext
INFO: SESN0176I: A new session context will be created for application key default_host/flight
Oct 28, 2020 4:49:38 AM IDGeneratorImpl IDGeneratorImpl
INFO: SESN0172I: The session manager is using the Java default SecureRandom implementation for session ID generation.
<exclusive-start id="861" timestamp="2020-10-28T04:49:38.935" intervalms="822.867">
  <response-info timems="0.248" idlems="0.248" threads="0" lastid="00000000009CBC00" lastname="Default Executor-thread-6" />
</exclusive-start>
<af-start id="862" threadId="00000000009CC580" totalBytesRequested="16" timestamp="2020-10-28T04:49:38.935" intervalms="2820.257" type="nursery" />
<cycle-start id="863" type="scavenge" contextid="0" timestamp="2020-10-28T04:49:38.935" intervalms="2820.356" />
<gc-start id="864" type="scavenge" contextid="863" timestamp="2020-10-28T04:49:38.935">
  <mem-info id="865" free="10472944" total="84672512" percent="12">
    <mem type="nursery" free="0" total="49807360" percent="0">
      <mem type="allocate" free="0" total="38731776" percent="0" />
      <mem type="survivor" free="0" total="11075584" percent="0" />
    </mem>
    <mem type="tenure" free="10472944" total="34865152" percent="30">
      <mem type="soa" free="8729072" total="33121280" percent="26" />
      <mem type="loa" free="1743872" total="1743872" percent="100" />
    </mem>
    <remembered-set count="7811" />
  </mem-info>
</gc-start>
<allocation-stats totalBytes="22963144" >
  <allocated-bytes non-tlh="772224" tlh="22190920" />
  <largest-consumer threadName="Default Executor-thread-5" threadId="00000000008ED100" bytes="20712168" />
</allocation-stats>
<gc-op id="866" type="scavenge" timems="45.433" contextid="863" timestamp="2020-10-28T04:49:38.981">
  <scavenger-info tenureage="3" tenuremask="4088" tiltratio="77" />
  <memory-copied type="nursery" objects="89425" bytes="4373408" bytesdiscarded="236792" />
  <memory-copied type="tenure" objects="44159" bytes="2610784" bytesdiscarded="3528" />
  <finalization candidates="51" enqueued="0" />
  <ownableSynchronizers candidates="12615" cleared="12172" />
  <references type="soft" candidates="2467" cleared="0" enqueued="0" dynamicThreshold="9" maxThreshold="32" />
  <references type="weak" candidates="880" cleared="93" enqueued="85" />
</gc-op>
<gc-end id="867" type="scavenge" contextid="863" durationms="45.818" usertimems="54.284" systemtimems="2.525" timestamp="2020-10-28T04:49:38.981" activeThreads="3">
  <mem-info id="868" free="42657392" total="84672512" percent="50">
    <mem type="nursery" free="34970600" total="49807360" percent="70">
      <mem type="allocate" free="34970600" total="39583744" percent="88" />
      <mem type="survivor" free="0" total="10223616" percent="0" />
    </mem>
    <mem type="tenure" free="7686792" total="34865152" percent="22">
      <mem type="soa" free="5942920" total="33121280" percent="17" />
      <mem type="loa" free="1743872" total="1743872" percent="100" />
    </mem>
    <pending-finalizers system="0" default="0" reference="85" classloader="0" />
    <remembered-set count="5564" />
  </mem-info>
</gc-end>
<cycle-end id="869" type="scavenge" contextid="863" timestamp="2020-10-28T04:49:38.982" />
<allocation-satisfied id="870" threadId="00000000009CBC00" bytesRequested="16" />
<af-end id="871" timestamp="2020-10-28T04:49:38.982" threadId="00000000009CC580" success="true" from="nursery"/>
<exclusive-end id="872" timestamp="2020-10-28T04:49:38.982" durationms="47.273" />

[AUDIT   ] CWWKZ0001I: Application acmeair-flightservice started in 7.368 seconds.
[AUDIT   ] CWWKF0012I: The server installed the following features: [appSecurity-2.0, cdi-2.0, concurrent-1.0, distributedMap-1.0, jaxrs-2.1, jaxrsClient-2.1, jndi-1.0, json-1.0, jsonb-1.0, jsonp-1.1, jwt-1.0, microProfile-3.3, monitor-1.0, mpConfig-1.4, mpFaultTolerance-2.1, mpHealth-2.2, mpJwt-1.1, mpMetrics-2.3, mpOpenAPI-1.1, mpOpenTracing-1.3, mpRestClient-1.4, opentracing-1.3, servlet-4.0, ssl-1.0].
[AUDIT   ] CWWKF0011I: The defaultServer server is ready to run a smarter planet. The defaultServer server started in 16.313 seconds.
useFlightDataRelatedCaching : true
<exclusive-start id="873" timestamp="2020-10-28T04:49:48.250" intervalms="9315.185">
  <response-info timems="0.218" idlems="0.218" threads="0" lastid="000000000066B100" lastname="Default Executor-thread-1" />
</exclusive-start>
<af-start id="874" threadId="000000000066BA80" totalBytesRequested="24" timestamp="2020-10-28T04:49:48.250" intervalms="9315.253" type="nursery" />
<cycle-start id="875" type="scavenge" contextid="0" timestamp="2020-10-28T04:49:48.250" intervalms="9315.218" />
<gc-start id="876" type="scavenge" contextid="875" timestamp="2020-10-28T04:49:48.251">
  <mem-info id="877" free="7522856" total="84672512" percent="8">
    <mem type="nursery" free="0" total="49807360" percent="0">
      <mem type="allocate" free="0" total="39583744" percent="0" />
      <mem type="survivor" free="0" total="10223616" percent="0" />
    </mem>
    <mem type="tenure" free="7522856" total="34865152" percent="21">
      <mem type="soa" free="5778984" total="33121280" percent="17" />
      <mem type="loa" free="1743872" total="1743872" percent="100" />
    </mem>
    <remembered-set count="8921" />
  </mem-info>
</gc-start>
<allocation-stats totalBytes="35057248" >
  <allocated-bytes non-tlh="1392136" tlh="33665112" />
  <largest-consumer threadName="Default Executor-thread-1" threadId="000000000066B100" bytes="31406344" />
</allocation-stats>
<gc-op id="878" type="scavenge" timems="67.521" contextid="875" timestamp="2020-10-28T04:49:48.318">
  <scavenger-info tenureage="3" tenuremask="4008" tiltratio="79" />
  <memory-copied type="nursery" objects="84101" bytes="9212072" bytesdiscarded="98832" />
  <memory-copied type="tenure" objects="24027" bytes="1450424" bytesdiscarded="1312" />
  <finalization candidates="2200" enqueued="2125" />
  <ownableSynchronizers candidates="659" cleared="155" />
  <references type="soft" candidates="2679" cleared="0" enqueued="0" dynamicThreshold="9" maxThreshold="32" />
  <references type="weak" candidates="1670" cleared="441" enqueued="428" />
  <references type="phantom" candidates="1" cleared="0" enqueued="0" />
</gc-op>
<gc-end id="879" type="scavenge" contextid="875" durationms="68.668" usertimems="58.146" systemtimems="4.127" timestamp="2020-10-28T04:49:48.319" activeThreads="3">
  <mem-info id="880" free="32480640" total="84672512" percent="38">
    <mem type="nursery" free="26394232" total="49807360" percent="52">
      <mem type="allocate" free="26394232" total="35717120" percent="73" />
      <mem type="survivor" free="0" total="14090240" percent="0" />
    </mem>
    <mem type="tenure" free="6086408" total="34865152" percent="17" macro-fragmented="43296">
      <mem type="soa" free="4342536" total="33121280" percent="13" />
      <mem type="loa" free="1743872" total="1743872" percent="100" />
    </mem>
    <pending-finalizers system="2061" default="64" reference="428" classloader="0" />
    <remembered-set count="7089" />
  </mem-info>
</gc-end>
<cycle-end id="881" type="scavenge" contextid="875" timestamp="2020-10-28T04:49:48.320" />
<allocation-satisfied id="882" threadId="000000000066B100" bytesRequested="24" />
<af-end id="883" timestamp="2020-10-28T04:49:48.320" threadId="000000000066BA80" success="true" from="nursery"/>
<exclusive-end id="884" timestamp="2020-10-28T04:49:48.320" durationms="70.375" />

Oct 28, 2020 4:49:50 AM com.mongodb.diagnostics.logging.SLF4JLogger info
INFO: Cluster created with settings {hosts=[acmeair-flight-db:27017], mode=SINGLE, requiredClusterType=UNKNOWN, serverSelectionTimeout='30000 ms', maxWaitQueueSize=500}
<concurrent-kickoff id="885" timestamp="2020-10-28T04:49:50.945">
  <kickoff reason="threshold reached" targetBytes="13790885" thresholdFreeBytes="1904821"  remainingFree="1814112" tenureFreeBytes="6039136" nurseryFreeBytes="1814112" />
</concurrent-kickoff>
<exclusive-start id="886" timestamp="2020-10-28T04:49:50.946" intervalms="2696.563">
  <response-info timems="0.211" idlems="0.211" threads="0" lastid="000000000066B100" lastname="Default Executor-thread-1" />
</exclusive-start>
<cycle-start id="887" type="global" contextid="0" timestamp="2020-10-28T04:49:50.947" intervalms="13006.787" />
<exclusive-end id="888" timestamp="2020-10-28T04:49:50.947" durationms="0.522" />

<exclusive-start id="889" timestamp="2020-10-28T04:49:51.080" intervalms="133.598">
  <response-info timems="2.643" idlems="1.414" threads="1" lastid="00000000012F2100" lastname="cluster-ClusterId{value=&apos;5f98f86ee3a77b4e2fca7803&apos;, d" />
</exclusive-start>
<concurrent-collection-start id="890" timestamp="2020-10-28T04:49:51.080" intervalms="12963.384" >
  <concurrent-trace-info reason="card cleaning threshold reached" tracedByMutators="1134220" tracedByHelpers="13347712" cardsCleaned="36" workStackOverflowCount="0" />
</concurrent-collection-start>
<gc-start id="891" type="global" contextid="887" timestamp="2020-10-28T04:49:51.081">
  <mem-info id="892" free="6633560" total="84672512" percent="7">
    <mem type="nursery" free="596864" total="49807360" percent="1">
      <mem type="allocate" free="596864" total="35717120" percent="1" />
      <mem type="survivor" free="0" total="14090240" percent="0" />
    </mem>
    <mem type="tenure" free="6036696" total="34865152" percent="17">
      <mem type="soa" free="4292824" total="33121280" percent="12" />
      <mem type="loa" free="1743872" total="1743872" percent="100" />
    </mem>
    <remembered-set count="7796" />
  </mem-info>
</gc-start>
<allocation-stats totalBytes="25811048" >
  <allocated-bytes non-tlh="132392" tlh="25678656" />
  <largest-consumer threadName="Default Executor-thread-1" threadId="000000000066B100" bytes="25278232" />
</allocation-stats>
<gc-op id="893" type="rs-scan" timems="22.988" contextid="887" timestamp="2020-10-28T04:49:51.104">
  <scan objectsFound="6086" bytesTraced="4280124" workStackOverflowCount="0" />
</gc-op>
<gc-op id="894" type="card-cleaning" timems="1.157" contextid="887" timestamp="2020-10-28T04:49:51.105">
  <card-cleaning cardsCleaned="0" bytesTraced="60968" workStackOverflowCount="0" />
</gc-op>
<gc-op id="895" type="mark" timems="30.187" contextid="887" timestamp="2020-10-28T04:49:51.136">
  <trace-info objectcount="12870" scancount="10005" scanbytes="326588" />
  <finalization candidates="1534" enqueued="1214" />
  <ownableSynchronizers candidates="6062" cleared="42" />
  <references type="soft" candidates="9942" cleared="0" enqueued="0" dynamicThreshold="9" maxThreshold="32" />
  <references type="weak" candidates="13557" cleared="1217" enqueued="1212" />
  <references type="phantom" candidates="9" cleared="0" enqueued="0" />
  <stringconstants candidates="29012" cleared="68"  />
</gc-op>
<gc-op id="896" type="classunload" timems="0.061" contextid="887" timestamp="2020-10-28T04:49:51.136">
  <classunload-info classloadercandidates="298" classloadersunloaded="0" classesunloaded="0" anonymousclassesunloaded="0" quiescems="0.000" setupms="0.057" scanms="0.003" postms="0.001" />
</gc-op>
<gc-op id="897" type="sweep" timems="6.280" contextid="887" timestamp="2020-10-28T04:49:51.144" />
<heap-resize id="898" type="expand" space="tenure" amount="5308416" count="1" timems="0.076" reason="insufficient free space following gc" timestamp="2020-10-28T04:49:51.144" />
<gc-end id="899" type="global" contextid="887" durationms="62.937" usertimems="40.529" systemtimems="6.399" timestamp="2020-10-28T04:49:51.144" activeThreads="3">
  <mem-info id="900" free="41959192" total="89980928" percent="46">
    <mem type="nursery" free="29865312" total="49807360" percent="59">
      <mem type="allocate" free="29865312" total="35717120" percent="83" />
      <mem type="survivor" free="0" total="14090240" percent="0" />
    </mem>
    <mem type="tenure" free="12093880" total="40173568" percent="30" micro-fragmented="1004018" macro-fragmented="0">
      <mem type="soa" free="10084792" total="38164480" percent="26" />
      <mem type="loa" free="2009088" total="2009088" percent="100" />
    </mem>
    <pending-finalizers system="865" default="349" reference="1212" classloader="0" />
    <remembered-set count="7011" />
  </mem-info>
</gc-end>
<cycle-end id="901" type="global" contextid="887" timestamp="2020-10-28T04:49:51.145" />
<concurrent-collection-end id="902" timestamp="2020-10-28T04:49:51.145" />
<exclusive-end id="903" timestamp="2020-10-28T04:49:51.145" durationms="64.661" />

Oct 28, 2020 4:49:51 AM com.mongodb.diagnostics.logging.SLF4JLogger info
INFO: Cluster description not yet available. Waiting for 30000 ms before timing out
Oct 28, 2020 4:49:51 AM com.mongodb.diagnostics.logging.SLF4JLogger info
INFO: Opened connection [connectionId{localValue:1, serverValue:43}] to acmeair-flight-db:27017
Oct 28, 2020 4:49:51 AM com.mongodb.diagnostics.logging.SLF4JLogger info
INFO: Monitor thread successfully connected to server with description ServerDescription{address=acmeair-flight-db:27017, type=STANDALONE, state=CONNECTED, ok=true, version=ServerVersion{versionList=[4, 4, 1]}, minWireVersion=0, maxWireVersion=9, maxDocumentSize=16777216, logicalSessionTimeoutMinutes=30, roundTripTimeNanos=22904048}
Oct 28, 2020 4:49:51 AM com.acmeair.mongo.ConnectionManager initialize
INFO: #### Mongo DB Server acmeair-flight-db ####
Oct 28, 2020 4:49:51 AM com.acmeair.mongo.ConnectionManager initialize
INFO: #### Mongo DB Port 27017 ####
Oct 28, 2020 4:49:51 AM com.acmeair.mongo.ConnectionManager initialize
INFO: #### Mongo DB is created with DB name acmeair_flightdb ####
Oct 28, 2020 4:49:51 AM com.acmeair.mongo.ConnectionManager initialize
INFO: #### MongoClient Options ####
Oct 28, 2020 4:49:51 AM com.acmeair.mongo.ConnectionManager initialize
INFO: maxConnectionsPerHost : 100
Oct 28, 2020 4:49:51 AM com.acmeair.mongo.ConnectionManager initialize
INFO: minConnectionsPerHost : 0
Oct 28, 2020 4:49:51 AM com.acmeair.mongo.ConnectionManager initialize
INFO: maxWaitTime : 120000
Oct 28, 2020 4:49:51 AM com.acmeair.mongo.ConnectionManager initialize
INFO: connectTimeout : 10000
Oct 28, 2020 4:49:51 AM com.acmeair.mongo.ConnectionManager initialize
INFO: socketTimeout : 0
Oct 28, 2020 4:49:51 AM com.acmeair.mongo.ConnectionManager initialize
INFO: socketKeepAlive : true
Oct 28, 2020 4:49:51 AM com.acmeair.mongo.ConnectionManager initialize
INFO: sslEnabled : false
Oct 28, 2020 4:49:51 AM com.acmeair.mongo.ConnectionManager initialize
INFO: threadsAllowedToBlockForConnectionMultiplier : 5
Oct 28, 2020 4:49:51 AM com.acmeair.mongo.ConnectionManager initialize
INFO: Complete List : MongoClientOptions{description='null', applicationName='null', compressors='[]', readPreference=primary, writeConcern=WriteConcern{w=null, wTimeout=null ms, fsync=null, journal=null, retryWrites=false, readConcern=com.mongodb.ReadConcern@0, codecRegistry=org.bson.codecs.configuration.ProvidersCodecRegistry@faa52000, serverSelector=null, clusterListeners=[], commandListeners=[], minConnectionsPerHost=0, maxConnectionsPerHost=100, threadsAllowedToBlockForConnectionMultiplier=5, serverSelectionTimeout=30000, maxWaitTime=120000, maxConnectionIdleTime=0, maxConnectionLifeTime=0, connectTimeout=10000, socketTimeout=0, socketKeepAlive=true, sslEnabled=false, sslInvalidHostNamesAllowed=false, sslContext=null, alwaysUseMBeans=false, heartbeatFrequency=10000, minHeartbeatFrequency=500, heartbeatConnectTimeout=20000, heartbeatSocketTimeout=20000, localThreshold=15, requiredReplicaSetName='null', dbDecoderFactory=com.mongodb.DefaultDBDecoder$1@8eeeb0c7, dbEncoderFactory=com.mongodb.DefaultDBEncoder$1@578a9fc7, socketFactory=null, cursorFinalizerEnabled=true, connectionPoolSettings=ConnectionPoolSettings{maxSize=100, minSize=0, maxWaitQueueSize=500, maxWaitTimeMS=120000, maxConnectionLifeTimeMS=0, maxConnectionIdleTimeMS=0, maintenanceInitialDelayMS=0, maintenanceFrequencyMS=60000, connectionPoolListeners=[]}, socketSettings=SocketSettings{connectTimeoutMS=10000, readTimeoutMS=0, keepAlive=true, receiveBufferSize=0, sendBufferSize=0}, serverSettings=ServerSettings{heartbeatFrequencyMS=10000, minHeartbeatFrequencyMS=500, serverListeners='[]', serverMonitorListeners='[]'}, heartbeatSocketSettings=SocketSettings{connectTimeoutMS=20000, readTimeoutMS=20000, keepAlive=true, receiveBufferSize=0, sendBufferSize=0}}
Oct 28, 2020 4:49:52 AM com.mongodb.diagnostics.logging.SLF4JLogger info
INFO: Opened connection [connectionId{localValue:2, serverValue:46}] to acmeair-flight-db:27017
<exclusive-start id="904" timestamp="2020-10-28T04:50:13.068" intervalms="21988.094">
  <response-info timems="0.053" idlems="0.053" threads="0" lastid="00000000009CBC00" lastname="Default Executor-thread-6" />
</exclusive-start>
<af-start id="905" threadId="00000000009CC580" totalBytesRequested="88" timestamp="2020-10-28T04:50:13.069" intervalms="24818.584" type="nursery" />
<cycle-start id="906" type="scavenge" contextid="0" timestamp="2020-10-28T04:50:13.069" intervalms="24818.669" />
<gc-start id="907" type="scavenge" contextid="906" timestamp="2020-10-28T04:50:13.070">
  <mem-info id="908" free="11836280" total="89980928" percent="13">
    <mem type="nursery" free="0" total="49807360" percent="0">
      <mem type="allocate" free="0" total="35717120" percent="0" />
      <mem type="survivor" free="0" total="14090240" percent="0" />
    </mem>
    <mem type="tenure" free="11836280" total="40173568" percent="29">
      <mem type="soa" free="9827192" total="38164480" percent="25" />
      <mem type="loa" free="2009088" total="2009088" percent="100" />
    </mem>
    <remembered-set count="19107" />
  </mem-info>
</gc-start>
<allocation-stats totalBytes="29467872" >
  <allocated-bytes non-tlh="4851624" tlh="24616248" />
  <largest-consumer threadName="Default Executor-thread-1" threadId="000000000066B100" bytes="17865568" />
</allocation-stats>
<gc-op id="909" type="scavenge" timems="31.314" contextid="906" timestamp="2020-10-28T04:50:13.101">
  <scavenger-info tenureage="14" tenuremask="4000" tiltratio="71" />
  <memory-copied type="nursery" objects="113300" bytes="8233848" bytesdiscarded="144888" />
  <finalization candidates="1769" enqueued="1697" />
  <ownableSynchronizers candidates="12387" cleared="11769" />
  <references type="soft" candidates="3055" cleared="0" enqueued="0" dynamicThreshold="9" maxThreshold="32" />
  <references type="weak" candidates="2026" cleared="692" enqueued="690" />
  <references type="phantom" candidates="6" cleared="0" enqueued="0" />
</gc-op>
<gc-end id="910" type="scavenge" contextid="906" durationms="32.268" usertimems="50.019" systemtimems="0.000" timestamp="2020-10-28T04:50:13.102" activeThreads="3">
  <mem-info id="911" free="40016032" total="89980928" percent="44">
    <mem type="nursery" free="28179752" total="49807360" percent="56">
      <mem type="allocate" free="28179752" total="36569088" percent="77" />
      <mem type="survivor" free="0" total="13238272" percent="0" />
    </mem>
    <mem type="tenure" free="11836280" total="40173568" percent="29" macro-fragmented="0">
      <mem type="soa" free="9827192" total="38164480" percent="25" />
      <mem type="loa" free="2009088" total="2009088" percent="100" />
    </mem>
    <pending-finalizers system="1539" default="158" reference="690" classloader="0" />
    <remembered-set count="17468" />
  </mem-info>
</gc-end>
<cycle-end id="912" type="scavenge" contextid="906" timestamp="2020-10-28T04:50:13.103" />
<allocation-satisfied id="913" threadId="00000000009CBC00" bytesRequested="88" />
<af-end id="914" timestamp="2020-10-28T04:50:13.103" threadId="00000000009CC580" success="true" from="nursery"/>
<exclusive-end id="915" timestamp="2020-10-28T04:50:13.103" durationms="34.778" />

<exclusive-start id="916" timestamp="2020-10-28T04:53:15.727" intervalms="182658.886">
  <response-info timems="1.022" idlems="0.560" threads="1" lastid="000000000001D300" lastname="JIT Compilation Thread-001" />
</exclusive-start>
<af-start id="917" threadId="0000000000718980" totalBytesRequested="72" timestamp="2020-10-28T04:53:15.728" intervalms="182659.448" type="nursery" />
<cycle-start id="918" type="scavenge" contextid="0" timestamp="2020-10-28T04:53:15.728" intervalms="182659.498" />
<gc-start id="919" type="scavenge" contextid="918" timestamp="2020-10-28T04:53:15.730">
  <mem-info id="920" free="11821832" total="89980928" percent="13">
    <mem type="nursery" free="0" total="49807360" percent="0">
      <mem type="allocate" free="0" total="36569088" percent="0" />
      <mem type="survivor" free="0" total="13238272" percent="0" />
    </mem>
    <mem type="tenure" free="11821832" total="40173568" percent="29">
      <mem type="soa" free="9812744" total="38164480" percent="25" />
      <mem type="loa" free="2009088" total="2009088" percent="100" />
    </mem>
    <remembered-set count="18037" />
  </mem-info>
</gc-start>
<allocation-stats totalBytes="28179304" >
  <allocated-bytes non-tlh="14536" tlh="28164768" />
  <largest-consumer threadName="Default Executor-thread-3" threadId="0000000000718000" bytes="7541048" />
</allocation-stats>
<gc-op id="921" type="scavenge" timems="54.557" contextid="918" timestamp="2020-10-28T04:53:15.785">
  <scavenger-info tenureage="3" tenuremask="4208" tiltratio="73" />
  <memory-copied type="nursery" objects="73471" bytes="2940584" bytesdiscarded="165144" />
  <memory-copied type="tenure" objects="35832" bytes="1689792" bytesdiscarded="6808" />
  <finalization candidates="183" enqueued="90" />
  <ownableSynchronizers candidates="3535" cleared="2936" />
  <references type="soft" candidates="1317" cleared="0" enqueued="0" dynamicThreshold="9" maxThreshold="32" />
  <references type="weak" candidates="1417" cleared="139" enqueued="102" />
  <references type="phantom" candidates="16" cleared="5" enqueued="5" />
</gc-op>
<gc-end id="922" type="scavenge" contextid="918" durationms="55.512" usertimems="62.340" systemtimems="4.382" timestamp="2020-10-28T04:53:15.786" activeThreads="3">
  <mem-info id="923" free="44242864" total="89980928" percent="49">
    <mem type="nursery" free="34309848" total="49807360" percent="68">
      <mem type="allocate" free="34309848" total="37421056" percent="91" />
      <mem type="survivor" free="0" total="12386304" percent="0" />
    </mem>
    <mem type="tenure" free="9933016" total="40173568" percent="24" macro-fragmented="3732887">
      <mem type="soa" free="7923928" total="38164480" percent="20" />
      <mem type="loa" free="2009088" total="2009088" percent="100" />
    </mem>
    <pending-finalizers system="90" default="0" reference="107" classloader="0" />
    <remembered-set count="18971" />
  </mem-info>
</gc-end>
<cycle-end id="924" type="scavenge" contextid="918" timestamp="2020-10-28T04:53:15.821" />
<allocation-satisfied id="925" threadId="0000000000718000" bytesRequested="72" />
<af-end id="926" timestamp="2020-10-28T04:53:15.822" threadId="0000000000718980" success="true" from="nursery"/>
<exclusive-end id="927" timestamp="2020-10-28T04:53:15.822" durationms="94.802" />

